Blender 4.3.2
Read blend: "/workspace/CVPR_3D/trellis2_downstream_assets_20261009/artifacts/raw_inspection/A_v2/native_import.blend"
Fra:1 Mem:46.08M (Peak 46.08M) | Time:00:00.00 | Mem:0.00M, Peak:0.00M | Scene, ViewLayer | Synchronizing object | Generated exterior - fixed
Fra:1 Mem:46.08M (Peak 46.08M) | Time:00:00.00 | Mem:0.00M, Peak:0.00M | Scene, ViewLayer | Synchronizing object | Generated front door - native UV PBR
Fra:1 Mem:86.16M (Peak 92.56M) | Time:00:00.07 | Mem:0.00M, Peak:0.00M | Scene, ViewLayer | Initializing
Fra:1 Mem:86.15M (Peak 92.56M) | Time:00:00.07 | Mem:0.00M, Peak:0.00M | Scene, ViewLayer | Updating Images | Loading Image_0
Fra:1 Mem:86.15M (Peak 92.56M) | Time:00:00.07 | Mem:0.00M, Peak:0.00M | Scene, ViewLayer | Updating Images | Loading Image_1
Fra:1 Mem:117.90M (Peak 150.17M) | Time:00:00.14 | Mem:32.00M, Peak:32.00M | Scene, ViewLayer | Waiting for render to start
Fra:1 Mem:117.90M (Peak 150.17M) | Time:00:00.14 | Mem:32.00M, Peak:32.00M | Scene, ViewLayer | Loading render kernels (may take a few minutes the first time)
Fra:1 Mem:117.90M (Peak 150.17M) | Time:00:00.14 | Mem:32.00M, Peak:32.00M | Scene, ViewLayer | Updating Scene
Fra:1 Mem:117.90M (Peak 150.17M) | Time:00:00.14 | Mem:32.00M, Peak:32.00M | Scene, ViewLayer | Updating Shaders
Fra:1 Mem:117.98M (Peak 150.17M) | Time:00:00.14 | Mem:32.00M, Peak:32.00M | Scene, ViewLayer | Updating Procedurals
Fra:1 Mem:117.98M (Peak 150.17M) | Time:00:00.14 | Mem:32.00M, Peak:32.00M | Scene, ViewLayer | Updating Background
Fra:1 Mem:117.98M (Peak 150.17M) | Time:00:00.14 | Mem:32.00M, Peak:32.00M | Scene, ViewLayer | Updating Camera
Fra:1 Mem:117.98M (Peak 150.17M) | Time:00:00.14 | Mem:32.00M, Peak:32.00M | Scene, ViewLayer | Updating Meshes Flags
Fra:1 Mem:117.98M (Peak 150.17M) | Time:00:00.14 | Mem:32.00M, Peak:32.00M | Scene, ViewLayer | Updating Objects
Fra:1 Mem:117.98M (Peak 150.17M) | Time:00:00.14 | Mem:32.00M, Peak:32.00M | Scene, ViewLayer | Updating Objects | Copying Transformations to device
Fra:1 Mem:117.98M (Peak 150.17M) | Time:00:00.14 | Mem:32.00M, Peak:32.00M | Scene, ViewLayer | Updating Objects | Applying Static Transformations
Fra:1 Mem:117.98M (Peak 150.17M) | Time:00:00.14 | Mem:32.00M, Peak:32.00M | Scene, ViewLayer | Updating Particle Systems
Fra:1 Mem:117.98M (Peak 150.17M) | Time:00:00.14 | Mem:32.00M, Peak:32.00M | Scene, ViewLayer | Updating Particle Systems | Copying Particles to device
Fra:1 Mem:117.98M (Peak 150.17M) | Time:00:00.14 | Mem:32.00M, Peak:32.00M | Scene, ViewLayer | Updating Meshes
Fra:1 Mem:122.47M (Peak 150.17M) | Time:00:00.16 | Mem:32.00M, Peak:32.00M | Scene, ViewLayer | Updating Mesh | Computing attributes
Fra:1 Mem:131.36M (Peak 150.17M) | Time:00:00.17 | Mem:32.00M, Peak:32.00M | Scene, ViewLayer | Updating Mesh | Copying Attributes to device
Fra:1 Mem:131.36M (Peak 150.17M) | Time:00:00.17 | Mem:40.89M, Peak:40.89M | Scene, ViewLayer | Updating Scene BVH | Building
Fra:1 Mem:131.36M (Peak 150.17M) | Time:00:00.17 | Mem:40.89M, Peak:40.89M | Scene, ViewLayer | Updating Scene BVH | Building BVH
Fra:1 Mem:131.36M (Peak 150.17M) | Time:00:00.17 | Mem:49.88M, Peak:49.88M | Scene, ViewLayer | Updating Scene BVH | Building BVH 0%
Fra:1 Mem:131.36M (Peak 150.17M) | Time:00:00.23 | Mem:59.65M, Peak:68.64M | Scene, ViewLayer | Updating Scene BVH | Copying BVH to device
Fra:1 Mem:131.36M (Peak 150.17M) | Time:00:00.23 | Mem:59.65M, Peak:68.64M | Scene, ViewLayer | Updating Mesh | Computing normals
Fra:1 Mem:142.71M (Peak 150.17M) | Time:00:00.25 | Mem:59.65M, Peak:68.64M | Scene, ViewLayer | Updating Mesh | Copying Mesh to device
Fra:1 Mem:142.71M (Peak 150.17M) | Time:00:00.25 | Mem:71.00M, Peak:71.00M | Scene, ViewLayer | Updating Objects Flags
Fra:1 Mem:142.71M (Peak 150.17M) | Time:00:00.25 | Mem:71.00M, Peak:71.00M | Scene, ViewLayer | Updating Primitive Offsets
Fra:1 Mem:142.71M (Peak 150.17M) | Time:00:00.25 | Mem:71.00M, Peak:71.00M | Scene, ViewLayer | Updating Images
Fra:1 Mem:142.71M (Peak 150.17M) | Time:00:00.25 | Mem:71.00M, Peak:71.00M | Scene, ViewLayer | Updating Camera Volume
Fra:1 Mem:142.71M (Peak 150.17M) | Time:00:00.25 | Mem:71.00M, Peak:71.00M | Scene, ViewLayer | Updating Lookup Tables
Fra:1 Mem:142.71M (Peak 150.17M) | Time:00:00.25 | Mem:71.09M, Peak:71.09M | Scene, ViewLayer | Updating Lights
Fra:1 Mem:142.71M (Peak 150.17M) | Time:00:00.25 | Mem:71.09M, Peak:71.09M | Scene, ViewLayer | Updating Lights | Computing tree
Fra:1 Mem:142.71M (Peak 150.17M) | Time:00:00.25 | Mem:71.09M, Peak:71.09M | Scene, ViewLayer | Updating Integrator
Fra:1 Mem:142.71M (Peak 150.17M) | Time:00:00.25 | Mem:71.09M, Peak:71.09M | Scene, ViewLayer | Updating Film
Fra:1 Mem:142.72M (Peak 150.17M) | Time:00:00.25 | Mem:71.01M, Peak:71.09M | Scene, ViewLayer | Updating Lookup Tables
Fra:1 Mem:142.72M (Peak 150.17M) | Time:00:00.25 | Mem:71.09M, Peak:71.09M | Scene, ViewLayer | Updating Baking
Fra:1 Mem:142.72M (Peak 150.17M) | Time:00:00.25 | Mem:71.09M, Peak:71.09M | Scene, ViewLayer | Updating Device | Writing constant memory
Fra:1 Mem:142.72M (Peak 150.17M) | Time:00:00.25 | Mem:71.09M, Peak:71.09M | Scene, ViewLayer | Sample 0/32
Fra:1 Mem:190.19M (Peak 190.19M) | Time:00:00.67 | Remaining:00:13.18 | Mem:118.56M, Peak:118.56M | Scene, ViewLayer | Sample 1/32
Fra:1 Mem:211.29M (Peak 253.48M) | Time:00:13.61 | Mem:118.56M, Peak:118.56M | Scene, ViewLayer | Sample 32/32
Fra:1 Mem:211.29M (Peak 253.48M) | Time:00:13.61 | Mem:118.56M, Peak:118.56M | Scene, ViewLayer | Finished
Saved: '/workspace/CVPR_3D/trellis2_downstream_assets_20261009/artifacts/authoring_A_v1/partition_only_closed.png'
Time: 00:13.92 (Saving: 00:00.30)

Fra:1 Mem:65.99M (Peak 65.99M) | Time:00:00.00 | Mem:0.00M, Peak:0.00M | Scene, ViewLayer | Synchronizing object | Generated exterior - fixed
Fra:1 Mem:65.99M (Peak 65.99M) | Time:00:00.00 | Mem:0.00M, Peak:0.00M | Scene, ViewLayer | Synchronizing object | Generated front door - native UV PBR
Fra:1 Mem:86.11M (Peak 92.50M) | Time:00:00.02 | Mem:0.00M, Peak:0.00M | Scene, ViewLayer | Initializing
Fra:1 Mem:86.09M (Peak 92.50M) | Time:00:00.02 | Mem:0.00M, Peak:0.00M | Scene, ViewLayer | Updating Images | Loading Image_0
Fra:1 Mem:86.09M (Peak 92.50M) | Time:00:00.02 | Mem:0.00M, Peak:0.00M | Scene, ViewLayer | Updating Images | Loading Image_1
Fra:1 Mem:117.84M (Peak 150.12M) | Time:00:00.09 | Mem:32.00M, Peak:32.00M | Scene, ViewLayer | Waiting for render to start
Fra:1 Mem:117.84M (Peak 150.12M) | Time:00:00.09 | Mem:32.00M, Peak:32.00M | Scene, ViewLayer | Loading render kernels (may take a few minutes the first time)
Fra:1 Mem:117.84M (Peak 150.12M) | Time:00:00.09 | Mem:32.00M, Peak:32.00M | Scene, ViewLayer | Updating Scene
Fra:1 Mem:117.84M (Peak 150.12M) | Time:00:00.09 | Mem:32.00M, Peak:32.00M | Scene, ViewLayer | Updating Shaders
Fra:1 Mem:117.92M (Peak 150.12M) | Time:00:00.09 | Mem:32.00M, Peak:32.00M | Scene, ViewLayer | Updating Procedurals
Fra:1 Mem:117.92M (Peak 150.12M) | Time:00:00.09 | Mem:32.00M, Peak:32.00M | Scene, ViewLayer | Updating Background
Fra:1 Mem:117.92M (Peak 150.12M) | Time:00:00.09 | Mem:32.00M, Peak:32.00M | Scene, ViewLayer | Updating Camera
Fra:1 Mem:117.92M (Peak 150.12M) | Time:00:00.09 | Mem:32.00M, Peak:32.00M | Scene, ViewLayer | Updating Meshes Flags
Fra:1 Mem:117.92M (Peak 150.12M) | Time:00:00.09 | Mem:32.00M, Peak:32.00M | Scene, ViewLayer | Updating Objects
Fra:1 Mem:117.92M (Peak 150.12M) | Time:00:00.09 | Mem:32.00M, Peak:32.00M | Scene, ViewLayer | Updating Objects | Copying Transformations to device
Fra:1 Mem:117.92M (Peak 150.12M) | Time:00:00.09 | Mem:32.00M, Peak:32.00M | Scene, ViewLayer | Updating Objects | Applying Static Transformations
Fra:1 Mem:117.92M (Peak 150.12M) | Time:00:00.09 | Mem:32.00M, Peak:32.00M | Scene, ViewLayer | Updating Particle Systems
Fra:1 Mem:117.92M (Peak 150.12M) | Time:00:00.09 | Mem:32.00M, Peak:32.00M | Scene, ViewLayer | Updating Particle Systems | Copying Particles to device
Fra:1 Mem:117.92M (Peak 150.12M) | Time:00:00.09 | Mem:32.00M, Peak:32.00M | Scene, ViewLayer | Updating Meshes
Fra:1 Mem:122.41M (Peak 150.12M) | Time:00:00.10 | Mem:32.00M, Peak:32.00M | Scene, ViewLayer | Updating Mesh | Computing attributes
Fra:1 Mem:131.30M (Peak 150.12M) | Time:00:00.10 | Mem:32.00M, Peak:32.00M | Scene, ViewLayer | Updating Mesh | Copying Attributes to device
Fra:1 Mem:131.30M (Peak 150.12M) | Time:00:00.10 | Mem:40.89M, Peak:40.89M | Scene, ViewLayer | Updating Scene BVH | Building
Fra:1 Mem:131.30M (Peak 150.12M) | Time:00:00.10 | Mem:40.89M, Peak:40.89M | Scene, ViewLayer | Updating Scene BVH | Building BVH
Fra:1 Mem:131.30M (Peak 150.12M) | Time:00:00.10 | Mem:49.88M, Peak:49.88M | Scene, ViewLayer | Updating Scene BVH | Building BVH 0%
Fra:1 Mem:131.30M (Peak 150.12M) | Time:00:00.14 | Mem:59.65M, Peak:68.64M | Scene, ViewLayer | Updating Scene BVH | Copying BVH to device
Fra:1 Mem:131.30M (Peak 150.12M) | Time:00:00.14 | Mem:59.65M, Peak:68.64M | Scene, ViewLayer | Updating Mesh | Computing normals
Fra:1 Mem:142.65M (Peak 150.12M) | Time:00:00.14 | Mem:59.65M, Peak:68.64M | Scene, ViewLayer | Updating Mesh | Copying Mesh to device
Fra:1 Mem:142.65M (Peak 150.12M) | Time:00:00.14 | Mem:71.00M, Peak:71.00M | Scene, ViewLayer | Updating Objects Flags
Fra:1 Mem:142.65M (Peak 150.12M) | Time:00:00.14 | Mem:71.00M, Peak:71.00M | Scene, ViewLayer | Updating Primitive Offsets
Fra:1 Mem:142.65M (Peak 150.12M) | Time:00:00.14 | Mem:71.00M, Peak:71.00M | Scene, ViewLayer | Updating Images
Fra:1 Mem:142.65M (Peak 150.12M) | Time:00:00.14 | Mem:71.00M, Peak:71.00M | Scene, ViewLayer | Updating Camera Volume
Fra:1 Mem:142.65M (Peak 150.12M) | Time:00:00.14 | Mem:71.00M, Peak:71.00M | Scene, ViewLayer | Updating Lookup Tables
Fra:1 Mem:142.65M (Peak 150.12M) | Time:00:00.14 | Mem:71.09M, Peak:71.09M | Scene, ViewLayer | Updating Lights
Fra:1 Mem:142.65M (Peak 150.12M) | Time:00:00.14 | Mem:71.09M, Peak:71.09M | Scene, ViewLayer | Updating Lights | Computing tree
Fra:1 Mem:142.65M (Peak 150.12M) | Time:00:00.14 | Mem:71.09M, Peak:71.09M | Scene, ViewLayer | Updating Integrator
Fra:1 Mem:142.65M (Peak 150.12M) | Time:00:00.14 | Mem:71.09M, Peak:71.09M | Scene, ViewLayer | Updating Film
Fra:1 Mem:142.66M (Peak 150.12M) | Time:00:00.14 | Mem:71.01M, Peak:71.09M | Scene, ViewLayer | Updating Lookup Tables
Fra:1 Mem:142.66M (Peak 150.12M) | Time:00:00.14 | Mem:71.09M, Peak:71.09M | Scene, ViewLayer | Updating Baking
Fra:1 Mem:142.66M (Peak 150.12M) | Time:00:00.14 | Mem:71.09M, Peak:71.09M | Scene, ViewLayer | Updating Device | Writing constant memory
Fra:1 Mem:142.66M (Peak 150.12M) | Time:00:00.14 | Mem:71.09M, Peak:71.09M | Scene, ViewLayer | Sample 0/32
Fra:1 Mem:190.13M (Peak 190.13M) | Time:00:00.63 | Remaining:00:15.06 | Mem:118.56M, Peak:118.56M | Scene, ViewLayer | Sample 1/32
Fra:1 Mem:211.23M (Peak 253.42M) | Time:00:14.49 | Mem:118.56M, Peak:118.56M | Scene, ViewLayer | Sample 32/32
Fra:1 Mem:211.23M (Peak 253.42M) | Time:00:14.49 | Mem:118.56M, Peak:118.56M | Scene, ViewLayer | Finished
Saved: '/workspace/CVPR_3D/trellis2_downstream_assets_20261009/artifacts/authoring_A_v1/partition_only_open60.png'
Time: 00:14.66 (Saving: 00:00.16)

Fra:1 Mem:69.12M (Peak 69.12M) | Time:00:00.00 | Mem:0.00M, Peak:0.00M | Scene, ViewLayer | Synchronizing object | Generated exterior - fixed
Fra:1 Mem:69.12M (Peak 69.12M) | Time:00:00.00 | Mem:0.00M, Peak:0.00M | Scene, ViewLayer | Synchronizing object | Generated front door - native UV PBR
Fra:1 Mem:69.59M (Peak 69.59M) | Time:00:00.00 | Mem:0.00M, Peak:0.00M | Scene, ViewLayer | Synchronizing object | ADDED plausible dashboard
Fra:1 Mem:69.99M (Peak 69.99M) | Time:00:00.00 | Mem:0.00M, Peak:0.00M | Scene, ViewLayer | Synchronizing object | ADDED plausible seat back
Fra:1 Mem:70.17M (Peak 70.17M) | Time:00:00.00 | Mem:0.00M, Peak:0.00M | Scene, ViewLayer | Synchronizing object | ADDED plausible seat cushion
Fra:1 Mem:70.18M (Peak 70.18M) | Time:00:00.00 | Mem:0.00M, Peak:0.00M | Scene, ViewLayer | Synchronizing object | ADDED plausible cabin floor
Fra:1 Mem:70.20M (Peak 70.20M) | Time:00:00.00 | Mem:0.00M, Peak:0.00M | Scene, ViewLayer | Synchronizing object | ADDED fixed aperture jamb
Fra:1 Mem:71.17M (Peak 71.17M) | Time:00:00.00 | Mem:0.00M, Peak:0.00M | Scene, ViewLayer | Synchronizing object | ADDED door edge thickness
Fra:1 Mem:78.60M (Peak 78.60M) | Time:00:00.00 | Mem:0.00M, Peak:0.00M | Scene, ViewLayer | Synchronizing object | ADDED door inner lining
Fra:1 Mem:91.89M (Peak 98.28M) | Time:00:00.02 | Mem:0.00M, Peak:0.00M | Scene, ViewLayer | Initializing
Fra:1 Mem:91.85M (Peak 98.28M) | Time:00:00.02 | Mem:0.00M, Peak:0.00M | Scene, ViewLayer | Updating Images | Loading Image_0
Fra:1 Mem:91.85M (Peak 98.28M) | Time:00:00.02 | Mem:0.00M, Peak:0.00M | Scene, ViewLayer | Updating Images | Loading Image_1
Fra:1 Mem:123.27M (Peak 155.87M) | Time:00:00.08 | Mem:32.00M, Peak:32.00M | Scene, ViewLayer | Waiting for render to start
Fra:1 Mem:123.27M (Peak 155.87M) | Time:00:00.08 | Mem:32.00M, Peak:32.00M | Scene, ViewLayer | Loading render kernels (may take a few minutes the first time)
Fra:1 Mem:123.27M (Peak 155.87M) | Time:00:00.08 | Mem:32.00M, Peak:32.00M | Scene, ViewLayer | Updating Scene
Fra:1 Mem:123.27M (Peak 155.87M) | Time:00:00.08 | Mem:32.00M, Peak:32.00M | Scene, ViewLayer | Updating Shaders
Fra:1 Mem:123.36M (Peak 155.87M) | Time:00:00.08 | Mem:32.00M, Peak:32.00M | Scene, ViewLayer | Updating Procedurals
Fra:1 Mem:123.36M (Peak 155.87M) | Time:00:00.08 | Mem:32.00M, Peak:32.00M | Scene, ViewLayer | Updating Background
Fra:1 Mem:123.36M (Peak 155.87M) | Time:00:00.08 | Mem:32.00M, Peak:32.00M | Scene, ViewLayer | Updating Camera
Fra:1 Mem:123.36M (Peak 155.87M) | Time:00:00.08 | Mem:32.00M, Peak:32.00M | Scene, ViewLayer | Updating Meshes Flags
Fra:1 Mem:123.36M (Peak 155.87M) | Time:00:00.08 | Mem:32.00M, Peak:32.00M | Scene, ViewLayer | Updating Objects
Fra:1 Mem:123.36M (Peak 155.87M) | Time:00:00.08 | Mem:32.00M, Peak:32.00M | Scene, ViewLayer | Updating Objects | Copying Transformations to device
Fra:1 Mem:123.36M (Peak 155.87M) | Time:00:00.08 | Mem:32.01M, Peak:32.01M | Scene, ViewLayer | Updating Objects | Applying Static Transformations
Fra:1 Mem:123.36M (Peak 155.87M) | Time:00:00.08 | Mem:32.01M, Peak:32.01M | Scene, ViewLayer | Updating Particle Systems
Fra:1 Mem:123.36M (Peak 155.87M) | Time:00:00.08 | Mem:32.01M, Peak:32.01M | Scene, ViewLayer | Updating Particle Systems | Copying Particles to device
Fra:1 Mem:123.36M (Peak 155.87M) | Time:00:00.08 | Mem:32.01M, Peak:32.01M | Scene, ViewLayer | Updating Meshes
Fra:1 Mem:128.18M (Peak 155.87M) | Time:00:00.09 | Mem:32.01M, Peak:32.01M | Scene, ViewLayer | Updating Mesh | Computing attributes
Fra:1 Mem:137.33M (Peak 155.87M) | Time:00:00.09 | Mem:32.01M, Peak:32.01M | Scene, ViewLayer | Updating Mesh | Copying Attributes to device
Fra:1 Mem:137.33M (Peak 155.87M) | Time:00:00.09 | Mem:41.15M, Peak:41.15M | Scene, ViewLayer | Updating Scene BVH | Building
Fra:1 Mem:137.33M (Peak 155.87M) | Time:00:00.09 | Mem:41.15M, Peak:41.15M | Scene, ViewLayer | Updating Scene BVH | Building BVH
Fra:1 Mem:137.33M (Peak 155.87M) | Time:00:00.09 | Mem:50.79M, Peak:50.79M | Scene, ViewLayer | Updating Scene BVH | Building BVH 0%
Fra:1 Mem:137.33M (Peak 155.87M) | Time:00:00.14 | Mem:61.28M, Peak:70.92M | Scene, ViewLayer | Updating Scene BVH | Copying BVH to device
Fra:1 Mem:137.33M (Peak 155.87M) | Time:00:00.14 | Mem:61.28M, Peak:70.92M | Scene, ViewLayer | Updating Mesh | Computing normals
Fra:1 Mem:149.77M (Peak 155.87M) | Time:00:00.14 | Mem:61.28M, Peak:70.92M | Scene, ViewLayer | Updating Mesh | Copying Mesh to device
Fra:1 Mem:149.77M (Peak 155.87M) | Time:00:00.14 | Mem:73.72M, Peak:73.72M | Scene, ViewLayer | Updating Objects Flags
Fra:1 Mem:149.77M (Peak 155.87M) | Time:00:00.14 | Mem:73.72M, Peak:73.72M | Scene, ViewLayer | Updating Primitive Offsets
Fra:1 Mem:149.77M (Peak 155.87M) | Time:00:00.14 | Mem:73.72M, Peak:73.72M | Scene, ViewLayer | Updating Images
Fra:1 Mem:149.77M (Peak 155.87M) | Time:00:00.14 | Mem:73.72M, Peak:73.72M | Scene, ViewLayer | Updating Camera Volume
Fra:1 Mem:149.77M (Peak 155.87M) | Time:00:00.14 | Mem:73.72M, Peak:73.72M | Scene, ViewLayer | Updating Lookup Tables
Fra:1 Mem:149.77M (Peak 155.87M) | Time:00:00.14 | Mem:73.81M, Peak:73.81M | Scene, ViewLayer | Updating Lights
Fra:1 Mem:149.77M (Peak 155.87M) | Time:00:00.14 | Mem:73.81M, Peak:73.81M | Scene, ViewLayer | Updating Lights | Computing tree
Fra:1 Mem:149.77M (Peak 155.87M) | Time:00:00.14 | Mem:73.81M, Peak:73.81M | Scene, ViewLayer | Updating Integrator
Fra:1 Mem:149.77M (Peak 155.87M) | Time:00:00.14 | Mem:73.81M, Peak:73.81M | Scene, ViewLayer | Updating Film
Fra:1 Mem:149.78M (Peak 155.87M) | Time:00:00.14 | Mem:73.73M, Peak:73.81M | Scene, ViewLayer | Updating Lookup Tables
Fra:1 Mem:149.78M (Peak 155.87M) | Time:00:00.14 | Mem:73.81M, Peak:73.81M | Scene, ViewLayer | Updating Baking
Fra:1 Mem:149.78M (Peak 155.87M) | Time:00:00.14 | Mem:73.81M, Peak:73.81M | Scene, ViewLayer | Updating Device | Writing constant memory
Fra:1 Mem:149.78M (Peak 155.87M) | Time:00:00.14 | Mem:73.81M, Peak:73.81M | Scene, ViewLayer | Sample 0/32
Fra:1 Mem:197.25M (Peak 197.25M) | Time:00:00.60 | Remaining:00:14.20 | Mem:121.28M, Peak:121.28M | Scene, ViewLayer | Sample 1/32
Fra:1 Mem:218.35M (Peak 260.54M) | Time:00:13.49 | Mem:121.28M, Peak:121.28M | Scene, ViewLayer | Sample 32/32
Fra:1 Mem:218.35M (Peak 260.54M) | Time:00:13.49 | Mem:121.28M, Peak:121.28M | Scene, ViewLayer | Finished
Saved: '/workspace/CVPR_3D/trellis2_downstream_assets_20261009/artifacts/authoring_A_v1/hero_00.png'
Time: 00:13.66 (Saving: 00:00.16)

Fra:1 Mem:70.39M (Peak 70.39M) | Time:00:00.00 | Mem:0.00M, Peak:0.00M | Scene, ViewLayer | Synchronizing object | Generated exterior - fixed
Fra:1 Mem:70.40M (Peak 70.40M) | Time:00:00.00 | Mem:0.00M, Peak:0.00M | Scene, ViewLayer | Synchronizing object | ADDED plausible dashboard
Fra:1 Mem:70.87M (Peak 70.87M) | Time:00:00.00 | Mem:0.00M, Peak:0.00M | Scene, ViewLayer | Synchronizing object | ADDED plausible seat back
Fra:1 Mem:70.88M (Peak 70.88M) | Time:00:00.00 | Mem:0.00M, Peak:0.00M | Scene, ViewLayer | Synchronizing object | ADDED plausible seat cushion
Fra:1 Mem:70.88M (Peak 70.88M) | Time:00:00.00 | Mem:0.00M, Peak:0.00M | Scene, ViewLayer | Synchronizing object | ADDED plausible cabin floor
Fra:1 Mem:70.89M (Peak 70.89M) | Time:00:00.00 | Mem:0.00M, Peak:0.00M | Scene, ViewLayer | Synchronizing object | ADDED fixed aperture jamb
Fra:1 Mem:71.75M (Peak 71.75M) | Time:00:00.00 | Mem:0.00M, Peak:0.00M | Scene, ViewLayer | Synchronizing object | ADDED door edge thickness
Fra:1 Mem:72.21M (Peak 72.21M) | Time:00:00.00 | Mem:0.00M, Peak:0.00M | Scene, ViewLayer | Synchronizing object | ADDED door inner lining
Fra:1 Mem:91.89M (Peak 98.28M) | Time:00:00.02 | Mem:0.00M, Peak:0.00M | Scene, ViewLayer | Initializing
Fra:1 Mem:91.85M (Peak 98.28M) | Time:00:00.02 | Mem:0.00M, Peak:0.00M | Scene, ViewLayer | Updating Images | Loading Image_0
Fra:1 Mem:91.85M (Peak 98.28M) | Time:00:00.02 | Mem:0.00M, Peak:0.00M | Scene, ViewLayer | Updating Images | Loading Image_1
Fra:1 Mem:123.27M (Peak 155.87M) | Time:00:00.10 | Mem:32.00M, Peak:32.00M | Scene, ViewLayer | Waiting for render to start
Fra:1 Mem:123.27M (Peak 155.87M) | Time:00:00.10 | Mem:32.00M, Peak:32.00M | Scene, ViewLayer | Loading render kernels (may take a few minutes the first time)
Fra:1 Mem:123.27M (Peak 155.87M) | Time:00:00.10 | Mem:32.00M, Peak:32.00M | Scene, ViewLayer | Updating Scene
Fra:1 Mem:123.27M (Peak 155.87M) | Time:00:00.10 | Mem:32.00M, Peak:32.00M | Scene, ViewLayer | Updating Shaders
Fra:1 Mem:123.36M (Peak 155.87M) | Time:00:00.10 | Mem:32.00M, Peak:32.00M | Scene, ViewLayer | Updating Procedurals
Fra:1 Mem:123.36M (Peak 155.87M) | Time:00:00.10 | Mem:32.00M, Peak:32.00M | Scene, ViewLayer | Updating Background
Fra:1 Mem:123.36M (Peak 155.87M) | Time:00:00.10 | Mem:32.00M, Peak:32.00M | Scene, ViewLayer | Updating Camera
Fra:1 Mem:123.36M (Peak 155.87M) | Time:00:00.10 | Mem:32.00M, Peak:32.00M | Scene, ViewLayer | Updating Meshes Flags
Fra:1 Mem:123.36M (Peak 155.87M) | Time:00:00.10 | Mem:32.00M, Peak:32.00M | Scene, ViewLayer | Updating Objects
Fra:1 Mem:123.36M (Peak 155.87M) | Time:00:00.10 | Mem:32.00M, Peak:32.00M | Scene, ViewLayer | Updating Objects | Copying Transformations to device
Fra:1 Mem:123.36M (Peak 155.87M) | Time:00:00.10 | Mem:32.01M, Peak:32.01M | Scene, ViewLayer | Updating Objects | Applying Static Transformations
Fra:1 Mem:123.36M (Peak 155.87M) | Time:00:00.10 | Mem:32.01M, Peak:32.01M | Scene, ViewLayer | Updating Particle Systems
Fra:1 Mem:123.36M (Peak 155.87M) | Time:00:00.10 | Mem:32.01M, Peak:32.01M | Scene, ViewLayer | Updating Particle Systems | Copying Particles to device
Fra:1 Mem:123.36M (Peak 155.87M) | Time:00:00.10 | Mem:32.01M, Peak:32.01M | Scene, ViewLayer | Updating Meshes
Fra:1 Mem:128.18M (Peak 155.87M) | Time:00:00.11 | Mem:32.01M, Peak:32.01M | Scene, ViewLayer | Updating Mesh | Computing attributes
Fra:1 Mem:137.33M (Peak 155.87M) | Time:00:00.11 | Mem:32.01M, Peak:32.01M | Scene, ViewLayer | Updating Mesh | Copying Attributes to device
Fra:1 Mem:137.33M (Peak 155.87M) | Time:00:00.11 | Mem:41.15M, Peak:41.15M | Scene, ViewLayer | Updating Scene BVH | Building
Fra:1 Mem:137.33M (Peak 155.87M) | Time:00:00.11 | Mem:41.15M, Peak:41.15M | Scene, ViewLayer | Updating Scene BVH | Building BVH
Fra:1 Mem:137.33M (Peak 155.87M) | Time:00:00.11 | Mem:50.79M, Peak:50.79M | Scene, ViewLayer | Updating Scene BVH | Building BVH 0%
Fra:1 Mem:137.33M (Peak 155.87M) | Time:00:00.16 | Mem:61.28M, Peak:70.92M | Scene, ViewLayer | Updating Scene BVH | Copying BVH to device
Fra:1 Mem:137.33M (Peak 155.87M) | Time:00:00.16 | Mem:61.28M, Peak:70.92M | Scene, ViewLayer | Updating Mesh | Computing normals
Fra:1 Mem:149.77M (Peak 155.87M) | Time:00:00.16 | Mem:61.28M, Peak:70.92M | Scene, ViewLayer | Updating Mesh | Copying Mesh to device
Fra:1 Mem:149.77M (Peak 155.87M) | Time:00:00.16 | Mem:73.72M, Peak:73.72M | Scene, ViewLayer | Updating Objects Flags
Fra:1 Mem:149.77M (Peak 155.87M) | Time:00:00.16 | Mem:73.72M, Peak:73.72M | Scene, ViewLayer | Updating Primitive Offsets
Fra:1 Mem:149.77M (Peak 155.87M) | Time:00:00.16 | Mem:73.72M, Peak:73.72M | Scene, ViewLayer | Updating Images
Fra:1 Mem:149.77M (Peak 155.87M) | Time:00:00.16 | Mem:73.72M, Peak:73.72M | Scene, ViewLayer | Updating Camera Volume
Fra:1 Mem:149.77M (Peak 155.87M) | Time:00:00.16 | Mem:73.72M, Peak:73.72M | Scene, ViewLayer | Updating Lookup Tables
Fra:1 Mem:149.77M (Peak 155.87M) | Time:00:00.16 | Mem:73.81M, Peak:73.81M | Scene, ViewLayer | Updating Lights
Fra:1 Mem:149.77M (Peak 155.87M) | Time:00:00.16 | Mem:73.81M, Peak:73.81M | Scene, ViewLayer | Updating Lights | Computing tree
Fra:1 Mem:149.77M (Peak 155.87M) | Time:00:00.16 | Mem:73.81M, Peak:73.81M | Scene, ViewLayer | Updating Integrator
Fra:1 Mem:149.77M (Peak 155.87M) | Time:00:00.16 | Mem:73.81M, Peak:73.81M | Scene, ViewLayer | Updating Film
Fra:1 Mem:149.78M (Peak 155.87M) | Time:00:00.16 | Mem:73.73M, Peak:73.81M | Scene, ViewLayer | Updating Lookup Tables
Fra:1 Mem:149.78M (Peak 155.87M) | Time:00:00.16 | Mem:73.81M, Peak:73.81M | Scene, ViewLayer | Updating Baking
Fra:1 Mem:149.78M (Peak 155.87M) | Time:00:00.16 | Mem:73.81M, Peak:73.81M | Scene, ViewLayer | Updating Device | Writing constant memory
Fra:1 Mem:149.78M (Peak 155.87M) | Time:00:00.16 | Mem:73.81M, Peak:73.81M | Scene, ViewLayer | Sample 0/32
Fra:1 Mem:197.25M (Peak 197.25M) | Time:00:00.58 | Remaining:00:12.77 | Mem:121.28M, Peak:121.28M | Scene, ViewLayer | Sample 1/32
Fra:1 Mem:218.35M (Peak 260.54M) | Time:00:12.61 | Mem:121.28M, Peak:121.28M | Scene, ViewLayer | Sample 32/32
Fra:1 Mem:218.35M (Peak 260.54M) | Time:00:12.61 | Mem:121.28M, Peak:121.28M | Scene, ViewLayer | Finished
Saved: '/workspace/CVPR_3D/trellis2_downstream_assets_20261009/artifacts/authoring_A_v1/side_00.png'
Time: 00:12.77 (Saving: 00:00.16)

Fra:1 Mem:70.39M (Peak 70.39M) | Time:00:00.00 | Mem:0.00M, Peak:0.00M | Scene, ViewLayer | Synchronizing object | Generated exterior - fixed
Fra:1 Mem:70.40M (Peak 70.40M) | Time:00:00.00 | Mem:0.00M, Peak:0.00M | Scene, ViewLayer | Synchronizing object | ADDED plausible dashboard
Fra:1 Mem:70.85M (Peak 70.85M) | Time:00:00.00 | Mem:0.00M, Peak:0.00M | Scene, ViewLayer | Synchronizing object | ADDED plausible seat back
Fra:1 Mem:70.88M (Peak 70.88M) | Time:00:00.00 | Mem:0.00M, Peak:0.00M | Scene, ViewLayer | Synchronizing object | ADDED plausible seat cushion
Fra:1 Mem:70.88M (Peak 70.88M) | Time:00:00.00 | Mem:0.00M, Peak:0.00M | Scene, ViewLayer | Synchronizing object | ADDED plausible cabin floor
Fra:1 Mem:70.89M (Peak 70.89M) | Time:00:00.00 | Mem:0.00M, Peak:0.00M | Scene, ViewLayer | Synchronizing object | ADDED fixed aperture jamb
Fra:1 Mem:71.75M (Peak 71.75M) | Time:00:00.00 | Mem:0.00M, Peak:0.00M | Scene, ViewLayer | Synchronizing object | ADDED door edge thickness
Fra:1 Mem:72.21M (Peak 72.21M) | Time:00:00.00 | Mem:0.00M, Peak:0.00M | Scene, ViewLayer | Synchronizing object | ADDED door inner lining
Fra:1 Mem:91.89M (Peak 98.28M) | Time:00:00.01 | Mem:0.00M, Peak:0.00M | Scene, ViewLayer | Initializing
Fra:1 Mem:91.85M (Peak 98.28M) | Time:00:00.01 | Mem:0.00M, Peak:0.00M | Scene, ViewLayer | Updating Images | Loading Image_0
Fra:1 Mem:91.85M (Peak 98.28M) | Time:00:00.01 | Mem:0.00M, Peak:0.00M | Scene, ViewLayer | Updating Images | Loading Image_1
Fra:1 Mem:123.27M (Peak 155.87M) | Time:00:00.07 | Mem:32.00M, Peak:32.00M | Scene, ViewLayer | Waiting for render to start
Fra:1 Mem:123.27M (Peak 155.87M) | Time:00:00.07 | Mem:32.00M, Peak:32.00M | Scene, ViewLayer | Loading render kernels (may take a few minutes the first time)
Fra:1 Mem:123.27M (Peak 155.87M) | Time:00:00.07 | Mem:32.00M, Peak:32.00M | Scene, ViewLayer | Updating Scene
Fra:1 Mem:123.27M (Peak 155.87M) | Time:00:00.07 | Mem:32.00M, Peak:32.00M | Scene, ViewLayer | Updating Shaders
Fra:1 Mem:123.36M (Peak 155.87M) | Time:00:00.07 | Mem:32.00M, Peak:32.00M | Scene, ViewLayer | Updating Procedurals
Fra:1 Mem:123.36M (Peak 155.87M) | Time:00:00.07 | Mem:32.00M, Peak:32.00M | Scene, ViewLayer | Updating Background
Fra:1 Mem:123.36M (Peak 155.87M) | Time:00:00.07 | Mem:32.00M, Peak:32.00M | Scene, ViewLayer | Updating Camera
Fra:1 Mem:123.36M (Peak 155.87M) | Time:00:00.07 | Mem:32.00M, Peak:32.00M | Scene, ViewLayer | Updating Meshes Flags
Fra:1 Mem:123.36M (Peak 155.87M) | Time:00:00.07 | Mem:32.00M, Peak:32.00M | Scene, ViewLayer | Updating Objects
Fra:1 Mem:123.36M (Peak 155.87M) | Time:00:00.07 | Mem:32.00M, Peak:32.00M | Scene, ViewLayer | Updating Objects | Copying Transformations to device
Fra:1 Mem:123.36M (Peak 155.87M) | Time:00:00.07 | Mem:32.01M, Peak:32.01M | Scene, ViewLayer | Updating Objects | Applying Static Transformations
Fra:1 Mem:123.36M (Peak 155.87M) | Time:00:00.07 | Mem:32.01M, Peak:32.01M | Scene, ViewLayer | Updating Particle Systems
Fra:1 Mem:123.36M (Peak 155.87M) | Time:00:00.07 | Mem:32.01M, Peak:32.01M | Scene, ViewLayer | Updating Particle Systems | Copying Particles to device
Fra:1 Mem:123.36M (Peak 155.87M) | Time:00:00.07 | Mem:32.01M, Peak:32.01M | Scene, ViewLayer | Updating Meshes
Fra:1 Mem:128.18M (Peak 155.87M) | Time:00:00.08 | Mem:32.01M, Peak:32.01M | Scene, ViewLayer | Updating Mesh | Computing attributes
Fra:1 Mem:137.33M (Peak 155.87M) | Time:00:00.08 | Mem:32.01M, Peak:32.01M | Scene, ViewLayer | Updating Mesh | Copying Attributes to device
Fra:1 Mem:137.33M (Peak 155.87M) | Time:00:00.08 | Mem:41.15M, Peak:41.15M | Scene, ViewLayer | Updating Scene BVH | Building
Fra:1 Mem:137.33M (Peak 155.87M) | Time:00:00.08 | Mem:41.15M, Peak:41.15M | Scene, ViewLayer | Updating Scene BVH | Building BVH
Fra:1 Mem:137.33M (Peak 155.87M) | Time:00:00.08 | Mem:50.79M, Peak:50.79M | Scene, ViewLayer | Updating Scene BVH | Building BVH 0%
Fra:1 Mem:137.33M (Peak 155.87M) | Time:00:00.13 | Mem:61.28M, Peak:70.92M | Scene, ViewLayer | Updating Scene BVH | Copying BVH to device
Fra:1 Mem:137.33M (Peak 155.87M) | Time:00:00.13 | Mem:61.28M, Peak:70.92M | Scene, ViewLayer | Updating Mesh | Computing normals
Fra:1 Mem:149.77M (Peak 155.87M) | Time:00:00.13 | Mem:61.28M, Peak:70.92M | Scene, ViewLayer | Updating Mesh | Copying Mesh to device
Fra:1 Mem:149.77M (Peak 155.87M) | Time:00:00.13 | Mem:73.72M, Peak:73.72M | Scene, ViewLayer | Updating Objects Flags
Fra:1 Mem:149.77M (Peak 155.87M) | Time:00:00.13 | Mem:73.72M, Peak:73.72M | Scene, ViewLayer | Updating Primitive Offsets
Fra:1 Mem:149.77M (Peak 155.87M) | Time:00:00.13 | Mem:73.72M, Peak:73.72M | Scene, ViewLayer | Updating Images
Fra:1 Mem:149.77M (Peak 155.87M) | Time:00:00.13 | Mem:73.72M, Peak:73.72M | Scene, ViewLayer | Updating Camera Volume
Fra:1 Mem:149.77M (Peak 155.87M) | Time:00:00.13 | Mem:73.72M, Peak:73.72M | Scene, ViewLayer | Updating Lookup Tables
Fra:1 Mem:149.77M (Peak 155.87M) | Time:00:00.13 | Mem:73.81M, Peak:73.81M | Scene, ViewLayer | Updating Lights
Fra:1 Mem:149.77M (Peak 155.87M) | Time:00:00.13 | Mem:73.81M, Peak:73.81M | Scene, ViewLayer | Updating Lights | Computing tree
Fra:1 Mem:149.77M (Peak 155.87M) | Time:00:00.13 | Mem:73.81M, Peak:73.81M | Scene, ViewLayer | Updating Integrator
Fra:1 Mem:149.77M (Peak 155.87M) | Time:00:00.13 | Mem:73.81M, Peak:73.81M | Scene, ViewLayer | Updating Film
Fra:1 Mem:149.78M (Peak 155.87M) | Time:00:00.13 | Mem:73.73M, Peak:73.81M | Scene, ViewLayer | Updating Lookup Tables
Fra:1 Mem:149.78M (Peak 155.87M) | Time:00:00.13 | Mem:73.81M, Peak:73.81M | Scene, ViewLayer | Updating Baking
Fra:1 Mem:149.78M (Peak 155.87M) | Time:00:00.13 | Mem:73.81M, Peak:73.81M | Scene, ViewLayer | Updating Device | Writing constant memory
Fra:1 Mem:149.78M (Peak 155.87M) | Time:00:00.13 | Mem:73.81M, Peak:73.81M | Scene, ViewLayer | Sample 0/32
Fra:1 Mem:197.25M (Peak 197.25M) | Time:00:00.59 | Remaining:00:14.10 | Mem:121.28M, Peak:121.28M | Scene, ViewLayer | Sample 1/32
Fra:1 Mem:218.35M (Peak 260.54M) | Time:00:11.53 | Mem:121.28M, Peak:121.28M | Scene, ViewLayer | Sample 32/32
Fra:1 Mem:218.35M (Peak 260.54M) | Time:00:11.53 | Mem:121.28M, Peak:121.28M | Scene, ViewLayer | Finished
Saved: '/workspace/CVPR_3D/trellis2_downstream_assets_20261009/artifacts/authoring_A_v1/hero_30.png'
Time: 00:11.69 (Saving: 00:00.15)

Fra:1 Mem:70.39M (Peak 70.39M) | Time:00:00.00 | Mem:0.00M, Peak:0.00M | Scene, ViewLayer | Synchronizing object | Generated exterior - fixed
Fra:1 Mem:70.40M (Peak 70.40M) | Time:00:00.00 | Mem:0.00M, Peak:0.00M | Scene, ViewLayer | Synchronizing object | Generated front door - native UV PBR
Fra:1 Mem:70.84M (Peak 70.84M) | Time:00:00.00 | Mem:0.00M, Peak:0.00M | Scene, ViewLayer | Synchronizing object | ADDED plausible dashboard
Fra:1 Mem:70.85M (Peak 70.85M) | Time:00:00.00 | Mem:0.00M, Peak:0.00M | Scene, ViewLayer | Synchronizing object | ADDED plausible seat back
Fra:1 Mem:71.26M (Peak 71.26M) | Time:00:00.00 | Mem:0.00M, Peak:0.00M | Scene, ViewLayer | Synchronizing object | ADDED plausible seat cushion
Fra:1 Mem:71.44M (Peak 71.44M) | Time:00:00.00 | Mem:0.00M, Peak:0.00M | Scene, ViewLayer | Synchronizing object | ADDED plausible cabin floor
Fra:1 Mem:71.45M (Peak 71.45M) | Time:00:00.00 | Mem:0.00M, Peak:0.00M | Scene, ViewLayer | Synchronizing object | ADDED fixed aperture jamb
Fra:1 Mem:72.26M (Peak 72.26M) | Time:00:00.00 | Mem:0.00M, Peak:0.00M | Scene, ViewLayer | Synchronizing object | ADDED door edge thickness
Fra:1 Mem:72.90M (Peak 72.90M) | Time:00:00.00 | Mem:0.00M, Peak:0.00M | Scene, ViewLayer | Synchronizing object | ADDED door inner lining
Fra:1 Mem:91.89M (Peak 98.28M) | Time:00:00.02 | Mem:0.00M, Peak:0.00M | Scene, ViewLayer | Initializing
Fra:1 Mem:91.85M (Peak 98.28M) | Time:00:00.02 | Mem:0.00M, Peak:0.00M | Scene, ViewLayer | Updating Images | Loading Image_0
Fra:1 Mem:91.85M (Peak 98.28M) | Time:00:00.02 | Mem:0.00M, Peak:0.00M | Scene, ViewLayer | Updating Images | Loading Image_1
Fra:1 Mem:123.27M (Peak 155.87M) | Time:00:00.09 | Mem:32.00M, Peak:32.00M | Scene, ViewLayer | Waiting for render to start
Fra:1 Mem:123.27M (Peak 155.87M) | Time:00:00.09 | Mem:32.00M, Peak:32.00M | Scene, ViewLayer | Loading render kernels (may take a few minutes the first time)
Fra:1 Mem:123.27M (Peak 155.87M) | Time:00:00.09 | Mem:32.00M, Peak:32.00M | Scene, ViewLayer | Updating Scene
Fra:1 Mem:123.27M (Peak 155.87M) | Time:00:00.09 | Mem:32.00M, Peak:32.00M | Scene, ViewLayer | Updating Shaders
Fra:1 Mem:123.36M (Peak 155.87M) | Time:00:00.09 | Mem:32.00M, Peak:32.00M | Scene, ViewLayer | Updating Procedurals
Fra:1 Mem:123.36M (Peak 155.87M) | Time:00:00.09 | Mem:32.00M, Peak:32.00M | Scene, ViewLayer | Updating Background
Fra:1 Mem:123.36M (Peak 155.87M) | Time:00:00.09 | Mem:32.00M, Peak:32.00M | Scene, ViewLayer | Updating Camera
Fra:1 Mem:123.36M (Peak 155.87M) | Time:00:00.09 | Mem:32.00M, Peak:32.00M | Scene, ViewLayer | Updating Meshes Flags
Fra:1 Mem:123.36M (Peak 155.87M) | Time:00:00.09 | Mem:32.00M, Peak:32.00M | Scene, ViewLayer | Updating Objects
Fra:1 Mem:123.36M (Peak 155.87M) | Time:00:00.09 | Mem:32.00M, Peak:32.00M | Scene, ViewLayer | Updating Objects | Copying Transformations to device
Fra:1 Mem:123.36M (Peak 155.87M) | Time:00:00.09 | Mem:32.01M, Peak:32.01M | Scene, ViewLayer | Updating Objects | Applying Static Transformations
Fra:1 Mem:123.36M (Peak 155.87M) | Time:00:00.09 | Mem:32.01M, Peak:32.01M | Scene, ViewLayer | Updating Particle Systems
Fra:1 Mem:123.36M (Peak 155.87M) | Time:00:00.09 | Mem:32.01M, Peak:32.01M | Scene, ViewLayer | Updating Particle Systems | Copying Particles to device
Fra:1 Mem:123.36M (Peak 155.87M) | Time:00:00.09 | Mem:32.01M, Peak:32.01M | Scene, ViewLayer | Updating Meshes
Fra:1 Mem:128.18M (Peak 155.87M) | Time:00:00.10 | Mem:32.01M, Peak:32.01M | Scene, ViewLayer | Updating Mesh | Computing attributes
Fra:1 Mem:137.33M (Peak 155.87M) | Time:00:00.10 | Mem:32.01M, Peak:32.01M | Scene, ViewLayer | Updating Mesh | Copying Attributes to device
Fra:1 Mem:137.33M (Peak 155.87M) | Time:00:00.10 | Mem:41.15M, Peak:41.15M | Scene, ViewLayer | Updating Scene BVH | Building
Fra:1 Mem:137.33M (Peak 155.87M) | Time:00:00.10 | Mem:41.15M, Peak:41.15M | Scene, ViewLayer | Updating Scene BVH | Building BVH
Fra:1 Mem:137.33M (Peak 155.87M) | Time:00:00.10 | Mem:50.79M, Peak:50.79M | Scene, ViewLayer | Updating Scene BVH | Building BVH 0%
Fra:1 Mem:137.33M (Peak 155.87M) | Time:00:00.14 | Mem:61.28M, Peak:70.92M | Scene, ViewLayer | Updating Scene BVH | Copying BVH to device
Fra:1 Mem:137.33M (Peak 155.87M) | Time:00:00.14 | Mem:61.28M, Peak:70.92M | Scene, ViewLayer | Updating Mesh | Computing normals
Fra:1 Mem:149.77M (Peak 155.87M) | Time:00:00.14 | Mem:61.28M, Peak:70.92M | Scene, ViewLayer | Updating Mesh | Copying Mesh to device
Fra:1 Mem:149.77M (Peak 155.87M) | Time:00:00.14 | Mem:73.72M, Peak:73.72M | Scene, ViewLayer | Updating Objects Flags
Fra:1 Mem:149.77M (Peak 155.87M) | Time:00:00.14 | Mem:73.72M, Peak:73.72M | Scene, ViewLayer | Updating Primitive Offsets
Fra:1 Mem:149.77M (Peak 155.87M) | Time:00:00.14 | Mem:73.72M, Peak:73.72M | Scene, ViewLayer | Updating Images
Fra:1 Mem:149.77M (Peak 155.87M) | Time:00:00.14 | Mem:73.72M, Peak:73.72M | Scene, ViewLayer | Updating Camera Volume
Fra:1 Mem:149.77M (Peak 155.87M) | Time:00:00.14 | Mem:73.72M, Peak:73.72M | Scene, ViewLayer | Updating Lookup Tables
Fra:1 Mem:149.77M (Peak 155.87M) | Time:00:00.14 | Mem:73.81M, Peak:73.81M | Scene, ViewLayer | Updating Lights
Fra:1 Mem:149.77M (Peak 155.87M) | Time:00:00.14 | Mem:73.81M, Peak:73.81M | Scene, ViewLayer | Updating Lights | Computing tree
Fra:1 Mem:149.77M (Peak 155.87M) | Time:00:00.14 | Mem:73.81M, Peak:73.81M | Scene, ViewLayer | Updating Integrator
Fra:1 Mem:149.77M (Peak 155.87M) | Time:00:00.14 | Mem:73.81M, Peak:73.81M | Scene, ViewLayer | Updating Film
Fra:1 Mem:149.78M (Peak 155.87M) | Time:00:00.14 | Mem:73.73M, Peak:73.81M | Scene, ViewLayer | Updating Lookup Tables
Fra:1 Mem:149.78M (Peak 155.87M) | Time:00:00.14 | Mem:73.81M, Peak:73.81M | Scene, ViewLayer | Updating Baking
Fra:1 Mem:149.78M (Peak 155.87M) | Time:00:00.14 | Mem:73.81M, Peak:73.81M | Scene, ViewLayer | Updating Device | Writing constant memory
Fra:1 Mem:149.78M (Peak 155.87M) | Time:00:00.14 | Mem:73.81M, Peak:73.81M | Scene, ViewLayer | Sample 0/32
Fra:1 Mem:197.25M (Peak 197.25M) | Time:00:00.48 | Remaining:00:10.49 | Mem:121.28M, Peak:121.28M | Scene, ViewLayer | Sample 1/32
Fra:1 Mem:218.35M (Peak 260.54M) | Time:00:10.17 | Mem:121.28M, Peak:121.28M | Scene, ViewLayer | Sample 32/32
Fra:1 Mem:218.35M (Peak 260.54M) | Time:00:10.17 | Mem:121.28M, Peak:121.28M | Scene, ViewLayer | Finished
Saved: '/workspace/CVPR_3D/trellis2_downstream_assets_20261009/artifacts/authoring_A_v1/side_30.png'
Time: 00:10.34 (Saving: 00:00.17)

Fra:1 Mem:70.39M (Peak 70.39M) | Time:00:00.00 | Mem:0.00M, Peak:0.00M | Scene, ViewLayer | Synchronizing object | Generated exterior - fixed
Fra:1 Mem:70.40M (Peak 70.40M) | Time:00:00.00 | Mem:0.00M, Peak:0.00M | Scene, ViewLayer | Synchronizing object | Generated front door - native UV PBR
Fra:1 Mem:70.86M (Peak 70.86M) | Time:00:00.00 | Mem:0.00M, Peak:0.00M | Scene, ViewLayer | Synchronizing object | ADDED plausible dashboard
Fra:1 Mem:70.87M (Peak 70.87M) | Time:00:00.00 | Mem:0.00M, Peak:0.00M | Scene, ViewLayer | Synchronizing object | ADDED plausible seat back
Fra:1 Mem:70.88M (Peak 70.88M) | Time:00:00.00 | Mem:0.00M, Peak:0.00M | Scene, ViewLayer | Synchronizing object | ADDED plausible seat cushion
Fra:1 Mem:70.88M (Peak 70.88M) | Time:00:00.00 | Mem:0.00M, Peak:0.00M | Scene, ViewLayer | Synchronizing object | ADDED plausible cabin floor
Fra:1 Mem:70.89M (Peak 70.89M) | Time:00:00.00 | Mem:0.00M, Peak:0.00M | Scene, ViewLayer | Synchronizing object | ADDED fixed aperture jamb
Fra:1 Mem:78.54M (Peak 78.54M) | Time:00:00.00 | Mem:0.00M, Peak:0.00M | Scene, ViewLayer | Synchronizing object | ADDED door edge thickness
Fra:1 Mem:79.01M (Peak 79.01M) | Time:00:00.00 | Mem:0.00M, Peak:0.00M | Scene, ViewLayer | Synchronizing object | ADDED door inner lining
Fra:1 Mem:91.89M (Peak 98.28M) | Time:00:00.05 | Mem:0.00M, Peak:0.00M | Scene, ViewLayer | Initializing
Fra:1 Mem:91.85M (Peak 98.28M) | Time:00:00.05 | Mem:0.00M, Peak:0.00M | Scene, ViewLayer | Updating Images | Loading Image_0
Fra:1 Mem:91.85M (Peak 98.28M) | Time:00:00.05 | Mem:0.00M, Peak:0.00M | Scene, ViewLayer | Updating Images | Loading Image_1
Fra:1 Mem:123.27M (Peak 155.87M) | Time:00:00.13 | Mem:32.00M, Peak:32.00M | Scene, ViewLayer | Waiting for render to start
Fra:1 Mem:123.27M (Peak 155.87M) | Time:00:00.13 | Mem:32.00M, Peak:32.00M | Scene, ViewLayer | Loading render kernels (may take a few minutes the first time)
Fra:1 Mem:123.27M (Peak 155.87M) | Time:00:00.13 | Mem:32.00M, Peak:32.00M | Scene, ViewLayer | Updating Scene
Fra:1 Mem:123.27M (Peak 155.87M) | Time:00:00.13 | Mem:32.00M, Peak:32.00M | Scene, ViewLayer | Updating Shaders
Fra:1 Mem:123.36M (Peak 155.87M) | Time:00:00.13 | Mem:32.00M, Peak:32.00M | Scene, ViewLayer | Updating Procedurals
Fra:1 Mem:123.36M (Peak 155.87M) | Time:00:00.13 | Mem:32.00M, Peak:32.00M | Scene, ViewLayer | Updating Background
Fra:1 Mem:123.36M (Peak 155.87M) | Time:00:00.13 | Mem:32.00M, Peak:32.00M | Scene, ViewLayer | Updating Camera
Fra:1 Mem:123.36M (Peak 155.87M) | Time:00:00.13 | Mem:32.00M, Peak:32.00M | Scene, ViewLayer | Updating Meshes Flags
Fra:1 Mem:123.36M (Peak 155.87M) | Time:00:00.13 | Mem:32.00M, Peak:32.00M | Scene, ViewLayer | Updating Objects
Fra:1 Mem:123.36M (Peak 155.87M) | Time:00:00.13 | Mem:32.00M, Peak:32.00M | Scene, ViewLayer | Updating Objects | Copying Transformations to device
Fra:1 Mem:123.36M (Peak 155.87M) | Time:00:00.13 | Mem:32.01M, Peak:32.01M | Scene, ViewLayer | Updating Objects | Applying Static Transformations
Fra:1 Mem:123.36M (Peak 155.87M) | Time:00:00.13 | Mem:32.01M, Peak:32.01M | Scene, ViewLayer | Updating Particle Systems
Fra:1 Mem:123.36M (Peak 155.87M) | Time:00:00.13 | Mem:32.01M, Peak:32.01M | Scene, ViewLayer | Updating Particle Systems | Copying Particles to device
Fra:1 Mem:123.36M (Peak 155.87M) | Time:00:00.13 | Mem:32.01M, Peak:32.01M | Scene, ViewLayer | Updating Meshes
Fra:1 Mem:128.18M (Peak 155.87M) | Time:00:00.13 | Mem:32.01M, Peak:32.01M | Scene, ViewLayer | Updating Mesh | Computing attributes
Fra:1 Mem:137.33M (Peak 155.87M) | Time:00:00.14 | Mem:32.01M, Peak:32.01M | Scene, ViewLayer | Updating Mesh | Copying Attributes to device
Fra:1 Mem:137.33M (Peak 155.87M) | Time:00:00.14 | Mem:41.15M, Peak:41.15M | Scene, ViewLayer | Updating Scene BVH | Building
Fra:1 Mem:137.33M (Peak 155.87M) | Time:00:00.14 | Mem:41.15M, Peak:41.15M | Scene, ViewLayer | Updating Scene BVH | Building BVH
Fra:1 Mem:137.33M (Peak 155.87M) | Time:00:00.14 | Mem:50.79M, Peak:50.79M | Scene, ViewLayer | Updating Scene BVH | Building BVH 0%
Fra:1 Mem:137.33M (Peak 155.87M) | Time:00:00.18 | Mem:61.28M, Peak:70.92M | Scene, ViewLayer | Updating Scene BVH | Copying BVH to device
Fra:1 Mem:137.33M (Peak 155.87M) | Time:00:00.18 | Mem:61.28M, Peak:70.92M | Scene, ViewLayer | Updating Mesh | Computing normals
Fra:1 Mem:149.77M (Peak 155.87M) | Time:00:00.19 | Mem:61.28M, Peak:70.92M | Scene, ViewLayer | Updating Mesh | Copying Mesh to device
Fra:1 Mem:149.77M (Peak 155.87M) | Time:00:00.19 | Mem:73.72M, Peak:73.72M | Scene, ViewLayer | Updating Objects Flags
Fra:1 Mem:149.77M (Peak 155.87M) | Time:00:00.19 | Mem:73.72M, Peak:73.72M | Scene, ViewLayer | Updating Primitive Offsets
Fra:1 Mem:149.77M (Peak 155.87M) | Time:00:00.19 | Mem:73.72M, Peak:73.72M | Scene, ViewLayer | Updating Images
Fra:1 Mem:149.77M (Peak 155.87M) | Time:00:00.19 | Mem:73.72M, Peak:73.72M | Scene, ViewLayer | Updating Camera Volume
Fra:1 Mem:149.77M (Peak 155.87M) | Time:00:00.19 | Mem:73.72M, Peak:73.72M | Scene, ViewLayer | Updating Lookup Tables
Fra:1 Mem:149.77M (Peak 155.87M) | Time:00:00.19 | Mem:73.81M, Peak:73.81M | Scene, ViewLayer | Updating Lights
Fra:1 Mem:149.77M (Peak 155.87M) | Time:00:00.19 | Mem:73.81M, Peak:73.81M | Scene, ViewLayer | Updating Lights | Computing tree
Fra:1 Mem:149.77M (Peak 155.87M) | Time:00:00.19 | Mem:73.81M, Peak:73.81M | Scene, ViewLayer | Updating Integrator
Fra:1 Mem:149.77M (Peak 155.87M) | Time:00:00.19 | Mem:73.81M, Peak:73.81M | Scene, ViewLayer | Updating Film
Fra:1 Mem:149.78M (Peak 155.87M) | Time:00:00.19 | Mem:73.73M, Peak:73.81M | Scene, ViewLayer | Updating Lookup Tables
Fra:1 Mem:149.78M (Peak 155.87M) | Time:00:00.19 | Mem:73.81M, Peak:73.81M | Scene, ViewLayer | Updating Baking
Fra:1 Mem:149.78M (Peak 155.87M) | Time:00:00.19 | Mem:73.81M, Peak:73.81M | Scene, ViewLayer | Updating Device | Writing constant memory
Fra:1 Mem:149.78M (Peak 155.87M) | Time:00:00.19 | Mem:73.81M, Peak:73.81M | Scene, ViewLayer | Sample 0/32
Fra:1 Mem:197.25M (Peak 197.25M) | Time:00:00.58 | Remaining:00:12.23 | Mem:121.28M, Peak:121.28M | Scene, ViewLayer | Sample 1/32
Fra:1 Mem:218.35M (Peak 260.54M) | Time:00:15.67 | Mem:121.28M, Peak:121.28M | Scene, ViewLayer | Sample 32/32
Fra:1 Mem:218.35M (Peak 260.54M) | Time:00:15.67 | Mem:121.28M, Peak:121.28M | Scene, ViewLayer | Finished
Saved: '/workspace/CVPR_3D/trellis2_downstream_assets_20261009/artifacts/authoring_A_v1/hero_60.png'
Time: 00:15.84 (Saving: 00:00.16)

Fra:1 Mem:70.39M (Peak 70.39M) | Time:00:00.00 | Mem:0.00M, Peak:0.00M | Scene, ViewLayer | Synchronizing object | Generated exterior - fixed
Fra:1 Mem:70.40M (Peak 70.40M) | Time:00:00.00 | Mem:0.00M, Peak:0.00M | Scene, ViewLayer | Synchronizing object | Generated front door - native UV PBR
Fra:1 Mem:70.40M (Peak 70.40M) | Time:00:00.00 | Mem:0.00M, Peak:0.00M | Scene, ViewLayer | Synchronizing object | ADDED plausible dashboard
Fra:1 Mem:70.85M (Peak 70.85M) | Time:00:00.00 | Mem:0.00M, Peak:0.00M | Scene, ViewLayer | Synchronizing object | ADDED plausible seat back
Fra:1 Mem:70.88M (Peak 70.88M) | Time:00:00.00 | Mem:0.00M, Peak:0.00M | Scene, ViewLayer | Synchronizing object | ADDED plausible seat cushion
Fra:1 Mem:70.88M (Peak 70.88M) | Time:00:00.00 | Mem:0.00M, Peak:0.00M | Scene, ViewLayer | Synchronizing object | ADDED plausible cabin floor
Fra:1 Mem:70.89M (Peak 70.89M) | Time:00:00.00 | Mem:0.00M, Peak:0.00M | Scene, ViewLayer | Synchronizing object | ADDED fixed aperture jamb
Fra:1 Mem:71.91M (Peak 71.91M) | Time:00:00.00 | Mem:0.00M, Peak:0.00M | Scene, ViewLayer | Synchronizing object | ADDED door edge thickness
Fra:1 Mem:79.01M (Peak 79.01M) | Time:00:00.00 | Mem:0.00M, Peak:0.00M | Scene, ViewLayer | Synchronizing object | ADDED door inner lining
Fra:1 Mem:91.89M (Peak 98.28M) | Time:00:00.02 | Mem:0.00M, Peak:0.00M | Scene, ViewLayer | Initializing
Fra:1 Mem:91.85M (Peak 98.28M) | Time:00:00.02 | Mem:0.00M, Peak:0.00M | Scene, ViewLayer | Updating Images | Loading Image_0
Fra:1 Mem:91.85M (Peak 98.28M) | Time:00:00.02 | Mem:0.00M, Peak:0.00M | Scene, ViewLayer | Updating Images | Loading Image_1
Fra:1 Mem:123.27M (Peak 155.87M) | Time:00:00.09 | Mem:32.00M, Peak:32.00M | Scene, ViewLayer | Waiting for render to start
Fra:1 Mem:123.27M (Peak 155.87M) | Time:00:00.09 | Mem:32.00M, Peak:32.00M | Scene, ViewLayer | Loading render kernels (may take a few minutes the first time)
Fra:1 Mem:123.27M (Peak 155.87M) | Time:00:00.09 | Mem:32.00M, Peak:32.00M | Scene, ViewLayer | Updating Scene
Fra:1 Mem:123.27M (Peak 155.87M) | Time:00:00.09 | Mem:32.00M, Peak:32.00M | Scene, ViewLayer | Updating Shaders
Fra:1 Mem:123.36M (Peak 155.87M) | Time:00:00.09 | Mem:32.00M, Peak:32.00M | Scene, ViewLayer | Updating Procedurals
Fra:1 Mem:123.36M (Peak 155.87M) | Time:00:00.09 | Mem:32.00M, Peak:32.00M | Scene, ViewLayer | Updating Background
Fra:1 Mem:123.36M (Peak 155.87M) | Time:00:00.09 | Mem:32.00M, Peak:32.00M | Scene, ViewLayer | Updating Camera
Fra:1 Mem:123.36M (Peak 155.87M) | Time:00:00.09 | Mem:32.00M, Peak:32.00M | Scene, ViewLayer | Updating Meshes Flags
Fra:1 Mem:123.36M (Peak 155.87M) | Time:00:00.09 | Mem:32.00M, Peak:32.00M | Scene, ViewLayer | Updating Objects
Fra:1 Mem:123.36M (Peak 155.87M) | Time:00:00.09 | Mem:32.00M, Peak:32.00M | Scene, ViewLayer | Updating Objects | Copying Transformations to device
Fra:1 Mem:123.36M (Peak 155.87M) | Time:00:00.09 | Mem:32.01M, Peak:32.01M | Scene, ViewLayer | Updating Objects | Applying Static Transformations
Fra:1 Mem:123.36M (Peak 155.87M) | Time:00:00.09 | Mem:32.01M, Peak:32.01M | Scene, ViewLayer | Updating Particle Systems
Fra:1 Mem:123.36M (Peak 155.87M) | Time:00:00.09 | Mem:32.01M, Peak:32.01M | Scene, ViewLayer | Updating Particle Systems | Copying Particles to device
Fra:1 Mem:123.36M (Peak 155.87M) | Time:00:00.09 | Mem:32.01M, Peak:32.01M | Scene, ViewLayer | Updating Meshes
Fra:1 Mem:128.18M (Peak 155.87M) | Time:00:00.10 | Mem:32.01M, Peak:32.01M | Scene, ViewLayer | Updating Mesh | Computing attributes
Fra:1 Mem:137.33M (Peak 155.87M) | Time:00:00.10 | Mem:32.01M, Peak:32.01M | Scene, ViewLayer | Updating Mesh | Copying Attributes to device
Fra:1 Mem:137.33M (Peak 155.87M) | Time:00:00.10 | Mem:41.15M, Peak:41.15M | Scene, ViewLayer | Updating Scene BVH | Building
Fra:1 Mem:137.33M (Peak 155.87M) | Time:00:00.10 | Mem:41.15M, Peak:41.15M | Scene, ViewLayer | Updating Scene BVH | Building BVH
Fra:1 Mem:137.33M (Peak 155.87M) | Time:00:00.10 | Mem:50.79M, Peak:50.79M | Scene, ViewLayer | Updating Scene BVH | Building BVH 0%
Fra:1 Mem:137.33M (Peak 155.87M) | Time:00:00.15 | Mem:61.28M, Peak:70.92M | Scene, ViewLayer | Updating Scene BVH | Copying BVH to device
Fra:1 Mem:137.33M (Peak 155.87M) | Time:00:00.15 | Mem:61.28M, Peak:70.92M | Scene, ViewLayer | Updating Mesh | Computing normals
Fra:1 Mem:149.77M (Peak 155.87M) | Time:00:00.16 | Mem:61.28M, Peak:70.92M | Scene, ViewLayer | Updating Mesh | Copying Mesh to device
Fra:1 Mem:149.77M (Peak 155.87M) | Time:00:00.16 | Mem:73.72M, Peak:73.72M | Scene, ViewLayer | Updating Objects Flags
Fra:1 Mem:149.77M (Peak 155.87M) | Time:00:00.16 | Mem:73.72M, Peak:73.72M | Scene, ViewLayer | Updating Primitive Offsets
Fra:1 Mem:149.77M (Peak 155.87M) | Time:00:00.16 | Mem:73.72M, Peak:73.72M | Scene, ViewLayer | Updating Images
Fra:1 Mem:149.77M (Peak 155.87M) | Time:00:00.16 | Mem:73.72M, Peak:73.72M | Scene, ViewLayer | Updating Camera Volume
Fra:1 Mem:149.77M (Peak 155.87M) | Time:00:00.16 | Mem:73.72M, Peak:73.72M | Scene, ViewLayer | Updating Lookup Tables
Fra:1 Mem:149.77M (Peak 155.87M) | Time:00:00.16 | Mem:73.81M, Peak:73.81M | Scene, ViewLayer | Updating Lights
Fra:1 Mem:149.77M (Peak 155.87M) | Time:00:00.16 | Mem:73.81M, Peak:73.81M | Scene, ViewLayer | Updating Lights | Computing tree
Fra:1 Mem:149.77M (Peak 155.87M) | Time:00:00.16 | Mem:73.81M, Peak:73.81M | Scene, ViewLayer | Updating Integrator
Fra:1 Mem:149.77M (Peak 155.87M) | Time:00:00.16 | Mem:73.81M, Peak:73.81M | Scene, ViewLayer | Updating Film
Fra:1 Mem:149.78M (Peak 155.87M) | Time:00:00.16 | Mem:73.73M, Peak:73.81M | Scene, ViewLayer | Updating Lookup Tables
Fra:1 Mem:149.78M (Peak 155.87M) | Time:00:00.16 | Mem:73.81M, Peak:73.81M | Scene, ViewLayer | Updating Baking
Fra:1 Mem:149.78M (Peak 155.87M) | Time:00:00.16 | Mem:73.81M, Peak:73.81M | Scene, ViewLayer | Updating Device | Writing constant memory
Fra:1 Mem:149.78M (Peak 155.87M) | Time:00:00.16 | Mem:73.81M, Peak:73.81M | Scene, ViewLayer | Sample 0/32
Fra:1 Mem:197.25M (Peak 197.25M) | Time:00:00.77 | Remaining:00:18.96 | Mem:121.28M, Peak:121.28M | Scene, ViewLayer | Sample 1/32
Fra:1 Mem:218.35M (Peak 260.54M) | Time:00:18.30 | Mem:121.28M, Peak:121.28M | Scene, ViewLayer | Sample 32/32
Fra:1 Mem:218.35M (Peak 260.54M) | Time:00:18.30 | Mem:121.28M, Peak:121.28M | Scene, ViewLayer | Finished
Saved: '/workspace/CVPR_3D/trellis2_downstream_assets_20261009/artifacts/authoring_A_v1/side_60.png'
Time: 00:18.50 (Saving: 00:00.20)

Fra:1 Mem:70.39M (Peak 70.39M) | Time:00:00.00 | Mem:0.00M, Peak:0.00M | Scene, ViewLayer | Synchronizing object | Generated exterior - fixed
Fra:1 Mem:70.40M (Peak 70.40M) | Time:00:00.00 | Mem:0.00M, Peak:0.00M | Scene, ViewLayer | Synchronizing object | Generated front door - native UV PBR
Fra:1 Mem:70.40M (Peak 70.40M) | Time:00:00.00 | Mem:0.00M, Peak:0.00M | Scene, ViewLayer | Synchronizing object | ADDED plausible dashboard
Fra:1 Mem:71.42M (Peak 71.42M) | Time:00:00.00 | Mem:0.00M, Peak:0.00M | Scene, ViewLayer | Synchronizing object | ADDED plausible seat back
Fra:1 Mem:71.43M (Peak 71.43M) | Time:00:00.00 | Mem:0.00M, Peak:0.00M | Scene, ViewLayer | Synchronizing object | ADDED plausible seat cushion
Fra:1 Mem:71.44M (Peak 71.44M) | Time:00:00.00 | Mem:0.00M, Peak:0.00M | Scene, ViewLayer | Synchronizing object | ADDED plausible cabin floor
Fra:1 Mem:71.45M (Peak 71.45M) | Time:00:00.00 | Mem:0.00M, Peak:0.00M | Scene, ViewLayer | Synchronizing object | ADDED fixed aperture jamb
Fra:1 Mem:71.91M (Peak 71.91M) | Time:00:00.00 | Mem:0.00M, Peak:0.00M | Scene, ViewLayer | Synchronizing object | ADDED door edge thickness
Fra:1 Mem:72.56M (Peak 72.56M) | Time:00:00.00 | Mem:0.00M, Peak:0.00M | Scene, ViewLayer | Synchronizing object | ADDED door inner lining
Fra:1 Mem:91.89M (Peak 98.28M) | Time:00:00.02 | Mem:0.00M, Peak:0.00M | Scene, ViewLayer | Initializing
Fra:1 Mem:91.85M (Peak 98.28M) | Time:00:00.02 | Mem:0.00M, Peak:0.00M | Scene, ViewLayer | Updating Images | Loading Image_0
Fra:1 Mem:91.85M (Peak 98.28M) | Time:00:00.02 | Mem:0.00M, Peak:0.00M | Scene, ViewLayer | Updating Images | Loading Image_1
Fra:1 Mem:123.27M (Peak 155.87M) | Time:00:00.08 | Mem:32.00M, Peak:32.00M | Scene, ViewLayer | Waiting for render to start
Fra:1 Mem:123.27M (Peak 155.87M) | Time:00:00.08 | Mem:32.00M, Peak:32.00M | Scene, ViewLayer | Loading render kernels (may take a few minutes the first time)
Fra:1 Mem:123.27M (Peak 155.87M) | Time:00:00.08 | Mem:32.00M, Peak:32.00M | Scene, ViewLayer | Updating Scene
Fra:1 Mem:123.27M (Peak 155.87M) | Time:00:00.08 | Mem:32.00M, Peak:32.00M | Scene, ViewLayer | Updating Shaders
Fra:1 Mem:123.36M (Peak 155.87M) | Time:00:00.08 | Mem:32.00M, Peak:32.00M | Scene, ViewLayer | Updating Procedurals
Fra:1 Mem:123.36M (Peak 155.87M) | Time:00:00.08 | Mem:32.00M, Peak:32.00M | Scene, ViewLayer | Updating Background
Fra:1 Mem:123.36M (Peak 155.87M) | Time:00:00.08 | Mem:32.00M, Peak:32.00M | Scene, ViewLayer | Updating Camera
Fra:1 Mem:123.36M (Peak 155.87M) | Time:00:00.08 | Mem:32.00M, Peak:32.00M | Scene, ViewLayer | Updating Meshes Flags
Fra:1 Mem:123.36M (Peak 155.87M) | Time:00:00.08 | Mem:32.00M, Peak:32.00M | Scene, ViewLayer | Updating Objects
Fra:1 Mem:123.36M (Peak 155.87M) | Time:00:00.08 | Mem:32.00M, Peak:32.00M | Scene, ViewLayer | Updating Objects | Copying Transformations to device
Fra:1 Mem:123.36M (Peak 155.87M) | Time:00:00.08 | Mem:32.01M, Peak:32.01M | Scene, ViewLayer | Updating Objects | Applying Static Transformations
Fra:1 Mem:123.36M (Peak 155.87M) | Time:00:00.08 | Mem:32.01M, Peak:32.01M | Scene, ViewLayer | Updating Particle Systems
Fra:1 Mem:123.36M (Peak 155.87M) | Time:00:00.08 | Mem:32.01M, Peak:32.01M | Scene, ViewLayer | Updating Particle Systems | Copying Particles to device
Fra:1 Mem:123.36M (Peak 155.87M) | Time:00:00.08 | Mem:32.01M, Peak:32.01M | Scene, ViewLayer | Updating Meshes
Fra:1 Mem:128.18M (Peak 155.87M) | Time:00:00.09 | Mem:32.01M, Peak:32.01M | Scene, ViewLayer | Updating Mesh | Computing attributes
Fra:1 Mem:137.33M (Peak 155.87M) | Time:00:00.09 | Mem:32.01M, Peak:32.01M | Scene, ViewLayer | Updating Mesh | Copying Attributes to device
Fra:1 Mem:137.33M (Peak 155.87M) | Time:00:00.09 | Mem:41.15M, Peak:41.15M | Scene, ViewLayer | Updating Scene BVH | Building
Fra:1 Mem:137.33M (Peak 155.87M) | Time:00:00.09 | Mem:41.15M, Peak:41.15M | Scene, ViewLayer | Updating Scene BVH | Building BVH
Fra:1 Mem:137.33M (Peak 155.87M) | Time:00:00.09 | Mem:50.79M, Peak:50.79M | Scene, ViewLayer | Updating Scene BVH | Building BVH 0%
Fra:1 Mem:137.33M (Peak 155.87M) | Time:00:00.15 | Mem:61.28M, Peak:70.92M | Scene, ViewLayer | Updating Scene BVH | Copying BVH to device
Fra:1 Mem:137.33M (Peak 155.87M) | Time:00:00.15 | Mem:61.28M, Peak:70.92M | Scene, ViewLayer | Updating Mesh | Computing normals
Fra:1 Mem:149.77M (Peak 155.87M) | Time:00:00.15 | Mem:61.28M, Peak:70.92M | Scene, ViewLayer | Updating Mesh | Copying Mesh to device
Fra:1 Mem:149.77M (Peak 155.87M) | Time:00:00.15 | Mem:73.72M, Peak:73.72M | Scene, ViewLayer | Updating Objects Flags
Fra:1 Mem:149.77M (Peak 155.87M) | Time:00:00.15 | Mem:73.72M, Peak:73.72M | Scene, ViewLayer | Updating Primitive Offsets
Fra:1 Mem:149.77M (Peak 155.87M) | Time:00:00.15 | Mem:73.72M, Peak:73.72M | Scene, ViewLayer | Updating Images
Fra:1 Mem:149.77M (Peak 155.87M) | Time:00:00.15 | Mem:73.72M, Peak:73.72M | Scene, ViewLayer | Updating Camera Volume
Fra:1 Mem:149.77M (Peak 155.87M) | Time:00:00.15 | Mem:73.72M, Peak:73.72M | Scene, ViewLayer | Updating Lookup Tables
Fra:1 Mem:149.77M (Peak 155.87M) | Time:00:00.15 | Mem:73.81M, Peak:73.81M | Scene, ViewLayer | Updating Lights
Fra:1 Mem:149.77M (Peak 155.87M) | Time:00:00.15 | Mem:73.81M, Peak:73.81M | Scene, ViewLayer | Updating Lights | Computing tree
Fra:1 Mem:149.77M (Peak 155.87M) | Time:00:00.15 | Mem:73.81M, Peak:73.81M | Scene, ViewLayer | Updating Integrator
Fra:1 Mem:149.77M (Peak 155.87M) | Time:00:00.15 | Mem:73.81M, Peak:73.81M | Scene, ViewLayer | Updating Film
Fra:1 Mem:149.78M (Peak 155.87M) | Time:00:00.15 | Mem:73.73M, Peak:73.81M | Scene, ViewLayer | Updating Lookup Tables
Fra:1 Mem:149.78M (Peak 155.87M) | Time:00:00.15 | Mem:73.81M, Peak:73.81M | Scene, ViewLayer | Updating Baking
Fra:1 Mem:149.78M (Peak 155.87M) | Time:00:00.15 | Mem:73.81M, Peak:73.81M | Scene, ViewLayer | Updating Device | Writing constant memory
Fra:1 Mem:149.78M (Peak 155.87M) | Time:00:00.15 | Mem:73.81M, Peak:73.81M | Scene, ViewLayer | Sample 0/32
Fra:1 Mem:197.25M (Peak 197.25M) | Time:00:02.50 | Remaining:01:12.65 | Mem:121.28M, Peak:121.28M | Scene, ViewLayer | Sample 1/32
Fra:1 Mem:197.25M (Peak 197.25M) | Time:00:37.94 | Remaining:00:33.34 | Mem:121.28M, Peak:121.28M | Scene, ViewLayer | Sample 17/32
Fra:1 Mem:218.35M (Peak 260.54M) | Time:01:11.48 | Mem:121.28M, Peak:121.28M | Scene, ViewLayer | Sample 32/32
Fra:1 Mem:218.35M (Peak 260.54M) | Time:01:11.48 | Mem:121.28M, Peak:121.28M | Scene, ViewLayer | Finished
Saved: '/workspace/CVPR_3D/trellis2_downstream_assets_20261009/artifacts/authoring_A_v1/edge_cabin_60.png'
Time: 01:11.82 (Saving: 00:00.33)

Info: Saved "partition_only.blend"
Info: Saved "car_door_authored.blend"
ERROR Draco mesh compression is not available because library could not be found at /usr/bin/4.3/python/lib/python3.13/site-packages/libextern_draco.so
20:34:49 | INFO: Starting glTF 2.0 export
20:34:49 | INFO: Extracting primitive: Generated exterior - fixed
20:34:49 | WARNING: More than one shader node tex image used for a texture. The resulting glTF sampler will behave like the first shader node tex image.
20:34:49 | INFO: Primitives created: 1
20:34:49 | INFO: Extracting primitive: ADDED door edge thickness
20:34:49 | INFO: Primitives created: 1
20:34:49 | INFO: Extracting primitive: ADDED door inner lining
20:34:49 | INFO: Primitives created: 1
20:34:49 | INFO: Extracting primitive: Generated front door - native UV PBR
20:34:49 | INFO: Primitives created: 1
20:34:49 | INFO: Extracting primitive: ADDED fixed aperture jamb
20:34:49 | INFO: Primitives created: 1
20:34:49 | INFO: Extracting primitive: Cube
20:34:49 | INFO: Primitives created: 1
20:34:49 | INFO: Extracting primitive: Cube.001
20:34:49 | INFO: Primitives created: 1
20:34:49 | INFO: Extracting primitive: Cube.002
20:34:49 | INFO: Primitives created: 1
20:34:49 | INFO: Extracting primitive: Cube.003
20:34:49 | INFO: Primitives created: 1
20:34:49 | INFO: Finished glTF 2.0 export in 0.5546114444732666 s

AUTHORING_COMPLETE {"status": "authored_exported", "source": "A", "config": {"asset_label": "A", "coordinate_frame": "Blender import Z up, front +X, camera-facing side -Y", "selection": "Convex XZ door silhouette extruded through near-side surface; visual manual specification after side render", "polygon_xz": [[-0.07, -0.1], [0.148, -0.1], [0.151, 0.018], [0.115, 0.098], [0.077, 0.137], [-0.052, 0.136]], "side_y_max": -0.1, "hinge_xyz": [-0.061, -0.153, 0.0], "opening_z_rotation_sign": -1, "hinge_status": "Plausible rear hinge for this vehicle and outward rotation; not recovered hidden mechanical ground truth", "additions": "0.006 inward Y lining/edge thickness; 0.022 aperture jamb; labelled proxy cabin floor, seat and dashboard", "units": "Native normalized asset units, not metric physical dimensions", "scope": "One bounded conventional preparation; no resolution/seed comparison or artist-time claim"}, "elapsed_seconds": 191.5983137990006, "original_triangles": 291603, "fully_inside_source_triangles": 12995, "fully_outside_source_triangles": 277231, "boundary_candidate_triangles": 1377, "door_triangles": 15064, "fixed_triangles": 279409, "original_area": 3.557456472842865, "partition_area": 3.557456472842865, "door_area": 0.16703676848607374, "boundary_edges": 1396, "material_policy": "Native exterior material and textures unchanged. New lining, edges, jamb, floor, seats and dashboard use labelled simple materials. No source exterior repaint/remesh/replacement.", "limits": "Hand-authored polygon and proxy interior; no claim of artist labor, watertightness, recovered hidden geometry, or physical collision certification. Export playback and views require independent verification."}

Blender quit
