{
  "image_controls": [
    {
      "name": "raw_vs_partition_closed",
      "a": "raw_same_camera_A/hero.png",
      "b": "authoring_A_v1/partition_only_closed.png",
      "shape": [
        960,
        1440,
        3
      ],
      "full_image_rgb_mae_0_1": 1.373948499152746e-06,
      "max_channel_error": 0.047058823529411764,
      "foreground_rgb_mae_0_1": 6.555121329521164e-06,
      "foreground_pixels": 289750,
      "fraction_foreground_pixels_mean_error_gt_8_of_255": 3.451251078515962e-06
    },
    {
      "name": "partition_vs_completed_closed",
      "a": "authoring_A_v1/partition_only_closed.png",
      "b": "authoring_A_v1/hero_00.png",
      "shape": [
        960,
        1440,
        3
      ],
      "full_image_rgb_mae_0_1": 0.0002010333454369401,
      "max_channel_error": 0.803921568627451,
      "foreground_rgb_mae_0_1": 0.0009591253787101596,
      "foreground_pixels": 289752,
      "fraction_foreground_pixels_mean_error_gt_8_of_255": 0.0064848560147988624
    },
    {
      "name": "authored_vs_reopened_hero_00",
      "a": "authoring_A_v1/hero_00.png",
      "b": "reopened_A_v1/hero_00.png",
      "shape": [
        960,
        1440,
        3
      ],
      "full_image_rgb_mae_0_1": 2.239167271847007e-06,
      "max_channel_error": 0.02352941176470591,
      "foreground_rgb_mae_0_1": 1.0683014566254262e-05,
      "foreground_pixels": 289752,
      "fraction_foreground_pixels_mean_error_gt_8_of_255": 0.0
    },
    {
      "name": "authored_vs_reopened_hero_30",
      "a": "authoring_A_v1/hero_30.png",
      "b": "reopened_A_v1/hero_30.png",
      "shape": [
        960,
        1440,
        3
      ],
      "full_image_rgb_mae_0_1": 1.5894494371822804e-05,
      "max_channel_error": 0.25882352941176473,
      "foreground_rgb_mae_0_1": 7.582231622764015e-05,
      "foreground_pixels": 289790,
      "fraction_foreground_pixels_mean_error_gt_8_of_255": 0.0006280409952034232
    },
    {
      "name": "authored_vs_reopened_hero_60",
      "a": "authoring_A_v1/hero_60.png",
      "b": "reopened_A_v1/hero_60.png",
      "shape": [
        960,
        1440,
        3
      ],
      "full_image_rgb_mae_0_1": 1.7363002299685327e-05,
      "max_channel_error": 0.2901960784313726,
      "foreground_rgb_mae_0_1": 8.25689009868832e-05,
      "foreground_pixels": 290698,
      "fraction_foreground_pixels_mean_error_gt_8_of_255": 0.0006707992487048415
    },
    {
      "name": "authored_vs_reopened_side_00",
      "a": "authoring_A_v1/side_00.png",
      "b": "reopened_A_v1/side_00.png",
      "shape": [
        960,
        1440,
        3
      ],
      "full_image_rgb_mae_0_1": 2.237276083272811e-06,
      "max_channel_error": 0.02352941176470591,
      "foreground_rgb_mae_0_1": 1.148676121640237e-05,
      "foreground_pixels": 269250,
      "fraction_foreground_pixels_mean_error_gt_8_of_255": 0.0
    },
    {
      "name": "authored_vs_reopened_side_30",
      "a": "authoring_A_v1/side_30.png",
      "b": "reopened_A_v1/side_30.png",
      "shape": [
        960,
        1440,
        3
      ],
      "full_image_rgb_mae_0_1": 9.54577432824982e-06,
      "max_channel_error": 0.2196078431372549,
      "foreground_rgb_mae_0_1": 4.899521943524601e-05,
      "foreground_pixels": 269334,
      "fraction_foreground_pixels_mean_error_gt_8_of_255": 0.0003490090371063438
    },
    {
      "name": "authored_vs_reopened_side_60",
      "a": "authoring_A_v1/side_60.png",
      "b": "reopened_A_v1/side_60.png",
      "shape": [
        960,
        1440,
        3
      ],
      "full_image_rgb_mae_0_1": 1.3460534676833708e-05,
      "max_channel_error": 0.24705882352941178,
      "foreground_rgb_mae_0_1": 6.91828823615435e-05,
      "foreground_pixels": 268966,
      "fraction_foreground_pixels_mean_error_gt_8_of_255": 0.0005316657123948751
    }
  ],
  "trajectory": {
    "checked_samples": 121,
    "max_error_from_linear_1_degree_per_frame": 2.1075542875337305e-05,
    "opening_monotonic": true,
    "closing_monotonic": true,
    "max_door_local_transform_error_relative_to_hinge": 1.3434874310269684e-08,
    "fixed_body_scope": "Original fresh import probe asserts every sampled body matrix within1e-7. Its reported0 is a literal and is not treated here as measured bitwise equality."
  }
}
