Blender 4.3.2
Read blend: "/workspace/CVPR_3D/trellis2_downstream_assets_20261009/artifacts/raw_inspection/B_v2/native_import.blend"
Fra:1 Mem:36.04M (Peak 36.04M) | Time:00:00.00 | Mem:0.00M, Peak:0.00M | Scene, ViewLayer | Synchronizing object | geometry_0
Fra:1 Mem:65.20M (Peak 99.44M) | Time:00:00.16 | Mem:0.00M, Peak:0.00M | Scene, ViewLayer | Initializing
Fra:1 Mem:65.20M (Peak 99.44M) | Time:00:00.16 | Mem:0.00M, Peak:0.00M | Scene, ViewLayer | Updating Images | Loading Image_1
Fra:1 Mem:65.20M (Peak 99.44M) | Time:00:00.16 | Mem:0.00M, Peak:0.00M | Scene, ViewLayer | Updating Images | Loading Image_0
Fra:1 Mem:96.98M (Peak 129.22M) | Time:00:00.25 | Mem:32.00M, Peak:32.00M | Scene, ViewLayer | Waiting for render to start
Fra:1 Mem:96.98M (Peak 129.22M) | Time:00:00.26 | Mem:32.00M, Peak:32.00M | Scene, ViewLayer | Loading render kernels (may take a few minutes the first time)
Fra:1 Mem:96.98M (Peak 129.22M) | Time:00:00.26 | Mem:32.00M, Peak:32.00M | Scene, ViewLayer | Updating Scene
Fra:1 Mem:96.98M (Peak 129.22M) | Time:00:00.26 | Mem:32.00M, Peak:32.00M | Scene, ViewLayer | Updating Shaders
Fra:1 Mem:97.07M (Peak 129.22M) | Time:00:00.26 | Mem:32.00M, Peak:32.00M | Scene, ViewLayer | Updating Procedurals
Fra:1 Mem:97.07M (Peak 129.22M) | Time:00:00.26 | Mem:32.00M, Peak:32.00M | Scene, ViewLayer | Updating Background
Fra:1 Mem:97.07M (Peak 129.22M) | Time:00:00.26 | Mem:32.00M, Peak:32.00M | Scene, ViewLayer | Updating Camera
Fra:1 Mem:97.07M (Peak 129.22M) | Time:00:00.26 | Mem:32.00M, Peak:32.00M | Scene, ViewLayer | Updating Meshes Flags
Fra:1 Mem:97.07M (Peak 129.22M) | Time:00:00.26 | Mem:32.00M, Peak:32.00M | Scene, ViewLayer | Updating Objects
Fra:1 Mem:97.07M (Peak 129.22M) | Time:00:00.26 | Mem:32.00M, Peak:32.00M | Scene, ViewLayer | Updating Objects | Copying Transformations to device
Fra:1 Mem:97.07M (Peak 129.22M) | Time:00:00.26 | Mem:32.00M, Peak:32.00M | Scene, ViewLayer | Updating Objects | Applying Static Transformations
Fra:1 Mem:97.07M (Peak 129.22M) | Time:00:00.26 | Mem:32.00M, Peak:32.00M | Scene, ViewLayer | Updating Particle Systems
Fra:1 Mem:97.07M (Peak 129.22M) | Time:00:00.26 | Mem:32.00M, Peak:32.00M | Scene, ViewLayer | Updating Particle Systems | Copying Particles to device
Fra:1 Mem:97.07M (Peak 129.22M) | Time:00:00.26 | Mem:32.00M, Peak:32.00M | Scene, ViewLayer | Updating Meshes
Fra:1 Mem:101.29M (Peak 129.22M) | Time:00:00.28 | Mem:32.00M, Peak:32.00M | Scene, ViewLayer | Updating Mesh | Computing attributes
Fra:1 Mem:109.69M (Peak 129.22M) | Time:00:00.28 | Mem:32.00M, Peak:32.00M | Scene, ViewLayer | Updating Mesh | Copying Attributes to device
Fra:1 Mem:109.69M (Peak 129.22M) | Time:00:00.28 | Mem:40.40M, Peak:40.40M | Scene, ViewLayer | Updating Scene BVH | Building
Fra:1 Mem:109.69M (Peak 129.22M) | Time:00:00.28 | Mem:40.40M, Peak:40.40M | Scene, ViewLayer | Updating Scene BVH | Building BVH
Fra:1 Mem:109.69M (Peak 129.22M) | Time:00:00.28 | Mem:48.84M, Peak:48.84M | Scene, ViewLayer | Updating Scene BVH | Building BVH 0%
Fra:1 Mem:109.69M (Peak 129.22M) | Time:00:00.33 | Mem:58.03M, Peak:66.47M | Scene, ViewLayer | Updating Scene BVH | Copying BVH to device
Fra:1 Mem:109.69M (Peak 129.22M) | Time:00:00.33 | Mem:58.03M, Peak:66.47M | Scene, ViewLayer | Updating Mesh | Computing normals
Fra:1 Mem:120.49M (Peak 129.22M) | Time:00:00.34 | Mem:58.03M, Peak:66.47M | Scene, ViewLayer | Updating Mesh | Copying Mesh to device
Fra:1 Mem:120.49M (Peak 129.22M) | Time:00:00.34 | Mem:68.83M, Peak:68.83M | Scene, ViewLayer | Updating Objects Flags
Fra:1 Mem:120.49M (Peak 129.22M) | Time:00:00.34 | Mem:68.83M, Peak:68.83M | Scene, ViewLayer | Updating Primitive Offsets
Fra:1 Mem:120.49M (Peak 129.22M) | Time:00:00.34 | Mem:68.83M, Peak:68.83M | Scene, ViewLayer | Updating Images
Fra:1 Mem:120.49M (Peak 129.22M) | Time:00:00.34 | Mem:68.83M, Peak:68.83M | Scene, ViewLayer | Updating Camera Volume
Fra:1 Mem:120.49M (Peak 129.22M) | Time:00:00.34 | Mem:68.83M, Peak:68.83M | Scene, ViewLayer | Updating Lookup Tables
Fra:1 Mem:120.49M (Peak 129.22M) | Time:00:00.34 | Mem:68.91M, Peak:68.91M | Scene, ViewLayer | Updating Lights
Fra:1 Mem:120.49M (Peak 129.22M) | Time:00:00.34 | Mem:68.91M, Peak:68.91M | Scene, ViewLayer | Updating Lights | Computing tree
Fra:1 Mem:120.49M (Peak 129.22M) | Time:00:00.34 | Mem:68.91M, Peak:68.91M | Scene, ViewLayer | Updating Integrator
Fra:1 Mem:120.49M (Peak 129.22M) | Time:00:00.34 | Mem:68.91M, Peak:68.91M | Scene, ViewLayer | Updating Film
Fra:1 Mem:120.49M (Peak 129.22M) | Time:00:00.34 | Mem:68.83M, Peak:68.91M | Scene, ViewLayer | Updating Lookup Tables
Fra:1 Mem:120.49M (Peak 129.22M) | Time:00:00.34 | Mem:68.91M, Peak:68.91M | Scene, ViewLayer | Updating Baking
Fra:1 Mem:120.49M (Peak 129.22M) | Time:00:00.34 | Mem:68.91M, Peak:68.91M | Scene, ViewLayer | Updating Device | Writing constant memory
Fra:1 Mem:120.49M (Peak 129.22M) | Time:00:00.34 | Mem:68.91M, Peak:68.91M | Scene, ViewLayer | Sample 0/24
Fra:1 Mem:139.04M (Peak 139.04M) | Time:00:00.46 | Remaining:00:02.81 | Mem:87.47M, Peak:87.47M | Scene, ViewLayer | Sample 1/24
Fra:1 Mem:147.28M (Peak 163.76M) | Time:00:02.99 | Mem:87.47M, Peak:87.47M | Scene, ViewLayer | Sample 24/24
Fra:1 Mem:147.28M (Peak 163.76M) | Time:00:02.99 | Mem:87.47M, Peak:87.47M | Scene, ViewLayer | Finished
Saved: '/workspace/CVPR_3D/trellis2_downstream_assets_20261009/artifacts/presentation_controls/B/side_native.png'
Time: 00:03.21 (Saving: 00:00.22)

Fra:1 Mem:46.12M (Peak 46.12M) | Time:00:00.00 | Mem:0.00M, Peak:0.00M | Scene, ViewLayer | Synchronizing object | geometry_0
Fra:1 Mem:62.46M (Peak 95.71M) | Time:00:00.10 | Mem:0.00M, Peak:0.00M | Scene, ViewLayer | Initializing
Fra:1 Mem:62.45M (Peak 95.71M) | Time:00:00.10 | Mem:0.00M, Peak:0.00M | Scene, ViewLayer | Updating Images | Loading Image_1
Fra:1 Mem:62.45M (Peak 95.71M) | Time:00:00.10 | Mem:0.00M, Peak:0.00M | Scene, ViewLayer | Updating Images | Loading Image_0
Fra:1 Mem:94.23M (Peak 126.47M) | Time:00:00.17 | Mem:32.00M, Peak:32.00M | Scene, ViewLayer | Waiting for render to start
Fra:1 Mem:94.23M (Peak 126.47M) | Time:00:00.17 | Mem:32.00M, Peak:32.00M | Scene, ViewLayer | Loading render kernels (may take a few minutes the first time)
Fra:1 Mem:94.23M (Peak 126.47M) | Time:00:00.17 | Mem:32.00M, Peak:32.00M | Scene, ViewLayer | Updating Scene
Fra:1 Mem:94.23M (Peak 126.47M) | Time:00:00.17 | Mem:32.00M, Peak:32.00M | Scene, ViewLayer | Updating Shaders
Fra:1 Mem:94.31M (Peak 126.47M) | Time:00:00.17 | Mem:32.00M, Peak:32.00M | Scene, ViewLayer | Updating Procedurals
Fra:1 Mem:94.31M (Peak 126.47M) | Time:00:00.17 | Mem:32.00M, Peak:32.00M | Scene, ViewLayer | Updating Background
Fra:1 Mem:94.31M (Peak 126.47M) | Time:00:00.17 | Mem:32.00M, Peak:32.00M | Scene, ViewLayer | Updating Camera
Fra:1 Mem:94.31M (Peak 126.47M) | Time:00:00.17 | Mem:32.00M, Peak:32.00M | Scene, ViewLayer | Updating Meshes Flags
Fra:1 Mem:94.31M (Peak 126.47M) | Time:00:00.17 | Mem:32.00M, Peak:32.00M | Scene, ViewLayer | Updating Objects
Fra:1 Mem:94.31M (Peak 126.47M) | Time:00:00.17 | Mem:32.00M, Peak:32.00M | Scene, ViewLayer | Updating Objects | Copying Transformations to device
Fra:1 Mem:94.31M (Peak 126.47M) | Time:00:00.17 | Mem:32.00M, Peak:32.00M | Scene, ViewLayer | Updating Objects | Applying Static Transformations
Fra:1 Mem:94.31M (Peak 126.47M) | Time:00:00.17 | Mem:32.00M, Peak:32.00M | Scene, ViewLayer | Updating Particle Systems
Fra:1 Mem:94.31M (Peak 126.47M) | Time:00:00.17 | Mem:32.00M, Peak:32.00M | Scene, ViewLayer | Updating Particle Systems | Copying Particles to device
Fra:1 Mem:94.31M (Peak 126.47M) | Time:00:00.17 | Mem:32.00M, Peak:32.00M | Scene, ViewLayer | Updating Meshes
Fra:1 Mem:98.53M (Peak 126.47M) | Time:00:00.17 | Mem:32.00M, Peak:32.00M | Scene, ViewLayer | Updating Mesh | Computing attributes
Fra:1 Mem:104.86M (Peak 126.47M) | Time:00:00.17 | Mem:32.00M, Peak:32.00M | Scene, ViewLayer | Updating Mesh | Copying Attributes to device
Fra:1 Mem:104.86M (Peak 126.47M) | Time:00:00.17 | Mem:38.33M, Peak:38.33M | Scene, ViewLayer | Updating Scene BVH | Building
Fra:1 Mem:104.86M (Peak 126.47M) | Time:00:00.17 | Mem:38.33M, Peak:38.33M | Scene, ViewLayer | Updating Scene BVH | Building BVH
Fra:1 Mem:104.86M (Peak 126.47M) | Time:00:00.17 | Mem:46.77M, Peak:46.77M | Scene, ViewLayer | Updating Scene BVH | Building BVH 0%
Fra:1 Mem:104.86M (Peak 126.47M) | Time:00:00.22 | Mem:55.96M, Peak:64.40M | Scene, ViewLayer | Updating Scene BVH | Copying BVH to device
Fra:1 Mem:104.86M (Peak 126.47M) | Time:00:00.22 | Mem:55.96M, Peak:64.40M | Scene, ViewLayer | Updating Mesh | Computing normals
Fra:1 Mem:115.66M (Peak 126.47M) | Time:00:00.22 | Mem:55.96M, Peak:64.40M | Scene, ViewLayer | Updating Mesh | Copying Mesh to device
Fra:1 Mem:115.66M (Peak 126.47M) | Time:00:00.22 | Mem:66.76M, Peak:66.76M | Scene, ViewLayer | Updating Objects Flags
Fra:1 Mem:115.66M (Peak 126.47M) | Time:00:00.22 | Mem:66.76M, Peak:66.76M | Scene, ViewLayer | Updating Primitive Offsets
Fra:1 Mem:115.66M (Peak 126.47M) | Time:00:00.22 | Mem:66.76M, Peak:66.76M | Scene, ViewLayer | Updating Images
Fra:1 Mem:99.66M (Peak 126.47M) | Time:00:00.22 | Mem:50.76M, Peak:66.76M | Scene, ViewLayer | Updating Camera Volume
Fra:1 Mem:99.66M (Peak 126.47M) | Time:00:00.22 | Mem:50.76M, Peak:66.76M | Scene, ViewLayer | Updating Lookup Tables
Fra:1 Mem:99.66M (Peak 126.47M) | Time:00:00.22 | Mem:50.84M, Peak:66.76M | Scene, ViewLayer | Updating Lights
Fra:1 Mem:99.66M (Peak 126.47M) | Time:00:00.22 | Mem:50.84M, Peak:66.76M | Scene, ViewLayer | Updating Lights | Computing tree
Fra:1 Mem:151.36M (Peak 185.13M) | Time:00:01.09 | Mem:102.54M, Peak:102.54M | Scene, ViewLayer | Updating Integrator
Fra:1 Mem:151.36M (Peak 185.13M) | Time:00:01.09 | Mem:102.54M, Peak:102.54M | Scene, ViewLayer | Updating Film
Fra:1 Mem:151.37M (Peak 185.13M) | Time:00:01.10 | Mem:102.46M, Peak:102.54M | Scene, ViewLayer | Updating Lookup Tables
Fra:1 Mem:151.37M (Peak 185.13M) | Time:00:01.10 | Mem:102.54M, Peak:102.54M | Scene, ViewLayer | Updating Baking
Fra:1 Mem:151.37M (Peak 185.13M) | Time:00:01.10 | Mem:102.54M, Peak:102.54M | Scene, ViewLayer | Updating Device | Writing constant memory
Fra:1 Mem:151.37M (Peak 185.13M) | Time:00:01.10 | Mem:102.54M, Peak:102.54M | Scene, ViewLayer | Sample 0/24
Fra:1 Mem:169.91M (Peak 185.13M) | Time:00:01.17 | Remaining:00:01.78 | Mem:121.09M, Peak:121.09M | Scene, ViewLayer | Sample 1/24
Fra:1 Mem:178.16M (Peak 194.64M) | Time:00:02.73 | Mem:121.09M, Peak:121.09M | Scene, ViewLayer | Sample 24/24
Fra:1 Mem:178.16M (Peak 194.64M) | Time:00:02.73 | Mem:121.09M, Peak:121.09M | Scene, ViewLayer | Finished
Saved: '/workspace/CVPR_3D/trellis2_downstream_assets_20261009/artifacts/presentation_controls/B/q1_basecolor.png'
Time: 00:02.80 (Saving: 00:00.07)

Fra:1 Mem:46.12M (Peak 46.12M) | Time:00:00.00 | Mem:0.00M, Peak:0.00M | Scene, ViewLayer | Synchronizing object | geometry_0
Fra:1 Mem:62.46M (Peak 95.71M) | Time:00:00.10 | Mem:0.00M, Peak:0.00M | Scene, ViewLayer | Initializing
Fra:1 Mem:62.45M (Peak 95.71M) | Time:00:00.10 | Mem:0.00M, Peak:0.00M | Scene, ViewLayer | Updating Images | Loading Image_1
Fra:1 Mem:62.45M (Peak 95.71M) | Time:00:00.10 | Mem:0.00M, Peak:0.00M | Scene, ViewLayer | Updating Images | Loading Image_0
Fra:1 Mem:94.23M (Peak 126.47M) | Time:00:00.18 | Mem:32.00M, Peak:32.00M | Scene, ViewLayer | Waiting for render to start
Fra:1 Mem:94.23M (Peak 126.47M) | Time:00:00.18 | Mem:32.00M, Peak:32.00M | Scene, ViewLayer | Loading render kernels (may take a few minutes the first time)
Fra:1 Mem:94.23M (Peak 126.47M) | Time:00:00.18 | Mem:32.00M, Peak:32.00M | Scene, ViewLayer | Updating Scene
Fra:1 Mem:94.23M (Peak 126.47M) | Time:00:00.18 | Mem:32.00M, Peak:32.00M | Scene, ViewLayer | Updating Shaders
Fra:1 Mem:94.31M (Peak 126.47M) | Time:00:00.18 | Mem:32.00M, Peak:32.00M | Scene, ViewLayer | Updating Procedurals
Fra:1 Mem:94.31M (Peak 126.47M) | Time:00:00.18 | Mem:32.00M, Peak:32.00M | Scene, ViewLayer | Updating Background
Fra:1 Mem:94.31M (Peak 126.47M) | Time:00:00.18 | Mem:32.00M, Peak:32.00M | Scene, ViewLayer | Updating Camera
Fra:1 Mem:94.31M (Peak 126.47M) | Time:00:00.18 | Mem:32.00M, Peak:32.00M | Scene, ViewLayer | Updating Meshes Flags
Fra:1 Mem:94.31M (Peak 126.47M) | Time:00:00.18 | Mem:32.00M, Peak:32.00M | Scene, ViewLayer | Updating Objects
Fra:1 Mem:94.31M (Peak 126.47M) | Time:00:00.18 | Mem:32.00M, Peak:32.00M | Scene, ViewLayer | Updating Objects | Copying Transformations to device
Fra:1 Mem:94.31M (Peak 126.47M) | Time:00:00.18 | Mem:32.00M, Peak:32.00M | Scene, ViewLayer | Updating Objects | Applying Static Transformations
Fra:1 Mem:94.31M (Peak 126.47M) | Time:00:00.18 | Mem:32.00M, Peak:32.00M | Scene, ViewLayer | Updating Particle Systems
Fra:1 Mem:94.31M (Peak 126.47M) | Time:00:00.18 | Mem:32.00M, Peak:32.00M | Scene, ViewLayer | Updating Particle Systems | Copying Particles to device
Fra:1 Mem:94.31M (Peak 126.47M) | Time:00:00.18 | Mem:32.00M, Peak:32.00M | Scene, ViewLayer | Updating Meshes
Fra:1 Mem:98.53M (Peak 126.47M) | Time:00:00.19 | Mem:32.00M, Peak:32.00M | Scene, ViewLayer | Updating Mesh | Computing attributes
Fra:1 Mem:104.86M (Peak 126.47M) | Time:00:00.19 | Mem:32.00M, Peak:32.00M | Scene, ViewLayer | Updating Mesh | Copying Attributes to device
Fra:1 Mem:104.86M (Peak 126.47M) | Time:00:00.19 | Mem:38.33M, Peak:38.33M | Scene, ViewLayer | Updating Scene BVH | Building
Fra:1 Mem:104.86M (Peak 126.47M) | Time:00:00.19 | Mem:38.33M, Peak:38.33M | Scene, ViewLayer | Updating Scene BVH | Building BVH
Fra:1 Mem:104.86M (Peak 126.47M) | Time:00:00.19 | Mem:46.77M, Peak:46.77M | Scene, ViewLayer | Updating Scene BVH | Building BVH 0%
Fra:1 Mem:104.86M (Peak 126.47M) | Time:00:00.24 | Mem:55.96M, Peak:64.40M | Scene, ViewLayer | Updating Scene BVH | Copying BVH to device
Fra:1 Mem:104.86M (Peak 126.47M) | Time:00:00.24 | Mem:55.96M, Peak:64.40M | Scene, ViewLayer | Updating Mesh | Computing normals
Fra:1 Mem:115.66M (Peak 126.47M) | Time:00:00.24 | Mem:55.96M, Peak:64.40M | Scene, ViewLayer | Updating Mesh | Copying Mesh to device
Fra:1 Mem:115.66M (Peak 126.47M) | Time:00:00.24 | Mem:66.76M, Peak:66.76M | Scene, ViewLayer | Updating Objects Flags
Fra:1 Mem:115.66M (Peak 126.47M) | Time:00:00.24 | Mem:66.76M, Peak:66.76M | Scene, ViewLayer | Updating Primitive Offsets
Fra:1 Mem:115.66M (Peak 126.47M) | Time:00:00.24 | Mem:66.76M, Peak:66.76M | Scene, ViewLayer | Updating Images
Fra:1 Mem:99.66M (Peak 126.47M) | Time:00:00.24 | Mem:50.76M, Peak:66.76M | Scene, ViewLayer | Updating Camera Volume
Fra:1 Mem:99.66M (Peak 126.47M) | Time:00:00.24 | Mem:50.76M, Peak:66.76M | Scene, ViewLayer | Updating Lookup Tables
Fra:1 Mem:99.66M (Peak 126.47M) | Time:00:00.24 | Mem:50.84M, Peak:66.76M | Scene, ViewLayer | Updating Lights
Fra:1 Mem:99.66M (Peak 126.47M) | Time:00:00.24 | Mem:50.84M, Peak:66.76M | Scene, ViewLayer | Updating Lights | Computing tree
Fra:1 Mem:151.36M (Peak 185.13M) | Time:00:01.49 | Mem:102.54M, Peak:102.54M | Scene, ViewLayer | Updating Integrator
Fra:1 Mem:151.36M (Peak 185.13M) | Time:00:01.49 | Mem:102.54M, Peak:102.54M | Scene, ViewLayer | Updating Film
Fra:1 Mem:151.37M (Peak 185.13M) | Time:00:01.49 | Mem:102.46M, Peak:102.54M | Scene, ViewLayer | Updating Lookup Tables
Fra:1 Mem:151.37M (Peak 185.13M) | Time:00:01.49 | Mem:102.54M, Peak:102.54M | Scene, ViewLayer | Updating Baking
Fra:1 Mem:151.37M (Peak 185.13M) | Time:00:01.49 | Mem:102.54M, Peak:102.54M | Scene, ViewLayer | Updating Device | Writing constant memory
Fra:1 Mem:151.37M (Peak 185.13M) | Time:00:01.49 | Mem:102.54M, Peak:102.54M | Scene, ViewLayer | Sample 0/24
Fra:1 Mem:169.91M (Peak 185.13M) | Time:00:01.58 | Remaining:00:02.10 | Mem:121.09M, Peak:121.09M | Scene, ViewLayer | Sample 1/24
Fra:1 Mem:178.16M (Peak 194.64M) | Time:00:03.10 | Mem:121.09M, Peak:121.09M | Scene, ViewLayer | Sample 24/24
Fra:1 Mem:178.16M (Peak 194.64M) | Time:00:03.10 | Mem:121.09M, Peak:121.09M | Scene, ViewLayer | Finished
Saved: '/workspace/CVPR_3D/trellis2_downstream_assets_20261009/artifacts/presentation_controls/B/side_basecolor.png'
Time: 00:03.16 (Saving: 00:00.06)

Fra:1 Mem:46.24M (Peak 46.24M) | Time:00:00.00 | Mem:0.00M, Peak:0.00M | Scene, ViewLayer | Synchronizing object | geometry_0
Fra:1 Mem:59.01M (Peak 95.83M) | Time:00:00.08 | Mem:0.00M, Peak:0.00M | Scene, ViewLayer | Initializing
Fra:1 Mem:59.00M (Peak 95.83M) | Time:00:00.08 | Mem:0.00M, Peak:0.00M | Scene, ViewLayer | Updating Images | Loading Image_1
Fra:1 Mem:59.00M (Peak 95.83M) | Time:00:00.08 | Mem:0.00M, Peak:0.00M | Scene, ViewLayer | Updating Images | Loading Image_0
Fra:1 Mem:90.74M (Peak 123.02M) | Time:00:00.15 | Mem:32.00M, Peak:32.00M | Scene, ViewLayer | Waiting for render to start
Fra:1 Mem:90.74M (Peak 123.02M) | Time:00:00.15 | Mem:32.00M, Peak:32.00M | Scene, ViewLayer | Loading render kernels (may take a few minutes the first time)
Fra:1 Mem:90.74M (Peak 123.02M) | Time:00:00.15 | Mem:32.00M, Peak:32.00M | Scene, ViewLayer | Updating Scene
Fra:1 Mem:90.74M (Peak 123.02M) | Time:00:00.15 | Mem:32.00M, Peak:32.00M | Scene, ViewLayer | Updating Shaders
Fra:1 Mem:90.83M (Peak 123.02M) | Time:00:00.15 | Mem:32.00M, Peak:32.00M | Scene, ViewLayer | Updating Procedurals
Fra:1 Mem:90.83M (Peak 123.02M) | Time:00:00.15 | Mem:32.00M, Peak:32.00M | Scene, ViewLayer | Updating Background
Fra:1 Mem:90.83M (Peak 123.02M) | Time:00:00.15 | Mem:32.00M, Peak:32.00M | Scene, ViewLayer | Updating Camera
Fra:1 Mem:90.83M (Peak 123.02M) | Time:00:00.15 | Mem:32.00M, Peak:32.00M | Scene, ViewLayer | Updating Meshes Flags
Fra:1 Mem:90.83M (Peak 123.02M) | Time:00:00.15 | Mem:32.00M, Peak:32.00M | Scene, ViewLayer | Updating Objects
Fra:1 Mem:90.83M (Peak 123.02M) | Time:00:00.15 | Mem:32.00M, Peak:32.00M | Scene, ViewLayer | Updating Objects | Copying Transformations to device
Fra:1 Mem:90.83M (Peak 123.02M) | Time:00:00.15 | Mem:32.00M, Peak:32.00M | Scene, ViewLayer | Updating Objects | Applying Static Transformations
Fra:1 Mem:90.83M (Peak 123.02M) | Time:00:00.15 | Mem:32.00M, Peak:32.00M | Scene, ViewLayer | Updating Particle Systems
Fra:1 Mem:90.83M (Peak 123.02M) | Time:00:00.15 | Mem:32.00M, Peak:32.00M | Scene, ViewLayer | Updating Particle Systems | Copying Particles to device
Fra:1 Mem:90.83M (Peak 123.02M) | Time:00:00.15 | Mem:32.00M, Peak:32.00M | Scene, ViewLayer | Updating Meshes
Fra:1 Mem:95.05M (Peak 123.02M) | Time:00:00.16 | Mem:32.00M, Peak:32.00M | Scene, ViewLayer | Updating Mesh | Computing attributes
Fra:1 Mem:97.12M (Peak 123.02M) | Time:00:00.16 | Mem:32.00M, Peak:32.00M | Scene, ViewLayer | Updating Mesh | Copying Attributes to device
Fra:1 Mem:97.12M (Peak 123.02M) | Time:00:00.16 | Mem:34.07M, Peak:34.07M | Scene, ViewLayer | Updating Scene BVH | Building
Fra:1 Mem:97.12M (Peak 123.02M) | Time:00:00.16 | Mem:34.07M, Peak:34.07M | Scene, ViewLayer | Updating Scene BVH | Building BVH
Fra:1 Mem:97.12M (Peak 123.02M) | Time:00:00.16 | Mem:42.51M, Peak:42.51M | Scene, ViewLayer | Updating Scene BVH | Building BVH 0%
Fra:1 Mem:97.12M (Peak 123.02M) | Time:00:00.21 | Mem:51.70M, Peak:60.14M | Scene, ViewLayer | Updating Scene BVH | Copying BVH to device
Fra:1 Mem:97.12M (Peak 123.02M) | Time:00:00.21 | Mem:51.70M, Peak:60.14M | Scene, ViewLayer | Updating Mesh | Computing normals
Fra:1 Mem:107.92M (Peak 123.02M) | Time:00:00.21 | Mem:51.70M, Peak:60.14M | Scene, ViewLayer | Updating Mesh | Copying Mesh to device
Fra:1 Mem:107.92M (Peak 123.02M) | Time:00:00.21 | Mem:62.50M, Peak:62.50M | Scene, ViewLayer | Updating Objects Flags
Fra:1 Mem:107.92M (Peak 123.02M) | Time:00:00.21 | Mem:62.50M, Peak:62.50M | Scene, ViewLayer | Updating Primitive Offsets
Fra:1 Mem:107.92M (Peak 123.02M) | Time:00:00.21 | Mem:62.50M, Peak:62.50M | Scene, ViewLayer | Updating Images
Fra:1 Mem:91.92M (Peak 123.02M) | Time:00:00.21 | Mem:46.50M, Peak:62.50M | Scene, ViewLayer | Updating Camera Volume
Fra:1 Mem:91.92M (Peak 123.02M) | Time:00:00.21 | Mem:46.50M, Peak:62.50M | Scene, ViewLayer | Updating Lookup Tables
Fra:1 Mem:91.92M (Peak 123.02M) | Time:00:00.21 | Mem:46.58M, Peak:62.50M | Scene, ViewLayer | Updating Lights
Fra:1 Mem:91.92M (Peak 123.02M) | Time:00:00.21 | Mem:46.58M, Peak:62.50M | Scene, ViewLayer | Updating Lights | Computing tree
Fra:1 Mem:91.92M (Peak 123.02M) | Time:00:00.21 | Mem:46.58M, Peak:62.50M | Scene, ViewLayer | Updating Integrator
Fra:1 Mem:91.92M (Peak 123.02M) | Time:00:00.21 | Mem:46.58M, Peak:62.50M | Scene, ViewLayer | Updating Film
Fra:1 Mem:91.92M (Peak 123.02M) | Time:00:00.21 | Mem:46.50M, Peak:62.50M | Scene, ViewLayer | Updating Lookup Tables
Fra:1 Mem:91.92M (Peak 123.02M) | Time:00:00.21 | Mem:46.58M, Peak:62.50M | Scene, ViewLayer | Updating Baking
Fra:1 Mem:91.92M (Peak 123.02M) | Time:00:00.21 | Mem:46.58M, Peak:62.50M | Scene, ViewLayer | Updating Device | Writing constant memory
Fra:1 Mem:91.92M (Peak 123.02M) | Time:00:00.21 | Mem:46.58M, Peak:62.50M | Scene, ViewLayer | Sample 0/24
Fra:1 Mem:110.47M (Peak 123.02M) | Time:00:00.32 | Remaining:00:02.48 | Mem:65.13M, Peak:65.13M | Scene, ViewLayer | Sample 1/24
Fra:1 Mem:118.71M (Peak 135.19M) | Time:00:02.76 | Mem:65.13M, Peak:65.13M | Scene, ViewLayer | Sample 24/24
Fra:1 Mem:118.71M (Peak 135.19M) | Time:00:02.76 | Mem:65.13M, Peak:65.13M | Scene, ViewLayer | Finished
Saved: '/workspace/CVPR_3D/trellis2_downstream_assets_20261009/artifacts/presentation_controls/B/side_clay.png'
Time: 00:02.83 (Saving: 00:00.06)

Fra:1 Mem:46.24M (Peak 46.24M) | Time:00:00.00 | Mem:0.00M, Peak:0.00M | Scene, ViewLayer | Synchronizing object | geometry_0
Fra:1 Mem:59.01M (Peak 95.83M) | Time:00:00.09 | Mem:0.00M, Peak:0.00M | Scene, ViewLayer | Initializing
Fra:1 Mem:59.00M (Peak 95.83M) | Time:00:00.09 | Mem:0.00M, Peak:0.00M | Scene, ViewLayer | Updating Images | Loading Image_1
Fra:1 Mem:59.00M (Peak 95.83M) | Time:00:00.09 | Mem:0.00M, Peak:0.00M | Scene, ViewLayer | Updating Images | Loading Image_0
Fra:1 Mem:90.74M (Peak 123.02M) | Time:00:00.17 | Mem:32.00M, Peak:32.00M | Scene, ViewLayer | Waiting for render to start
Fra:1 Mem:90.74M (Peak 123.02M) | Time:00:00.17 | Mem:32.00M, Peak:32.00M | Scene, ViewLayer | Loading render kernels (may take a few minutes the first time)
Fra:1 Mem:90.74M (Peak 123.02M) | Time:00:00.17 | Mem:32.00M, Peak:32.00M | Scene, ViewLayer | Updating Scene
Fra:1 Mem:90.74M (Peak 123.02M) | Time:00:00.17 | Mem:32.00M, Peak:32.00M | Scene, ViewLayer | Updating Shaders
Fra:1 Mem:90.83M (Peak 123.02M) | Time:00:00.17 | Mem:32.00M, Peak:32.00M | Scene, ViewLayer | Updating Procedurals
Fra:1 Mem:90.83M (Peak 123.02M) | Time:00:00.17 | Mem:32.00M, Peak:32.00M | Scene, ViewLayer | Updating Background
Fra:1 Mem:90.83M (Peak 123.02M) | Time:00:00.17 | Mem:32.00M, Peak:32.00M | Scene, ViewLayer | Updating Camera
Fra:1 Mem:90.83M (Peak 123.02M) | Time:00:00.17 | Mem:32.00M, Peak:32.00M | Scene, ViewLayer | Updating Meshes Flags
Fra:1 Mem:90.83M (Peak 123.02M) | Time:00:00.17 | Mem:32.00M, Peak:32.00M | Scene, ViewLayer | Updating Objects
Fra:1 Mem:90.83M (Peak 123.02M) | Time:00:00.17 | Mem:32.00M, Peak:32.00M | Scene, ViewLayer | Updating Objects | Copying Transformations to device
Fra:1 Mem:90.83M (Peak 123.02M) | Time:00:00.17 | Mem:32.00M, Peak:32.00M | Scene, ViewLayer | Updating Objects | Applying Static Transformations
Fra:1 Mem:90.83M (Peak 123.02M) | Time:00:00.17 | Mem:32.00M, Peak:32.00M | Scene, ViewLayer | Updating Particle Systems
Fra:1 Mem:90.83M (Peak 123.02M) | Time:00:00.17 | Mem:32.00M, Peak:32.00M | Scene, ViewLayer | Updating Particle Systems | Copying Particles to device
Fra:1 Mem:90.83M (Peak 123.02M) | Time:00:00.17 | Mem:32.00M, Peak:32.00M | Scene, ViewLayer | Updating Meshes
Fra:1 Mem:95.05M (Peak 123.02M) | Time:00:00.18 | Mem:32.00M, Peak:32.00M | Scene, ViewLayer | Updating Mesh | Computing attributes
Fra:1 Mem:97.12M (Peak 123.02M) | Time:00:00.18 | Mem:32.00M, Peak:32.00M | Scene, ViewLayer | Updating Mesh | Copying Attributes to device
Fra:1 Mem:97.12M (Peak 123.02M) | Time:00:00.18 | Mem:34.07M, Peak:34.07M | Scene, ViewLayer | Updating Scene BVH | Building
Fra:1 Mem:97.12M (Peak 123.02M) | Time:00:00.18 | Mem:34.07M, Peak:34.07M | Scene, ViewLayer | Updating Scene BVH | Building BVH
Fra:1 Mem:97.12M (Peak 123.02M) | Time:00:00.18 | Mem:42.51M, Peak:42.51M | Scene, ViewLayer | Updating Scene BVH | Building BVH 0%
Fra:1 Mem:97.12M (Peak 123.02M) | Time:00:00.22 | Mem:51.70M, Peak:60.14M | Scene, ViewLayer | Updating Scene BVH | Copying BVH to device
Fra:1 Mem:97.12M (Peak 123.02M) | Time:00:00.22 | Mem:51.70M, Peak:60.14M | Scene, ViewLayer | Updating Mesh | Computing normals
Fra:1 Mem:107.92M (Peak 123.02M) | Time:00:00.23 | Mem:51.70M, Peak:60.14M | Scene, ViewLayer | Updating Mesh | Copying Mesh to device
Fra:1 Mem:107.92M (Peak 123.02M) | Time:00:00.23 | Mem:62.50M, Peak:62.50M | Scene, ViewLayer | Updating Objects Flags
Fra:1 Mem:107.92M (Peak 123.02M) | Time:00:00.23 | Mem:62.50M, Peak:62.50M | Scene, ViewLayer | Updating Primitive Offsets
Fra:1 Mem:107.92M (Peak 123.02M) | Time:00:00.23 | Mem:62.50M, Peak:62.50M | Scene, ViewLayer | Updating Images
Fra:1 Mem:91.92M (Peak 123.02M) | Time:00:00.23 | Mem:46.50M, Peak:62.50M | Scene, ViewLayer | Updating Camera Volume
Fra:1 Mem:91.92M (Peak 123.02M) | Time:00:00.23 | Mem:46.50M, Peak:62.50M | Scene, ViewLayer | Updating Lookup Tables
Fra:1 Mem:91.92M (Peak 123.02M) | Time:00:00.23 | Mem:46.58M, Peak:62.50M | Scene, ViewLayer | Updating Lights
Fra:1 Mem:91.92M (Peak 123.02M) | Time:00:00.23 | Mem:46.58M, Peak:62.50M | Scene, ViewLayer | Updating Lights | Computing tree
Fra:1 Mem:91.92M (Peak 123.02M) | Time:00:00.23 | Mem:46.58M, Peak:62.50M | Scene, ViewLayer | Updating Integrator
Fra:1 Mem:91.92M (Peak 123.02M) | Time:00:00.23 | Mem:46.58M, Peak:62.50M | Scene, ViewLayer | Updating Film
Fra:1 Mem:91.92M (Peak 123.02M) | Time:00:00.23 | Mem:46.50M, Peak:62.50M | Scene, ViewLayer | Updating Lookup Tables
Fra:1 Mem:91.92M (Peak 123.02M) | Time:00:00.23 | Mem:46.58M, Peak:62.50M | Scene, ViewLayer | Updating Baking
Fra:1 Mem:91.92M (Peak 123.02M) | Time:00:00.23 | Mem:46.58M, Peak:62.50M | Scene, ViewLayer | Updating Device | Writing constant memory
Fra:1 Mem:91.92M (Peak 123.02M) | Time:00:00.23 | Mem:46.58M, Peak:62.50M | Scene, ViewLayer | Sample 0/24
Fra:1 Mem:110.47M (Peak 123.02M) | Time:00:00.42 | Remaining:00:04.48 | Mem:65.13M, Peak:65.13M | Scene, ViewLayer | Sample 1/24
Fra:1 Mem:118.71M (Peak 135.19M) | Time:00:04.62 | Mem:65.13M, Peak:65.13M | Scene, ViewLayer | Sample 24/24
Fra:1 Mem:118.71M (Peak 135.19M) | Time:00:04.62 | Mem:65.13M, Peak:65.13M | Scene, ViewLayer | Finished
Saved: '/workspace/CVPR_3D/trellis2_downstream_assets_20261009/artifacts/presentation_controls/B/q1_clay.png'
Time: 00:04.69 (Saving: 00:00.06)


Blender quit
