Blender 4.3.2
Read blend: "/workspace/CVPR_3D/trellis2_downstream_assets_20261009/artifacts/raw_inspection/A_v2/native_import.blend"
Fra:1 Mem:36.72M (Peak 36.72M) | Time:00:00.00 | Mem:0.00M, Peak:0.00M | Scene, ViewLayer | Synchronizing object | geometry_0
Fra:1 Mem:85.79M (Peak 92.47M) | Time:00:00.16 | Mem:0.00M, Peak:0.00M | Scene, ViewLayer | Initializing
Fra:1 Mem:85.78M (Peak 92.47M) | Time:00:00.16 | Mem:0.00M, Peak:0.00M | Scene, ViewLayer | Updating Images | Loading Image_1
Fra:1 Mem:85.78M (Peak 92.47M) | Time:00:00.16 | Mem:0.00M, Peak:0.00M | Scene, ViewLayer | Updating Images | Loading Image_0
Fra:1 Mem:117.57M (Peak 149.81M) | Time:00:00.27 | Mem:32.00M, Peak:32.00M | Scene, ViewLayer | Waiting for render to start
Fra:1 Mem:117.57M (Peak 149.81M) | Time:00:00.27 | Mem:32.00M, Peak:32.00M | Scene, ViewLayer | Loading render kernels (may take a few minutes the first time)
Fra:1 Mem:117.57M (Peak 149.81M) | Time:00:00.27 | Mem:32.00M, Peak:32.00M | Scene, ViewLayer | Updating Scene
Fra:1 Mem:117.57M (Peak 149.81M) | Time:00:00.27 | Mem:32.00M, Peak:32.00M | Scene, ViewLayer | Updating Shaders
Fra:1 Mem:117.65M (Peak 149.81M) | Time:00:00.27 | Mem:32.00M, Peak:32.00M | Scene, ViewLayer | Updating Procedurals
Fra:1 Mem:117.65M (Peak 149.81M) | Time:00:00.27 | Mem:32.00M, Peak:32.00M | Scene, ViewLayer | Updating Background
Fra:1 Mem:117.65M (Peak 149.81M) | Time:00:00.27 | Mem:32.00M, Peak:32.00M | Scene, ViewLayer | Updating Camera
Fra:1 Mem:117.65M (Peak 149.81M) | Time:00:00.27 | Mem:32.00M, Peak:32.00M | Scene, ViewLayer | Updating Meshes Flags
Fra:1 Mem:117.65M (Peak 149.81M) | Time:00:00.27 | Mem:32.00M, Peak:32.00M | Scene, ViewLayer | Updating Objects
Fra:1 Mem:117.65M (Peak 149.81M) | Time:00:00.27 | Mem:32.00M, Peak:32.00M | Scene, ViewLayer | Updating Objects | Copying Transformations to device
Fra:1 Mem:117.65M (Peak 149.81M) | Time:00:00.27 | Mem:32.00M, Peak:32.00M | Scene, ViewLayer | Updating Objects | Applying Static Transformations
Fra:1 Mem:117.65M (Peak 149.81M) | Time:00:00.27 | Mem:32.00M, Peak:32.00M | Scene, ViewLayer | Updating Particle Systems
Fra:1 Mem:117.65M (Peak 149.81M) | Time:00:00.27 | Mem:32.00M, Peak:32.00M | Scene, ViewLayer | Updating Particle Systems | Copying Particles to device
Fra:1 Mem:117.65M (Peak 149.81M) | Time:00:00.27 | Mem:32.00M, Peak:32.00M | Scene, ViewLayer | Updating Meshes
Fra:1 Mem:122.10M (Peak 149.81M) | Time:00:00.28 | Mem:32.00M, Peak:32.00M | Scene, ViewLayer | Updating Mesh | Computing attributes
Fra:1 Mem:130.88M (Peak 149.81M) | Time:00:00.28 | Mem:32.00M, Peak:32.00M | Scene, ViewLayer | Updating Mesh | Copying Attributes to device
Fra:1 Mem:130.88M (Peak 149.81M) | Time:00:00.28 | Mem:40.78M, Peak:40.78M | Scene, ViewLayer | Updating Scene BVH | Building
Fra:1 Mem:130.88M (Peak 149.81M) | Time:00:00.28 | Mem:40.78M, Peak:40.78M | Scene, ViewLayer | Updating Scene BVH | Building BVH
Fra:1 Mem:130.88M (Peak 149.81M) | Time:00:00.28 | Mem:49.67M, Peak:49.67M | Scene, ViewLayer | Updating Scene BVH | Building BVH 0%
Fra:1 Mem:130.88M (Peak 149.81M) | Time:00:00.36 | Mem:59.36M, Peak:68.26M | Scene, ViewLayer | Updating Scene BVH | Copying BVH to device
Fra:1 Mem:130.88M (Peak 149.81M) | Time:00:00.36 | Mem:59.36M, Peak:68.26M | Scene, ViewLayer | Updating Mesh | Computing normals
Fra:1 Mem:142.04M (Peak 149.81M) | Time:00:00.37 | Mem:59.36M, Peak:68.26M | Scene, ViewLayer | Updating Mesh | Copying Mesh to device
Fra:1 Mem:142.04M (Peak 149.81M) | Time:00:00.37 | Mem:70.52M, Peak:70.52M | Scene, ViewLayer | Updating Objects Flags
Fra:1 Mem:142.04M (Peak 149.81M) | Time:00:00.37 | Mem:70.52M, Peak:70.52M | Scene, ViewLayer | Updating Primitive Offsets
Fra:1 Mem:142.04M (Peak 149.81M) | Time:00:00.37 | Mem:70.52M, Peak:70.52M | Scene, ViewLayer | Updating Images
Fra:1 Mem:142.04M (Peak 149.81M) | Time:00:00.37 | Mem:70.52M, Peak:70.52M | Scene, ViewLayer | Updating Camera Volume
Fra:1 Mem:142.04M (Peak 149.81M) | Time:00:00.37 | Mem:70.52M, Peak:70.52M | Scene, ViewLayer | Updating Lookup Tables
Fra:1 Mem:142.04M (Peak 149.81M) | Time:00:00.37 | Mem:70.60M, Peak:70.60M | Scene, ViewLayer | Updating Lights
Fra:1 Mem:142.04M (Peak 149.81M) | Time:00:00.37 | Mem:70.60M, Peak:70.60M | Scene, ViewLayer | Updating Lights | Computing tree
Fra:1 Mem:142.04M (Peak 149.81M) | Time:00:00.37 | Mem:70.60M, Peak:70.60M | Scene, ViewLayer | Updating Integrator
Fra:1 Mem:142.04M (Peak 149.81M) | Time:00:00.37 | Mem:70.60M, Peak:70.60M | Scene, ViewLayer | Updating Film
Fra:1 Mem:142.04M (Peak 149.81M) | Time:00:00.37 | Mem:70.52M, Peak:70.60M | Scene, ViewLayer | Updating Lookup Tables
Fra:1 Mem:142.04M (Peak 149.81M) | Time:00:00.37 | Mem:70.60M, Peak:70.60M | Scene, ViewLayer | Updating Baking
Fra:1 Mem:142.04M (Peak 149.81M) | Time:00:00.37 | Mem:70.60M, Peak:70.60M | Scene, ViewLayer | Updating Device | Writing constant memory
Fra:1 Mem:142.04M (Peak 149.81M) | Time:00:00.37 | Mem:70.60M, Peak:70.60M | Scene, ViewLayer | Sample 0/32
Fra:1 Mem:189.51M (Peak 189.51M) | Time:00:01.36 | Remaining:00:30.74 | Mem:118.07M, Peak:118.07M | Scene, ViewLayer | Sample 1/32
Fra:1 Mem:210.60M (Peak 252.79M) | Time:00:29.00 | Mem:118.07M, Peak:118.07M | Scene, ViewLayer | Sample 32/32
Fra:1 Mem:210.60M (Peak 252.79M) | Time:00:29.00 | Mem:118.07M, Peak:118.07M | Scene, ViewLayer | Finished
Saved: '/workspace/CVPR_3D/trellis2_downstream_assets_20261009/artifacts/raw_same_camera_A/hero.png'
Time: 00:29.41 (Saving: 00:00.40)

Fra:1 Mem:65.99M (Peak 65.99M) | Time:00:00.00 | Mem:0.00M, Peak:0.00M | Scene, ViewLayer | Synchronizing object | geometry_0
Fra:1 Mem:85.79M (Peak 92.47M) | Time:00:00.02 | Mem:0.00M, Peak:0.00M | Scene, ViewLayer | Initializing
Fra:1 Mem:85.78M (Peak 92.47M) | Time:00:00.02 | Mem:0.00M, Peak:0.00M | Scene, ViewLayer | Updating Images | Loading Image_0
Fra:1 Mem:117.57M (Peak 149.81M) | Time:00:00.08 | Mem:32.00M, Peak:32.00M | Scene, ViewLayer | Waiting for render to start
Fra:1 Mem:117.57M (Peak 149.81M) | Time:00:00.08 | Mem:32.00M, Peak:32.00M | Scene, ViewLayer | Loading render kernels (may take a few minutes the first time)
Fra:1 Mem:117.57M (Peak 149.81M) | Time:00:00.08 | Mem:32.00M, Peak:32.00M | Scene, ViewLayer | Updating Scene
Fra:1 Mem:117.57M (Peak 149.81M) | Time:00:00.08 | Mem:32.00M, Peak:32.00M | Scene, ViewLayer | Updating Shaders
Fra:1 Mem:117.65M (Peak 149.81M) | Time:00:00.08 | Mem:32.00M, Peak:32.00M | Scene, ViewLayer | Updating Procedurals
Fra:1 Mem:117.65M (Peak 149.81M) | Time:00:00.08 | Mem:32.00M, Peak:32.00M | Scene, ViewLayer | Updating Background
Fra:1 Mem:117.65M (Peak 149.81M) | Time:00:00.08 | Mem:32.00M, Peak:32.00M | Scene, ViewLayer | Updating Camera
Fra:1 Mem:117.65M (Peak 149.81M) | Time:00:00.08 | Mem:32.00M, Peak:32.00M | Scene, ViewLayer | Updating Meshes Flags
Fra:1 Mem:117.65M (Peak 149.81M) | Time:00:00.08 | Mem:32.00M, Peak:32.00M | Scene, ViewLayer | Updating Objects
Fra:1 Mem:117.65M (Peak 149.81M) | Time:00:00.08 | Mem:32.00M, Peak:32.00M | Scene, ViewLayer | Updating Objects | Copying Transformations to device
Fra:1 Mem:117.65M (Peak 149.81M) | Time:00:00.08 | Mem:32.00M, Peak:32.00M | Scene, ViewLayer | Updating Objects | Applying Static Transformations
Fra:1 Mem:117.65M (Peak 149.81M) | Time:00:00.08 | Mem:32.00M, Peak:32.00M | Scene, ViewLayer | Updating Particle Systems
Fra:1 Mem:117.65M (Peak 149.81M) | Time:00:00.08 | Mem:32.00M, Peak:32.00M | Scene, ViewLayer | Updating Particle Systems | Copying Particles to device
Fra:1 Mem:117.65M (Peak 149.81M) | Time:00:00.08 | Mem:32.00M, Peak:32.00M | Scene, ViewLayer | Updating Meshes
Fra:1 Mem:122.10M (Peak 149.81M) | Time:00:00.09 | Mem:32.00M, Peak:32.00M | Scene, ViewLayer | Updating Mesh | Computing attributes
Fra:1 Mem:130.88M (Peak 149.81M) | Time:00:00.09 | Mem:32.00M, Peak:32.00M | Scene, ViewLayer | Updating Mesh | Copying Attributes to device
Fra:1 Mem:130.88M (Peak 149.81M) | Time:00:00.09 | Mem:40.78M, Peak:40.78M | Scene, ViewLayer | Updating Scene BVH | Building
Fra:1 Mem:130.88M (Peak 149.81M) | Time:00:00.09 | Mem:40.78M, Peak:40.78M | Scene, ViewLayer | Updating Scene BVH | Building BVH
Fra:1 Mem:130.88M (Peak 149.81M) | Time:00:00.09 | Mem:49.67M, Peak:49.67M | Scene, ViewLayer | Updating Scene BVH | Building BVH 0%
Fra:1 Mem:130.88M (Peak 149.81M) | Time:00:00.18 | Mem:59.36M, Peak:68.26M | Scene, ViewLayer | Updating Scene BVH | Copying BVH to device
Fra:1 Mem:130.88M (Peak 149.81M) | Time:00:00.18 | Mem:59.36M, Peak:68.26M | Scene, ViewLayer | Updating Mesh | Computing normals
Fra:1 Mem:142.04M (Peak 149.81M) | Time:00:00.18 | Mem:59.36M, Peak:68.26M | Scene, ViewLayer | Updating Mesh | Copying Mesh to device
Fra:1 Mem:142.04M (Peak 149.81M) | Time:00:00.18 | Mem:70.52M, Peak:70.52M | Scene, ViewLayer | Updating Objects Flags
Fra:1 Mem:142.04M (Peak 149.81M) | Time:00:00.18 | Mem:70.52M, Peak:70.52M | Scene, ViewLayer | Updating Primitive Offsets
Fra:1 Mem:142.04M (Peak 149.81M) | Time:00:00.18 | Mem:70.52M, Peak:70.52M | Scene, ViewLayer | Updating Images
Fra:1 Mem:142.04M (Peak 149.81M) | Time:00:00.18 | Mem:70.52M, Peak:70.52M | Scene, ViewLayer | Updating Camera Volume
Fra:1 Mem:142.04M (Peak 149.81M) | Time:00:00.18 | Mem:70.52M, Peak:70.52M | Scene, ViewLayer | Updating Lookup Tables
Fra:1 Mem:142.04M (Peak 149.81M) | Time:00:00.18 | Mem:70.60M, Peak:70.60M | Scene, ViewLayer | Updating Lights
Fra:1 Mem:142.04M (Peak 149.81M) | Time:00:00.18 | Mem:70.60M, Peak:70.60M | Scene, ViewLayer | Updating Lights | Computing tree
Fra:1 Mem:142.04M (Peak 149.81M) | Time:00:00.18 | Mem:70.60M, Peak:70.60M | Scene, ViewLayer | Updating Integrator
Fra:1 Mem:142.04M (Peak 149.81M) | Time:00:00.18 | Mem:70.60M, Peak:70.60M | Scene, ViewLayer | Updating Film
Fra:1 Mem:142.04M (Peak 149.81M) | Time:00:00.18 | Mem:70.52M, Peak:70.60M | Scene, ViewLayer | Updating Lookup Tables
Fra:1 Mem:142.04M (Peak 149.81M) | Time:00:00.18 | Mem:70.60M, Peak:70.60M | Scene, ViewLayer | Updating Baking
Fra:1 Mem:142.04M (Peak 149.81M) | Time:00:00.18 | Mem:70.60M, Peak:70.60M | Scene, ViewLayer | Updating Device | Writing constant memory
Fra:1 Mem:142.04M (Peak 149.81M) | Time:00:00.18 | Mem:70.60M, Peak:70.60M | Scene, ViewLayer | Sample 0/32
Fra:1 Mem:189.51M (Peak 189.51M) | Time:00:01.15 | Remaining:00:30.07 | Mem:118.07M, Peak:118.07M | Scene, ViewLayer | Sample 1/32
Fra:1 Mem:210.60M (Peak 252.79M) | Time:00:28.97 | Mem:118.07M, Peak:118.07M | Scene, ViewLayer | Sample 32/32
Fra:1 Mem:210.60M (Peak 252.79M) | Time:00:28.97 | Mem:118.07M, Peak:118.07M | Scene, ViewLayer | Finished
Saved: '/workspace/CVPR_3D/trellis2_downstream_assets_20261009/artifacts/raw_same_camera_A/hero_exposure_minus1p5.png'
Time: 00:29.24 (Saving: 00:00.27)

Fra:1 Mem:65.99M (Peak 65.99M) | Time:00:00.00 | Mem:0.00M, Peak:0.00M | Scene, ViewLayer | Synchronizing object | geometry_0
Fra:1 Mem:85.79M (Peak 92.47M) | Time:00:00.02 | Mem:0.00M, Peak:0.00M | Scene, ViewLayer | Initializing
Fra:1 Mem:85.78M (Peak 92.47M) | Time:00:00.02 | Mem:0.00M, Peak:0.00M | Scene, ViewLayer | Updating Images | Loading Image_0
Fra:1 Mem:117.57M (Peak 149.81M) | Time:00:00.10 | Mem:32.00M, Peak:32.00M | Scene, ViewLayer | Waiting for render to start
Fra:1 Mem:117.57M (Peak 149.81M) | Time:00:00.10 | Mem:32.00M, Peak:32.00M | Scene, ViewLayer | Loading render kernels (may take a few minutes the first time)
Fra:1 Mem:117.57M (Peak 149.81M) | Time:00:00.10 | Mem:32.00M, Peak:32.00M | Scene, ViewLayer | Updating Scene
Fra:1 Mem:117.57M (Peak 149.81M) | Time:00:00.10 | Mem:32.00M, Peak:32.00M | Scene, ViewLayer | Updating Shaders
Fra:1 Mem:117.65M (Peak 149.81M) | Time:00:00.10 | Mem:32.00M, Peak:32.00M | Scene, ViewLayer | Updating Procedurals
Fra:1 Mem:117.65M (Peak 149.81M) | Time:00:00.10 | Mem:32.00M, Peak:32.00M | Scene, ViewLayer | Updating Background
Fra:1 Mem:117.65M (Peak 149.81M) | Time:00:00.10 | Mem:32.00M, Peak:32.00M | Scene, ViewLayer | Updating Camera
Fra:1 Mem:117.65M (Peak 149.81M) | Time:00:00.10 | Mem:32.00M, Peak:32.00M | Scene, ViewLayer | Updating Meshes Flags
Fra:1 Mem:117.65M (Peak 149.81M) | Time:00:00.10 | Mem:32.00M, Peak:32.00M | Scene, ViewLayer | Updating Objects
Fra:1 Mem:117.65M (Peak 149.81M) | Time:00:00.10 | Mem:32.00M, Peak:32.00M | Scene, ViewLayer | Updating Objects | Copying Transformations to device
Fra:1 Mem:117.65M (Peak 149.81M) | Time:00:00.10 | Mem:32.00M, Peak:32.00M | Scene, ViewLayer | Updating Objects | Applying Static Transformations
Fra:1 Mem:117.65M (Peak 149.81M) | Time:00:00.10 | Mem:32.00M, Peak:32.00M | Scene, ViewLayer | Updating Particle Systems
Fra:1 Mem:117.65M (Peak 149.81M) | Time:00:00.10 | Mem:32.00M, Peak:32.00M | Scene, ViewLayer | Updating Particle Systems | Copying Particles to device
Fra:1 Mem:117.65M (Peak 149.81M) | Time:00:00.10 | Mem:32.00M, Peak:32.00M | Scene, ViewLayer | Updating Meshes
Fra:1 Mem:122.10M (Peak 149.81M) | Time:00:00.11 | Mem:32.00M, Peak:32.00M | Scene, ViewLayer | Updating Mesh | Computing attributes
Fra:1 Mem:130.88M (Peak 149.81M) | Time:00:00.11 | Mem:32.00M, Peak:32.00M | Scene, ViewLayer | Updating Mesh | Copying Attributes to device
Fra:1 Mem:130.88M (Peak 149.81M) | Time:00:00.11 | Mem:40.78M, Peak:40.78M | Scene, ViewLayer | Updating Scene BVH | Building
Fra:1 Mem:130.88M (Peak 149.81M) | Time:00:00.11 | Mem:40.78M, Peak:40.78M | Scene, ViewLayer | Updating Scene BVH | Building BVH
Fra:1 Mem:130.88M (Peak 149.81M) | Time:00:00.11 | Mem:49.67M, Peak:49.67M | Scene, ViewLayer | Updating Scene BVH | Building BVH 0%
Fra:1 Mem:130.88M (Peak 149.81M) | Time:00:00.19 | Mem:59.36M, Peak:68.26M | Scene, ViewLayer | Updating Scene BVH | Copying BVH to device
Fra:1 Mem:130.88M (Peak 149.81M) | Time:00:00.19 | Mem:59.36M, Peak:68.26M | Scene, ViewLayer | Updating Mesh | Computing normals
Fra:1 Mem:142.04M (Peak 149.81M) | Time:00:00.20 | Mem:59.36M, Peak:68.26M | Scene, ViewLayer | Updating Mesh | Copying Mesh to device
Fra:1 Mem:142.04M (Peak 149.81M) | Time:00:00.20 | Mem:70.52M, Peak:70.52M | Scene, ViewLayer | Updating Objects Flags
Fra:1 Mem:142.04M (Peak 149.81M) | Time:00:00.20 | Mem:70.52M, Peak:70.52M | Scene, ViewLayer | Updating Primitive Offsets
Fra:1 Mem:142.04M (Peak 149.81M) | Time:00:00.20 | Mem:70.52M, Peak:70.52M | Scene, ViewLayer | Updating Images
Fra:1 Mem:142.04M (Peak 149.81M) | Time:00:00.20 | Mem:70.52M, Peak:70.52M | Scene, ViewLayer | Updating Camera Volume
Fra:1 Mem:142.04M (Peak 149.81M) | Time:00:00.20 | Mem:70.52M, Peak:70.52M | Scene, ViewLayer | Updating Lookup Tables
Fra:1 Mem:142.04M (Peak 149.81M) | Time:00:00.20 | Mem:70.60M, Peak:70.60M | Scene, ViewLayer | Updating Lights
Fra:1 Mem:142.04M (Peak 149.81M) | Time:00:00.20 | Mem:70.60M, Peak:70.60M | Scene, ViewLayer | Updating Lights | Computing tree
Fra:1 Mem:142.04M (Peak 149.81M) | Time:00:00.20 | Mem:70.60M, Peak:70.60M | Scene, ViewLayer | Updating Integrator
Fra:1 Mem:142.04M (Peak 149.81M) | Time:00:00.20 | Mem:70.60M, Peak:70.60M | Scene, ViewLayer | Updating Film
Fra:1 Mem:142.04M (Peak 149.81M) | Time:00:00.20 | Mem:70.52M, Peak:70.60M | Scene, ViewLayer | Updating Lookup Tables
Fra:1 Mem:142.04M (Peak 149.81M) | Time:00:00.20 | Mem:70.60M, Peak:70.60M | Scene, ViewLayer | Updating Baking
Fra:1 Mem:142.04M (Peak 149.81M) | Time:00:00.20 | Mem:70.60M, Peak:70.60M | Scene, ViewLayer | Updating Device | Writing constant memory
Fra:1 Mem:142.04M (Peak 149.81M) | Time:00:00.20 | Mem:70.60M, Peak:70.60M | Scene, ViewLayer | Sample 0/32
Fra:1 Mem:189.51M (Peak 189.51M) | Time:00:01.09 | Remaining:00:27.82 | Mem:118.07M, Peak:118.07M | Scene, ViewLayer | Sample 1/32
Fra:1 Mem:210.60M (Peak 252.79M) | Time:00:26.93 | Mem:118.07M, Peak:118.07M | Scene, ViewLayer | Sample 32/32
Fra:1 Mem:210.60M (Peak 252.79M) | Time:00:26.93 | Mem:118.07M, Peak:118.07M | Scene, ViewLayer | Finished
Saved: '/workspace/CVPR_3D/trellis2_downstream_assets_20261009/artifacts/raw_same_camera_A/side.png'
Time: 00:27.18 (Saving: 00:00.24)

Fra:1 Mem:65.99M (Peak 65.99M) | Time:00:00.00 | Mem:0.00M, Peak:0.00M | Scene, ViewLayer | Synchronizing object | geometry_0
Fra:1 Mem:85.79M (Peak 92.47M) | Time:00:00.02 | Mem:0.00M, Peak:0.00M | Scene, ViewLayer | Initializing
Fra:1 Mem:85.78M (Peak 92.47M) | Time:00:00.02 | Mem:0.00M, Peak:0.00M | Scene, ViewLayer | Updating Images | Loading Image_1
Fra:1 Mem:85.78M (Peak 92.47M) | Time:00:00.02 | Mem:0.00M, Peak:0.00M | Scene, ViewLayer | Updating Images | Loading Image_0
Fra:1 Mem:117.57M (Peak 149.81M) | Time:00:00.09 | Mem:32.00M, Peak:32.00M | Scene, ViewLayer | Waiting for render to start
Fra:1 Mem:117.57M (Peak 149.81M) | Time:00:00.09 | Mem:32.00M, Peak:32.00M | Scene, ViewLayer | Loading render kernels (may take a few minutes the first time)
Fra:1 Mem:117.57M (Peak 149.81M) | Time:00:00.09 | Mem:32.00M, Peak:32.00M | Scene, ViewLayer | Updating Scene
Fra:1 Mem:117.57M (Peak 149.81M) | Time:00:00.09 | Mem:32.00M, Peak:32.00M | Scene, ViewLayer | Updating Shaders
Fra:1 Mem:117.65M (Peak 149.81M) | Time:00:00.09 | Mem:32.00M, Peak:32.00M | Scene, ViewLayer | Updating Procedurals
Fra:1 Mem:117.65M (Peak 149.81M) | Time:00:00.09 | Mem:32.00M, Peak:32.00M | Scene, ViewLayer | Updating Background
Fra:1 Mem:117.65M (Peak 149.81M) | Time:00:00.09 | Mem:32.00M, Peak:32.00M | Scene, ViewLayer | Updating Camera
Fra:1 Mem:117.65M (Peak 149.81M) | Time:00:00.09 | Mem:32.00M, Peak:32.00M | Scene, ViewLayer | Updating Meshes Flags
Fra:1 Mem:117.65M (Peak 149.81M) | Time:00:00.09 | Mem:32.00M, Peak:32.00M | Scene, ViewLayer | Updating Objects
Fra:1 Mem:117.65M (Peak 149.81M) | Time:00:00.09 | Mem:32.00M, Peak:32.00M | Scene, ViewLayer | Updating Objects | Copying Transformations to device
Fra:1 Mem:117.65M (Peak 149.81M) | Time:00:00.09 | Mem:32.00M, Peak:32.00M | Scene, ViewLayer | Updating Objects | Applying Static Transformations
Fra:1 Mem:117.65M (Peak 149.81M) | Time:00:00.09 | Mem:32.00M, Peak:32.00M | Scene, ViewLayer | Updating Particle Systems
Fra:1 Mem:117.65M (Peak 149.81M) | Time:00:00.09 | Mem:32.00M, Peak:32.00M | Scene, ViewLayer | Updating Particle Systems | Copying Particles to device
Fra:1 Mem:117.65M (Peak 149.81M) | Time:00:00.09 | Mem:32.00M, Peak:32.00M | Scene, ViewLayer | Updating Meshes
Fra:1 Mem:122.10M (Peak 149.81M) | Time:00:00.10 | Mem:32.00M, Peak:32.00M | Scene, ViewLayer | Updating Mesh | Computing attributes
Fra:1 Mem:130.88M (Peak 149.81M) | Time:00:00.10 | Mem:32.00M, Peak:32.00M | Scene, ViewLayer | Updating Mesh | Copying Attributes to device
Fra:1 Mem:130.88M (Peak 149.81M) | Time:00:00.10 | Mem:40.78M, Peak:40.78M | Scene, ViewLayer | Updating Scene BVH | Building
Fra:1 Mem:130.88M (Peak 149.81M) | Time:00:00.10 | Mem:40.78M, Peak:40.78M | Scene, ViewLayer | Updating Scene BVH | Building BVH
Fra:1 Mem:130.88M (Peak 149.81M) | Time:00:00.10 | Mem:49.67M, Peak:49.67M | Scene, ViewLayer | Updating Scene BVH | Building BVH 0%
Fra:1 Mem:130.88M (Peak 149.81M) | Time:00:00.17 | Mem:59.36M, Peak:68.26M | Scene, ViewLayer | Updating Scene BVH | Copying BVH to device
Fra:1 Mem:130.88M (Peak 149.81M) | Time:00:00.17 | Mem:59.36M, Peak:68.26M | Scene, ViewLayer | Updating Mesh | Computing normals
Fra:1 Mem:142.04M (Peak 149.81M) | Time:00:00.17 | Mem:59.36M, Peak:68.26M | Scene, ViewLayer | Updating Mesh | Copying Mesh to device
Fra:1 Mem:142.04M (Peak 149.81M) | Time:00:00.17 | Mem:70.52M, Peak:70.52M | Scene, ViewLayer | Updating Objects Flags
Fra:1 Mem:142.04M (Peak 149.81M) | Time:00:00.17 | Mem:70.52M, Peak:70.52M | Scene, ViewLayer | Updating Primitive Offsets
Fra:1 Mem:142.04M (Peak 149.81M) | Time:00:00.17 | Mem:70.52M, Peak:70.52M | Scene, ViewLayer | Updating Images
Fra:1 Mem:142.04M (Peak 149.81M) | Time:00:00.17 | Mem:70.52M, Peak:70.52M | Scene, ViewLayer | Updating Camera Volume
Fra:1 Mem:142.04M (Peak 149.81M) | Time:00:00.17 | Mem:70.52M, Peak:70.52M | Scene, ViewLayer | Updating Lookup Tables
Fra:1 Mem:142.04M (Peak 149.81M) | Time:00:00.17 | Mem:70.60M, Peak:70.60M | Scene, ViewLayer | Updating Lights
Fra:1 Mem:142.04M (Peak 149.81M) | Time:00:00.17 | Mem:70.60M, Peak:70.60M | Scene, ViewLayer | Updating Lights | Computing tree
Fra:1 Mem:142.04M (Peak 149.81M) | Time:00:00.17 | Mem:70.60M, Peak:70.60M | Scene, ViewLayer | Updating Integrator
Fra:1 Mem:142.04M (Peak 149.81M) | Time:00:00.17 | Mem:70.60M, Peak:70.60M | Scene, ViewLayer | Updating Film
Fra:1 Mem:142.04M (Peak 149.81M) | Time:00:00.17 | Mem:70.52M, Peak:70.60M | Scene, ViewLayer | Updating Lookup Tables
Fra:1 Mem:142.04M (Peak 149.81M) | Time:00:00.17 | Mem:70.60M, Peak:70.60M | Scene, ViewLayer | Updating Baking
Fra:1 Mem:142.04M (Peak 149.81M) | Time:00:00.17 | Mem:70.60M, Peak:70.60M | Scene, ViewLayer | Updating Device | Writing constant memory
Fra:1 Mem:142.04M (Peak 149.81M) | Time:00:00.17 | Mem:70.60M, Peak:70.60M | Scene, ViewLayer | Sample 0/32
Fra:1 Mem:189.51M (Peak 189.51M) | Time:00:01.05 | Remaining:00:27.37 | Mem:118.07M, Peak:118.07M | Scene, ViewLayer | Sample 1/32
Fra:1 Mem:210.60M (Peak 252.79M) | Time:00:19.42 | Mem:118.07M, Peak:118.07M | Scene, ViewLayer | Sample 32/32
Fra:1 Mem:210.60M (Peak 252.79M) | Time:00:19.42 | Mem:118.07M, Peak:118.07M | Scene, ViewLayer | Finished
Saved: '/workspace/CVPR_3D/trellis2_downstream_assets_20261009/artifacts/raw_same_camera_A/side_exposure_minus1p5.png'
Time: 00:19.61 (Saving: 00:00.18)


Blender quit
