[0;93m2026-10-08 02:00:08.713517670 [W:onnxruntime:Default, telemetry.cc:800 operator()] Failed to persist telemetry device ID; using an in-memory identifier[m
{
  "reproduction_order_invariant": {
    "vertex_nearest_distance": {
      "min": 0.0,
      "q01": 0.0,
      "q10": 0.0,
      "median": 0.0,
      "q90": 0.0,
      "q99": 0.0,
      "max": 0.0,
      "mean": 0.0
    },
    "bijective_nearest_vertex_mapping": true,
    "triangle_sets_equal_under_mapping": true,
    "corresponding_rgb_exact_fraction": 1.0
  },
  "edge_convention": {
    "orthogonal_axes_max_lattice_roundoff": {
      "min": 7.399196988444601e-08,
      "q01": 7.399196988444601e-08,
      "q10": 7.563623825035393e-07,
      "median": 3.7365946212730705e-06,
      "q90": 1.0515081498851941e-05,
      "q99": 1.4222901455696046e-05,
      "max": 1.5053255822294886e-05,
      "mean": 4.742862281499439e-06
    },
    "endpoint_decoder_vs_grid_absolute_error": {
      "min": 0.0,
      "q01": 0.0,
      "q10": 0.0,
      "median": 0.0,
      "q90": 0.0,
      "q99": 0.0,
      "max": 0.0,
      "mean": 0.0
    },
    "bracketing_fraction": 1.0,
    "linear_grid_interpolation_density": {
      "min": 24.97112512973365,
      "q01": 24.997496015398088,
      "q10": 24.999214798496123,
      "median": 24.999860560215076,
      "q90": 25.000213748460716,
      "q99": 25.000924800565926,
      "max": 25.007350928861726,
      "mean": 24.99975811894526
    },
    "linear_interpolation_threshold_abs_residual": {
      "min": 2.207592331160413e-09,
      "q01": 3.477176691291106e-06,
      "q10": 3.4769637697706915e-05,
      "median": 0.00021746933335364815,
      "q90": 0.000847874749880262,
      "q99": 0.0026031179582224344,
      "max": 0.028874870266349717,
      "mean": 0.0003773810682606047
    },
    "continuous_decoder_density": {
      "min": 0.2782958149909973,
      "q01": 4.997207055091858,
      "q10": 13.856116771697998,
      "median": 22.96976661682129,
      "q90": 25.14766025543213,
      "q99": 30.655730075836196,
      "max": 80.9109115600586,
      "mean": 21.286745071411133
    },
    "continuous_threshold_abs_residual": {
      "min": 1.33514404296875e-05,
      "q01": 0.013180122375488282,
      "q10": 0.21451683044433595,
      "median": 2.28147029876709,
      "q90": 11.338577461242677,
      "q99": 20.270221176147462,
      "max": 55.910911560058594,
      "mean": 4.192977428436279
    },
    "density_gradient_norm": {
      "min": 90.04444885253906,
      "q01": 2138.4708422851563,
      "q10": 3924.4261962890623,
      "median": 6693.96435546875,
      "q90": 10651.7416015625,
      "q99": 16805.523339843774,
      "max": 52157.0390625,
      "mean": 7135.99658203125
    },
    "linearized_normal_displacement": {
      "min": 1.9279255969451015e-09,
      "q01": 1.8816146348399342e-06,
      "q10": 3.207398876838852e-05,
      "median": 0.00033484044251963496,
      "q90": 0.0017912824871018555,
      "q99": 0.005565767805092037,
      "max": 0.27250492572784424,
      "mean": 0.0007523251115344465
    },
    "cell_width": 0.006823539733886719
  }
}
