Blender 4.3.2
Read blend: "/workspace/image_to_usable_car_probe_20261007/artifacts/raw-color-inspection/inspection.blend"
Fra:1 Mem:16.42M (Peak 16.42M) | Time:00:00.00 | Mem:0.00M, Peak:0.00M | Scene, ViewLayer | Synchronizing object | geometry_0
Fra:1 Mem:26.79M (Peak 28.02M) | Time:00:00.01 | Mem:0.00M, Peak:0.00M | Scene, ViewLayer | Initializing
Fra:1 Mem:26.57M (Peak 28.02M) | Time:00:00.01 | Mem:0.00M, Peak:0.00M | Scene, ViewLayer | Waiting for render to start
Fra:1 Mem:26.58M (Peak 28.02M) | Time:00:00.01 | Mem:0.00M, Peak:0.00M | Scene, ViewLayer | Loading render kernels (may take a few minutes the first time)
Fra:1 Mem:26.58M (Peak 28.02M) | Time:00:00.01 | Mem:0.00M, Peak:0.00M | Scene, ViewLayer | Updating Scene
Fra:1 Mem:26.58M (Peak 28.02M) | Time:00:00.01 | Mem:0.00M, Peak:0.00M | Scene, ViewLayer | Updating Shaders
Fra:1 Mem:26.66M (Peak 28.02M) | Time:00:00.01 | Mem:0.00M, Peak:0.00M | Scene, ViewLayer | Updating Procedurals
Fra:1 Mem:26.66M (Peak 28.02M) | Time:00:00.01 | Mem:0.00M, Peak:0.00M | Scene, ViewLayer | Updating Background
Fra:1 Mem:26.66M (Peak 28.02M) | Time:00:00.01 | Mem:0.00M, Peak:0.00M | Scene, ViewLayer | Updating Camera
Fra:1 Mem:26.66M (Peak 28.02M) | Time:00:00.01 | Mem:0.00M, Peak:0.00M | Scene, ViewLayer | Updating Meshes Flags
Fra:1 Mem:26.66M (Peak 28.02M) | Time:00:00.01 | Mem:0.00M, Peak:0.00M | Scene, ViewLayer | Updating Objects
Fra:1 Mem:26.66M (Peak 28.02M) | Time:00:00.01 | Mem:0.00M, Peak:0.00M | Scene, ViewLayer | Updating Objects | Copying Transformations to device
Fra:1 Mem:26.66M (Peak 28.02M) | Time:00:00.01 | Mem:0.00M, Peak:0.00M | Scene, ViewLayer | Updating Objects | Applying Static Transformations
Fra:1 Mem:26.66M (Peak 28.02M) | Time:00:00.01 | Mem:0.00M, Peak:0.00M | Scene, ViewLayer | Updating Particle Systems
Fra:1 Mem:26.66M (Peak 28.02M) | Time:00:00.01 | Mem:0.00M, Peak:0.00M | Scene, ViewLayer | Updating Particle Systems | Copying Particles to device
Fra:1 Mem:26.66M (Peak 28.02M) | Time:00:00.01 | Mem:0.00M, Peak:0.00M | Scene, ViewLayer | Updating Meshes
Fra:1 Mem:28.30M (Peak 28.30M) | Time:00:00.01 | Mem:0.00M, Peak:0.00M | Scene, ViewLayer | Updating Mesh | Computing attributes
Fra:1 Mem:30.15M (Peak 30.15M) | Time:00:00.01 | Mem:0.00M, Peak:0.00M | Scene, ViewLayer | Updating Mesh | Copying Attributes to device
Fra:1 Mem:30.15M (Peak 30.15M) | Time:00:00.01 | Mem:1.85M, Peak:1.85M | Scene, ViewLayer | Updating Scene BVH | Building
Fra:1 Mem:30.15M (Peak 30.15M) | Time:00:00.01 | Mem:1.85M, Peak:1.85M | Scene, ViewLayer | Updating Scene BVH | Building BVH
Fra:1 Mem:30.15M (Peak 30.15M) | Time:00:00.01 | Mem:5.13M, Peak:5.13M | Scene, ViewLayer | Updating Scene BVH | Building BVH 0%
Fra:1 Mem:30.15M (Peak 30.15M) | Time:00:00.02 | Mem:8.71M, Peak:11.99M | Scene, ViewLayer | Updating Scene BVH | Copying BVH to device
Fra:1 Mem:30.15M (Peak 30.15M) | Time:00:00.02 | Mem:8.71M, Peak:11.99M | Scene, ViewLayer | Updating Mesh | Computing normals
Fra:1 Mem:33.85M (Peak 33.85M) | Time:00:00.02 | Mem:8.71M, Peak:11.99M | Scene, ViewLayer | Updating Mesh | Copying Mesh to device
Fra:1 Mem:33.85M (Peak 33.85M) | Time:00:00.02 | Mem:12.41M, Peak:12.41M | Scene, ViewLayer | Updating Objects Flags
Fra:1 Mem:33.85M (Peak 33.85M) | Time:00:00.02 | Mem:12.41M, Peak:12.41M | Scene, ViewLayer | Updating Primitive Offsets
Fra:1 Mem:33.85M (Peak 33.85M) | Time:00:00.02 | Mem:12.41M, Peak:12.41M | Scene, ViewLayer | Updating Images
Fra:1 Mem:33.85M (Peak 33.85M) | Time:00:00.02 | Mem:12.41M, Peak:12.41M | Scene, ViewLayer | Updating Camera Volume
Fra:1 Mem:33.85M (Peak 33.85M) | Time:00:00.02 | Mem:12.41M, Peak:12.41M | Scene, ViewLayer | Updating Lookup Tables
Fra:1 Mem:33.85M (Peak 33.85M) | Time:00:00.02 | Mem:12.49M, Peak:12.49M | Scene, ViewLayer | Updating Lights
Fra:1 Mem:33.85M (Peak 33.85M) | Time:00:00.02 | Mem:12.49M, Peak:12.49M | Scene, ViewLayer | Updating Lights | Computing tree
Fra:1 Mem:33.85M (Peak 33.85M) | Time:00:00.02 | Mem:12.49M, Peak:12.49M | Scene, ViewLayer | Updating Integrator
Fra:1 Mem:33.85M (Peak 33.85M) | Time:00:00.02 | Mem:12.49M, Peak:12.49M | Scene, ViewLayer | Updating Film
Fra:1 Mem:33.85M (Peak 33.85M) | Time:00:00.02 | Mem:12.41M, Peak:12.49M | Scene, ViewLayer | Updating Lookup Tables
Fra:1 Mem:33.85M (Peak 33.85M) | Time:00:00.02 | Mem:12.49M, Peak:12.49M | Scene, ViewLayer | Updating Baking
Fra:1 Mem:33.85M (Peak 33.85M) | Time:00:00.02 | Mem:12.49M, Peak:12.49M | Scene, ViewLayer | Updating Device | Writing constant memory
Fra:1 Mem:33.85M (Peak 33.85M) | Time:00:00.02 | Mem:12.49M, Peak:12.49M | Scene, ViewLayer | Sample 0/16
Fra:1 Mem:66.82M (Peak 66.82M) | Time:00:00.31 | Remaining:00:04.29 | Mem:45.45M, Peak:45.45M | Scene, ViewLayer | Sample 1/16
Fra:1 Mem:81.47M (Peak 110.77M) | Time:00:03.24 | Mem:45.45M, Peak:45.45M | Scene, ViewLayer | Sample 16/16
Fra:1 Mem:81.47M (Peak 110.77M) | Time:00:03.24 | Mem:45.45M, Peak:45.45M | Scene, ViewLayer | Finished
Saved: '/workspace/image_to_usable_car_probe_20261007/artifacts/car-frame/near_side.png'
Time: 00:03.31 (Saving: 00:00.06)

Fra:1 Mem:21.35M (Peak 21.35M) | Time:00:00.00 | Mem:0.00M, Peak:0.00M | Scene, ViewLayer | Synchronizing object | geometry_0
Fra:1 Mem:26.79M (Peak 28.02M) | Time:00:00.00 | Mem:0.00M, Peak:0.00M | Scene, ViewLayer | Initializing
Fra:1 Mem:26.57M (Peak 28.02M) | Time:00:00.00 | Mem:0.00M, Peak:0.00M | Scene, ViewLayer | Waiting for render to start
Fra:1 Mem:26.58M (Peak 28.02M) | Time:00:00.00 | Mem:0.00M, Peak:0.00M | Scene, ViewLayer | Loading render kernels (may take a few minutes the first time)
Fra:1 Mem:26.58M (Peak 28.02M) | Time:00:00.00 | Mem:0.00M, Peak:0.00M | Scene, ViewLayer | Updating Scene
Fra:1 Mem:26.58M (Peak 28.02M) | Time:00:00.00 | Mem:0.00M, Peak:0.00M | Scene, ViewLayer | Updating Shaders
Fra:1 Mem:26.66M (Peak 28.02M) | Time:00:00.00 | Mem:0.00M, Peak:0.00M | Scene, ViewLayer | Updating Procedurals
Fra:1 Mem:26.66M (Peak 28.02M) | Time:00:00.00 | Mem:0.00M, Peak:0.00M | Scene, ViewLayer | Updating Background
Fra:1 Mem:26.66M (Peak 28.02M) | Time:00:00.00 | Mem:0.00M, Peak:0.00M | Scene, ViewLayer | Updating Camera
Fra:1 Mem:26.66M (Peak 28.02M) | Time:00:00.00 | Mem:0.00M, Peak:0.00M | Scene, ViewLayer | Updating Meshes Flags
Fra:1 Mem:26.66M (Peak 28.02M) | Time:00:00.00 | Mem:0.00M, Peak:0.00M | Scene, ViewLayer | Updating Objects
Fra:1 Mem:26.66M (Peak 28.02M) | Time:00:00.00 | Mem:0.00M, Peak:0.00M | Scene, ViewLayer | Updating Objects | Copying Transformations to device
Fra:1 Mem:26.66M (Peak 28.02M) | Time:00:00.00 | Mem:0.00M, Peak:0.00M | Scene, ViewLayer | Updating Objects | Applying Static Transformations
Fra:1 Mem:26.66M (Peak 28.02M) | Time:00:00.00 | Mem:0.00M, Peak:0.00M | Scene, ViewLayer | Updating Particle Systems
Fra:1 Mem:26.66M (Peak 28.02M) | Time:00:00.00 | Mem:0.00M, Peak:0.00M | Scene, ViewLayer | Updating Particle Systems | Copying Particles to device
Fra:1 Mem:26.66M (Peak 28.02M) | Time:00:00.00 | Mem:0.00M, Peak:0.00M | Scene, ViewLayer | Updating Meshes
Fra:1 Mem:28.30M (Peak 28.30M) | Time:00:00.00 | Mem:0.00M, Peak:0.00M | Scene, ViewLayer | Updating Mesh | Computing attributes
Fra:1 Mem:30.15M (Peak 30.15M) | Time:00:00.00 | Mem:0.00M, Peak:0.00M | Scene, ViewLayer | Updating Mesh | Copying Attributes to device
Fra:1 Mem:30.15M (Peak 30.15M) | Time:00:00.00 | Mem:1.85M, Peak:1.85M | Scene, ViewLayer | Updating Scene BVH | Building
Fra:1 Mem:30.15M (Peak 30.15M) | Time:00:00.00 | Mem:1.85M, Peak:1.85M | Scene, ViewLayer | Updating Scene BVH | Building BVH
Fra:1 Mem:30.15M (Peak 30.15M) | Time:00:00.00 | Mem:5.13M, Peak:5.13M | Scene, ViewLayer | Updating Scene BVH | Building BVH 0%
Fra:1 Mem:30.15M (Peak 30.15M) | Time:00:00.01 | Mem:8.71M, Peak:11.99M | Scene, ViewLayer | Updating Scene BVH | Copying BVH to device
Fra:1 Mem:30.15M (Peak 30.15M) | Time:00:00.01 | Mem:8.71M, Peak:11.99M | Scene, ViewLayer | Updating Mesh | Computing normals
Fra:1 Mem:33.85M (Peak 33.85M) | Time:00:00.02 | Mem:8.71M, Peak:11.99M | Scene, ViewLayer | Updating Mesh | Copying Mesh to device
Fra:1 Mem:33.85M (Peak 33.85M) | Time:00:00.02 | Mem:12.41M, Peak:12.41M | Scene, ViewLayer | Updating Objects Flags
Fra:1 Mem:33.85M (Peak 33.85M) | Time:00:00.02 | Mem:12.41M, Peak:12.41M | Scene, ViewLayer | Updating Primitive Offsets
Fra:1 Mem:33.85M (Peak 33.85M) | Time:00:00.02 | Mem:12.41M, Peak:12.41M | Scene, ViewLayer | Updating Images
Fra:1 Mem:33.85M (Peak 33.85M) | Time:00:00.02 | Mem:12.41M, Peak:12.41M | Scene, ViewLayer | Updating Camera Volume
Fra:1 Mem:33.85M (Peak 33.85M) | Time:00:00.02 | Mem:12.41M, Peak:12.41M | Scene, ViewLayer | Updating Lookup Tables
Fra:1 Mem:33.85M (Peak 33.85M) | Time:00:00.02 | Mem:12.49M, Peak:12.49M | Scene, ViewLayer | Updating Lights
Fra:1 Mem:33.85M (Peak 33.85M) | Time:00:00.02 | Mem:12.49M, Peak:12.49M | Scene, ViewLayer | Updating Lights | Computing tree
Fra:1 Mem:33.85M (Peak 33.85M) | Time:00:00.02 | Mem:12.49M, Peak:12.49M | Scene, ViewLayer | Updating Integrator
Fra:1 Mem:33.85M (Peak 33.85M) | Time:00:00.02 | Mem:12.49M, Peak:12.49M | Scene, ViewLayer | Updating Film
Fra:1 Mem:33.85M (Peak 33.85M) | Time:00:00.02 | Mem:12.41M, Peak:12.49M | Scene, ViewLayer | Updating Lookup Tables
Fra:1 Mem:33.85M (Peak 33.85M) | Time:00:00.02 | Mem:12.49M, Peak:12.49M | Scene, ViewLayer | Updating Baking
Fra:1 Mem:33.85M (Peak 33.85M) | Time:00:00.02 | Mem:12.49M, Peak:12.49M | Scene, ViewLayer | Updating Device | Writing constant memory
Fra:1 Mem:33.85M (Peak 33.85M) | Time:00:00.02 | Mem:12.49M, Peak:12.49M | Scene, ViewLayer | Sample 0/16
Fra:1 Mem:66.82M (Peak 66.82M) | Time:00:00.27 | Remaining:00:03.89 | Mem:45.45M, Peak:45.45M | Scene, ViewLayer | Sample 1/16
Fra:1 Mem:81.47M (Peak 110.77M) | Time:00:03.65 | Mem:45.45M, Peak:45.45M | Scene, ViewLayer | Sample 16/16
Fra:1 Mem:81.47M (Peak 110.77M) | Time:00:03.65 | Mem:45.45M, Peak:45.45M | Scene, ViewLayer | Finished
Saved: '/workspace/image_to_usable_car_probe_20261007/artifacts/car-frame/near_hero.png'
Time: 00:03.72 (Saving: 00:00.06)

Fra:1 Mem:21.35M (Peak 21.35M) | Time:00:00.00 | Mem:0.00M, Peak:0.00M | Scene, ViewLayer | Synchronizing object | geometry_0
Fra:1 Mem:26.79M (Peak 28.02M) | Time:00:00.00 | Mem:0.00M, Peak:0.00M | Scene, ViewLayer | Initializing
Fra:1 Mem:26.57M (Peak 28.02M) | Time:00:00.00 | Mem:0.00M, Peak:0.00M | Scene, ViewLayer | Waiting for render to start
Fra:1 Mem:26.58M (Peak 28.02M) | Time:00:00.00 | Mem:0.00M, Peak:0.00M | Scene, ViewLayer | Loading render kernels (may take a few minutes the first time)
Fra:1 Mem:26.58M (Peak 28.02M) | Time:00:00.00 | Mem:0.00M, Peak:0.00M | Scene, ViewLayer | Updating Scene
Fra:1 Mem:26.58M (Peak 28.02M) | Time:00:00.00 | Mem:0.00M, Peak:0.00M | Scene, ViewLayer | Updating Shaders
Fra:1 Mem:26.66M (Peak 28.02M) | Time:00:00.00 | Mem:0.00M, Peak:0.00M | Scene, ViewLayer | Updating Procedurals
Fra:1 Mem:26.66M (Peak 28.02M) | Time:00:00.00 | Mem:0.00M, Peak:0.00M | Scene, ViewLayer | Updating Background
Fra:1 Mem:26.66M (Peak 28.02M) | Time:00:00.00 | Mem:0.00M, Peak:0.00M | Scene, ViewLayer | Updating Camera
Fra:1 Mem:26.66M (Peak 28.02M) | Time:00:00.00 | Mem:0.00M, Peak:0.00M | Scene, ViewLayer | Updating Meshes Flags
Fra:1 Mem:26.66M (Peak 28.02M) | Time:00:00.00 | Mem:0.00M, Peak:0.00M | Scene, ViewLayer | Updating Objects
Fra:1 Mem:26.66M (Peak 28.02M) | Time:00:00.00 | Mem:0.00M, Peak:0.00M | Scene, ViewLayer | Updating Objects | Copying Transformations to device
Fra:1 Mem:26.66M (Peak 28.02M) | Time:00:00.00 | Mem:0.00M, Peak:0.00M | Scene, ViewLayer | Updating Objects | Applying Static Transformations
Fra:1 Mem:26.66M (Peak 28.02M) | Time:00:00.00 | Mem:0.00M, Peak:0.00M | Scene, ViewLayer | Updating Particle Systems
Fra:1 Mem:26.66M (Peak 28.02M) | Time:00:00.00 | Mem:0.00M, Peak:0.00M | Scene, ViewLayer | Updating Particle Systems | Copying Particles to device
Fra:1 Mem:26.66M (Peak 28.02M) | Time:00:00.00 | Mem:0.00M, Peak:0.00M | Scene, ViewLayer | Updating Meshes
Fra:1 Mem:28.30M (Peak 28.30M) | Time:00:00.00 | Mem:0.00M, Peak:0.00M | Scene, ViewLayer | Updating Mesh | Computing attributes
Fra:1 Mem:30.15M (Peak 30.15M) | Time:00:00.00 | Mem:0.00M, Peak:0.00M | Scene, ViewLayer | Updating Mesh | Copying Attributes to device
Fra:1 Mem:30.15M (Peak 30.15M) | Time:00:00.00 | Mem:1.85M, Peak:1.85M | Scene, ViewLayer | Updating Scene BVH | Building
Fra:1 Mem:30.15M (Peak 30.15M) | Time:00:00.00 | Mem:1.85M, Peak:1.85M | Scene, ViewLayer | Updating Scene BVH | Building BVH
Fra:1 Mem:30.15M (Peak 30.15M) | Time:00:00.00 | Mem:5.13M, Peak:5.13M | Scene, ViewLayer | Updating Scene BVH | Building BVH 0%
Fra:1 Mem:30.15M (Peak 30.15M) | Time:00:00.01 | Mem:8.71M, Peak:11.99M | Scene, ViewLayer | Updating Scene BVH | Copying BVH to device
Fra:1 Mem:30.15M (Peak 30.15M) | Time:00:00.01 | Mem:8.71M, Peak:11.99M | Scene, ViewLayer | Updating Mesh | Computing normals
Fra:1 Mem:33.85M (Peak 33.85M) | Time:00:00.01 | Mem:8.71M, Peak:11.99M | Scene, ViewLayer | Updating Mesh | Copying Mesh to device
Fra:1 Mem:33.85M (Peak 33.85M) | Time:00:00.01 | Mem:12.41M, Peak:12.41M | Scene, ViewLayer | Updating Objects Flags
Fra:1 Mem:33.85M (Peak 33.85M) | Time:00:00.01 | Mem:12.41M, Peak:12.41M | Scene, ViewLayer | Updating Primitive Offsets
Fra:1 Mem:33.85M (Peak 33.85M) | Time:00:00.01 | Mem:12.41M, Peak:12.41M | Scene, ViewLayer | Updating Images
Fra:1 Mem:33.85M (Peak 33.85M) | Time:00:00.01 | Mem:12.41M, Peak:12.41M | Scene, ViewLayer | Updating Camera Volume
Fra:1 Mem:33.85M (Peak 33.85M) | Time:00:00.01 | Mem:12.41M, Peak:12.41M | Scene, ViewLayer | Updating Lookup Tables
Fra:1 Mem:33.85M (Peak 33.85M) | Time:00:00.01 | Mem:12.49M, Peak:12.49M | Scene, ViewLayer | Updating Lights
Fra:1 Mem:33.85M (Peak 33.85M) | Time:00:00.01 | Mem:12.49M, Peak:12.49M | Scene, ViewLayer | Updating Lights | Computing tree
Fra:1 Mem:33.85M (Peak 33.85M) | Time:00:00.01 | Mem:12.49M, Peak:12.49M | Scene, ViewLayer | Updating Integrator
Fra:1 Mem:33.85M (Peak 33.85M) | Time:00:00.01 | Mem:12.49M, Peak:12.49M | Scene, ViewLayer | Updating Film
Fra:1 Mem:33.85M (Peak 33.85M) | Time:00:00.01 | Mem:12.41M, Peak:12.49M | Scene, ViewLayer | Updating Lookup Tables
Fra:1 Mem:33.85M (Peak 33.85M) | Time:00:00.01 | Mem:12.49M, Peak:12.49M | Scene, ViewLayer | Updating Baking
Fra:1 Mem:33.85M (Peak 33.85M) | Time:00:00.01 | Mem:12.49M, Peak:12.49M | Scene, ViewLayer | Updating Device | Writing constant memory
Fra:1 Mem:33.85M (Peak 33.85M) | Time:00:00.01 | Mem:12.49M, Peak:12.49M | Scene, ViewLayer | Sample 0/16
Fra:1 Mem:66.82M (Peak 66.82M) | Time:00:00.25 | Remaining:00:03.60 | Mem:45.45M, Peak:45.45M | Scene, ViewLayer | Sample 1/16
Fra:1 Mem:81.47M (Peak 110.77M) | Time:00:03.34 | Mem:45.45M, Peak:45.45M | Scene, ViewLayer | Sample 16/16
Fra:1 Mem:81.47M (Peak 110.77M) | Time:00:03.34 | Mem:45.45M, Peak:45.45M | Scene, ViewLayer | Finished
Saved: '/workspace/image_to_usable_car_probe_20261007/artifacts/car-frame/front.png'
Time: 00:03.41 (Saving: 00:00.06)

Fra:1 Mem:21.35M (Peak 21.35M) | Time:00:00.00 | Mem:0.00M, Peak:0.00M | Scene, ViewLayer | Synchronizing object | geometry_0
Fra:1 Mem:26.79M (Peak 28.02M) | Time:00:00.00 | Mem:0.00M, Peak:0.00M | Scene, ViewLayer | Initializing
Fra:1 Mem:26.57M (Peak 28.02M) | Time:00:00.00 | Mem:0.00M, Peak:0.00M | Scene, ViewLayer | Waiting for render to start
Fra:1 Mem:26.58M (Peak 28.02M) | Time:00:00.00 | Mem:0.00M, Peak:0.00M | Scene, ViewLayer | Loading render kernels (may take a few minutes the first time)
Fra:1 Mem:26.58M (Peak 28.02M) | Time:00:00.00 | Mem:0.00M, Peak:0.00M | Scene, ViewLayer | Updating Scene
Fra:1 Mem:26.58M (Peak 28.02M) | Time:00:00.00 | Mem:0.00M, Peak:0.00M | Scene, ViewLayer | Updating Shaders
Fra:1 Mem:26.66M (Peak 28.02M) | Time:00:00.00 | Mem:0.00M, Peak:0.00M | Scene, ViewLayer | Updating Procedurals
Fra:1 Mem:26.66M (Peak 28.02M) | Time:00:00.00 | Mem:0.00M, Peak:0.00M | Scene, ViewLayer | Updating Background
Fra:1 Mem:26.66M (Peak 28.02M) | Time:00:00.00 | Mem:0.00M, Peak:0.00M | Scene, ViewLayer | Updating Camera
Fra:1 Mem:26.66M (Peak 28.02M) | Time:00:00.00 | Mem:0.00M, Peak:0.00M | Scene, ViewLayer | Updating Meshes Flags
Fra:1 Mem:26.66M (Peak 28.02M) | Time:00:00.00 | Mem:0.00M, Peak:0.00M | Scene, ViewLayer | Updating Objects
Fra:1 Mem:26.66M (Peak 28.02M) | Time:00:00.00 | Mem:0.00M, Peak:0.00M | Scene, ViewLayer | Updating Objects | Copying Transformations to device
Fra:1 Mem:26.66M (Peak 28.02M) | Time:00:00.00 | Mem:0.00M, Peak:0.00M | Scene, ViewLayer | Updating Objects | Applying Static Transformations
Fra:1 Mem:26.66M (Peak 28.02M) | Time:00:00.00 | Mem:0.00M, Peak:0.00M | Scene, ViewLayer | Updating Particle Systems
Fra:1 Mem:26.66M (Peak 28.02M) | Time:00:00.00 | Mem:0.00M, Peak:0.00M | Scene, ViewLayer | Updating Particle Systems | Copying Particles to device
Fra:1 Mem:26.66M (Peak 28.02M) | Time:00:00.00 | Mem:0.00M, Peak:0.00M | Scene, ViewLayer | Updating Meshes
Fra:1 Mem:28.30M (Peak 28.30M) | Time:00:00.00 | Mem:0.00M, Peak:0.00M | Scene, ViewLayer | Updating Mesh | Computing attributes
Fra:1 Mem:30.15M (Peak 30.15M) | Time:00:00.00 | Mem:0.00M, Peak:0.00M | Scene, ViewLayer | Updating Mesh | Copying Attributes to device
Fra:1 Mem:30.15M (Peak 30.15M) | Time:00:00.00 | Mem:1.85M, Peak:1.85M | Scene, ViewLayer | Updating Scene BVH | Building
Fra:1 Mem:30.15M (Peak 30.15M) | Time:00:00.00 | Mem:1.85M, Peak:1.85M | Scene, ViewLayer | Updating Scene BVH | Building BVH
Fra:1 Mem:30.15M (Peak 30.15M) | Time:00:00.00 | Mem:5.13M, Peak:5.13M | Scene, ViewLayer | Updating Scene BVH | Building BVH 0%
Fra:1 Mem:30.15M (Peak 30.15M) | Time:00:00.01 | Mem:8.71M, Peak:11.99M | Scene, ViewLayer | Updating Scene BVH | Copying BVH to device
Fra:1 Mem:30.15M (Peak 30.15M) | Time:00:00.01 | Mem:8.71M, Peak:11.99M | Scene, ViewLayer | Updating Mesh | Computing normals
Fra:1 Mem:33.85M (Peak 33.85M) | Time:00:00.01 | Mem:8.71M, Peak:11.99M | Scene, ViewLayer | Updating Mesh | Copying Mesh to device
Fra:1 Mem:33.85M (Peak 33.85M) | Time:00:00.01 | Mem:12.41M, Peak:12.41M | Scene, ViewLayer | Updating Objects Flags
Fra:1 Mem:33.85M (Peak 33.85M) | Time:00:00.01 | Mem:12.41M, Peak:12.41M | Scene, ViewLayer | Updating Primitive Offsets
Fra:1 Mem:33.85M (Peak 33.85M) | Time:00:00.01 | Mem:12.41M, Peak:12.41M | Scene, ViewLayer | Updating Images
Fra:1 Mem:33.85M (Peak 33.85M) | Time:00:00.01 | Mem:12.41M, Peak:12.41M | Scene, ViewLayer | Updating Camera Volume
Fra:1 Mem:33.85M (Peak 33.85M) | Time:00:00.01 | Mem:12.41M, Peak:12.41M | Scene, ViewLayer | Updating Lookup Tables
Fra:1 Mem:33.85M (Peak 33.85M) | Time:00:00.01 | Mem:12.49M, Peak:12.49M | Scene, ViewLayer | Updating Lights
Fra:1 Mem:33.85M (Peak 33.85M) | Time:00:00.01 | Mem:12.49M, Peak:12.49M | Scene, ViewLayer | Updating Lights | Computing tree
Fra:1 Mem:33.85M (Peak 33.85M) | Time:00:00.01 | Mem:12.49M, Peak:12.49M | Scene, ViewLayer | Updating Integrator
Fra:1 Mem:33.85M (Peak 33.85M) | Time:00:00.01 | Mem:12.49M, Peak:12.49M | Scene, ViewLayer | Updating Film
Fra:1 Mem:33.85M (Peak 33.85M) | Time:00:00.01 | Mem:12.41M, Peak:12.49M | Scene, ViewLayer | Updating Lookup Tables
Fra:1 Mem:33.85M (Peak 33.85M) | Time:00:00.01 | Mem:12.49M, Peak:12.49M | Scene, ViewLayer | Updating Baking
Fra:1 Mem:33.85M (Peak 33.85M) | Time:00:00.01 | Mem:12.49M, Peak:12.49M | Scene, ViewLayer | Updating Device | Writing constant memory
Fra:1 Mem:33.85M (Peak 33.85M) | Time:00:00.01 | Mem:12.49M, Peak:12.49M | Scene, ViewLayer | Sample 0/16
Fra:1 Mem:66.82M (Peak 66.82M) | Time:00:00.49 | Remaining:00:07.12 | Mem:45.45M, Peak:45.45M | Scene, ViewLayer | Sample 1/16
Fra:1 Mem:81.47M (Peak 110.77M) | Time:00:06.57 | Mem:45.45M, Peak:45.45M | Scene, ViewLayer | Sample 16/16
Fra:1 Mem:81.47M (Peak 110.77M) | Time:00:06.57 | Mem:45.45M, Peak:45.45M | Scene, ViewLayer | Finished
Saved: '/workspace/image_to_usable_car_probe_20261007/artifacts/car-frame/near_door.png'
Time: 00:06.65 (Saving: 00:00.08)

Info: Saved "car_frame.blend"
{
  "frame": "display-only rotation to +X camera-facing side,+Y front,+Z up",
  "rotation_z_degrees": 53.22183438163086,
  "source_front_native": [
    0.8009595898216262,
    0.5987184108349871,
    0
  ],
  "source_near_native": [
    0.5987184108349871,
    -0.8009595898216262,
    0
  ],
  "bounds": [
    [
      -0.6286084055900574,
      -0.6964829564094543,
      -0.23362620174884796
    ],
    [
      0.6726053953170776,
      0.6105467081069946,
      0.33599942922592163
    ]
  ]
}

Blender quit
