/workspace/image_to_usable_car_probe_20261007/environment/venv/lib/python3.12/site-packages/transformers/utils/generic.py:441: FutureWarning: `torch.utils._pytree._register_pytree_node` is deprecated. Please use `torch.utils._pytree.register_pytree_node` instead.
  _torch_pytree._register_pytree_node(
The cache for model files in Transformers v4.22.0 has been updated. Migrating your old cache. This is a one-time only operation. You can interrupt this and resume the migration later on by calling `transformers.utils.move_cache()`.
0it [00:00, ?it/s]0it [00:00, ?it/s]
/workspace/image_to_usable_car_probe_20261007/environment/venv/lib/python3.12/site-packages/transformers/utils/generic.py:309: FutureWarning: `torch.utils._pytree._register_pytree_node` is deprecated. Please use `torch.utils._pytree.register_pytree_node` instead.
  _torch_pytree._register_pytree_node(
/workspace/image_to_usable_car_probe_20261007/environment/dependencies/TripoSR/tsr/system.py:69: FutureWarning: You are using `torch.load` with `weights_only=False` (the current default value), which uses the default pickle module implicitly. It is possible to construct malicious pickle data which will execute arbitrary code during unpickling (See https://github.com/pytorch/pytorch/blob/main/SECURITY.md#untrusted-models for more details). In a future release, the default value for `weights_only` will be flipped to `True`. This limits the functions that could be executed during unpickling. Arbitrary objects will no longer be allowed to be loaded via this mode unless they are explicitly allowlisted by the user via `torch.serialization.add_safe_globals`. We recommend you start setting `weights_only=True` for any use case where you don't have full control of the loaded file. Please open an issue on GitHub for any issues related to this experimental feature.
  ckpt = torch.load(weight_path, map_location="cpu")
{
  "status": "passed",
  "timestamp_utc": "2026-10-07T04:44:34.461036+00:00",
  "checkpoint_sha256": "429e2c6b22a0923967459de24d67f05962b235f79cde6b032aa7ed2ffcd970ee",
  "checkpoint_revision": "5b521936b01fbe1890f6f9baed0254ab6351c04a",
  "torch_version": "2.5.1+cpu",
  "devices": [
    "cpu"
  ],
  "parameter_count": 419275628,
  "initialization_wall_seconds": 4.728696644997399,
  "process_max_rss_mib": 3750.53515625,
  "image_inference_executed": false
}
