Extensions: writing cache failed ([Errno 30] Read-only file system: '/home/agent/.config/blender/4.3/extensions').
04:54:01 | INFO: Data are loaded, start creating Blender stuff
04:54:01 | INFO: Blender create Mesh node geometry_0
04:54:01 | INFO: glTF import finished in 0.07s
Blender 4.3.2
Fra:1 Mem:17.52M (Peak 17.52M) | Time:00:00.00 | Mem:0.00M, Peak:0.00M | Scene, ViewLayer | Synchronizing object | geometry_0
Fra:1 Mem:24.60M (Peak 24.60M) | Time:00:00.00 | Mem:0.00M, Peak:0.00M | Scene, ViewLayer | Initializing
Fra:1 Mem:24.43M (Peak 24.60M) | Time:00:00.01 | Mem:0.00M, Peak:0.00M | Scene, ViewLayer | Waiting for render to start
Fra:1 Mem:24.43M (Peak 24.60M) | Time:00:00.01 | Mem:0.00M, Peak:0.00M | Scene, ViewLayer | Loading render kernels (may take a few minutes the first time)
Fra:1 Mem:24.43M (Peak 24.60M) | Time:00:00.01 | Mem:0.00M, Peak:0.00M | Scene, ViewLayer | Updating Scene
Fra:1 Mem:24.43M (Peak 24.60M) | Time:00:00.01 | Mem:0.00M, Peak:0.00M | Scene, ViewLayer | Updating Shaders
Fra:1 Mem:24.51M (Peak 24.60M) | Time:00:00.01 | Mem:0.00M, Peak:0.00M | Scene, ViewLayer | Updating Procedurals
Fra:1 Mem:24.51M (Peak 24.60M) | Time:00:00.01 | Mem:0.00M, Peak:0.00M | Scene, ViewLayer | Updating Background
Fra:1 Mem:24.51M (Peak 24.60M) | Time:00:00.01 | Mem:0.00M, Peak:0.00M | Scene, ViewLayer | Updating Camera
Fra:1 Mem:24.51M (Peak 24.60M) | Time:00:00.01 | Mem:0.00M, Peak:0.00M | Scene, ViewLayer | Updating Meshes Flags
Fra:1 Mem:24.51M (Peak 24.60M) | Time:00:00.01 | Mem:0.00M, Peak:0.00M | Scene, ViewLayer | Updating Objects
Fra:1 Mem:24.51M (Peak 24.60M) | Time:00:00.01 | Mem:0.00M, Peak:0.00M | Scene, ViewLayer | Updating Objects | Copying Transformations to device
Fra:1 Mem:24.51M (Peak 24.60M) | Time:00:00.01 | Mem:0.00M, Peak:0.00M | Scene, ViewLayer | Updating Objects | Applying Static Transformations
Fra:1 Mem:24.51M (Peak 24.60M) | Time:00:00.01 | Mem:0.00M, Peak:0.00M | Scene, ViewLayer | Updating Particle Systems
Fra:1 Mem:24.51M (Peak 24.60M) | Time:00:00.01 | Mem:0.00M, Peak:0.00M | Scene, ViewLayer | Updating Particle Systems | Copying Particles to device
Fra:1 Mem:24.51M (Peak 24.60M) | Time:00:00.01 | Mem:0.00M, Peak:0.00M | Scene, ViewLayer | Updating Meshes
Fra:1 Mem:26.16M (Peak 26.16M) | Time:00:00.01 | Mem:0.00M, Peak:0.00M | Scene, ViewLayer | Updating Mesh | Computing attributes
Fra:1 Mem:26.16M (Peak 26.16M) | Time:00:00.01 | Mem:0.00M, Peak:0.00M | Scene, ViewLayer | Updating Mesh | Copying Attributes to device
Fra:1 Mem:26.16M (Peak 26.16M) | Time:00:00.01 | Mem:0.00M, Peak:0.00M | Scene, ViewLayer | Updating Scene BVH | Building
Fra:1 Mem:26.16M (Peak 26.16M) | Time:00:00.01 | Mem:0.00M, Peak:0.00M | Scene, ViewLayer | Updating Scene BVH | Building BVH
Fra:1 Mem:26.16M (Peak 26.16M) | Time:00:00.02 | Mem:3.29M, Peak:3.29M | Scene, ViewLayer | Updating Scene BVH | Building BVH 0%
Fra:1 Mem:26.16M (Peak 26.16M) | Time:00:00.03 | Mem:6.86M, Peak:10.14M | Scene, ViewLayer | Updating Scene BVH | Copying BVH to device
Fra:1 Mem:26.16M (Peak 26.16M) | Time:00:00.03 | Mem:6.86M, Peak:10.14M | Scene, ViewLayer | Updating Mesh | Computing normals
Fra:1 Mem:29.85M (Peak 29.85M) | Time:00:00.04 | Mem:6.86M, Peak:10.14M | Scene, ViewLayer | Updating Mesh | Copying Mesh to device
Fra:1 Mem:29.85M (Peak 29.85M) | Time:00:00.04 | Mem:10.56M, Peak:10.56M | Scene, ViewLayer | Updating Objects Flags
Fra:1 Mem:29.85M (Peak 29.85M) | Time:00:00.04 | Mem:10.56M, Peak:10.56M | Scene, ViewLayer | Updating Primitive Offsets
Fra:1 Mem:29.85M (Peak 29.85M) | Time:00:00.04 | Mem:10.56M, Peak:10.56M | Scene, ViewLayer | Updating Images
Fra:1 Mem:29.85M (Peak 29.85M) | Time:00:00.04 | Mem:10.56M, Peak:10.56M | Scene, ViewLayer | Updating Camera Volume
Fra:1 Mem:29.85M (Peak 29.85M) | Time:00:00.04 | Mem:10.56M, Peak:10.56M | Scene, ViewLayer | Updating Lookup Tables
Fra:1 Mem:29.85M (Peak 29.85M) | Time:00:00.04 | Mem:10.64M, Peak:10.64M | Scene, ViewLayer | Updating Lights
Fra:1 Mem:29.85M (Peak 29.85M) | Time:00:00.04 | Mem:10.64M, Peak:10.64M | Scene, ViewLayer | Updating Lights | Computing tree
Fra:1 Mem:29.86M (Peak 29.86M) | Time:00:00.04 | Mem:10.64M, Peak:10.64M | Scene, ViewLayer | Updating Integrator
Fra:1 Mem:29.86M (Peak 29.86M) | Time:00:00.04 | Mem:10.64M, Peak:10.64M | Scene, ViewLayer | Updating Film
Fra:1 Mem:29.86M (Peak 29.86M) | Time:00:00.04 | Mem:10.56M, Peak:10.64M | Scene, ViewLayer | Updating Lookup Tables
Fra:1 Mem:29.86M (Peak 29.86M) | Time:00:00.04 | Mem:10.64M, Peak:10.64M | Scene, ViewLayer | Updating Baking
Fra:1 Mem:29.86M (Peak 29.86M) | Time:00:00.04 | Mem:10.64M, Peak:10.64M | Scene, ViewLayer | Updating Device | Writing constant memory
Fra:1 Mem:29.86M (Peak 29.86M) | Time:00:00.04 | Mem:10.64M, Peak:10.64M | Scene, ViewLayer | Sample 0/12
Fra:1 Mem:43.94M (Peak 43.94M) | Time:00:00.12 | Remaining:00:00.95 | Mem:24.71M, Peak:24.71M | Scene, ViewLayer | Sample 1/12
Fra:1 Mem:50.19M (Peak 62.69M) | Time:00:01.00 | Mem:24.71M, Peak:24.71M | Scene, ViewLayer | Sample 12/12
Fra:1 Mem:50.19M (Peak 62.69M) | Time:00:01.00 | Mem:24.71M, Peak:24.71M | Scene, ViewLayer | Finished
Saved: 'artifacts/raw-inspection/x_pos.png'
Time: 00:01.03 (Saving: 00:00.03)

Fra:1 Mem:21.21M (Peak 21.21M) | Time:00:00.00 | Mem:0.00M, Peak:0.00M | Scene, ViewLayer | Synchronizing object | geometry_0
Fra:1 Mem:24.60M (Peak 24.60M) | Time:00:00.00 | Mem:0.00M, Peak:0.00M | Scene, ViewLayer | Initializing
Fra:1 Mem:24.43M (Peak 24.60M) | Time:00:00.00 | Mem:0.00M, Peak:0.00M | Scene, ViewLayer | Waiting for render to start
Fra:1 Mem:24.43M (Peak 24.60M) | Time:00:00.00 | Mem:0.00M, Peak:0.00M | Scene, ViewLayer | Loading render kernels (may take a few minutes the first time)
Fra:1 Mem:24.43M (Peak 24.60M) | Time:00:00.00 | Mem:0.00M, Peak:0.00M | Scene, ViewLayer | Updating Scene
Fra:1 Mem:24.43M (Peak 24.60M) | Time:00:00.00 | Mem:0.00M, Peak:0.00M | Scene, ViewLayer | Updating Shaders
Fra:1 Mem:24.51M (Peak 24.60M) | Time:00:00.00 | Mem:0.00M, Peak:0.00M | Scene, ViewLayer | Updating Procedurals
Fra:1 Mem:24.51M (Peak 24.60M) | Time:00:00.00 | Mem:0.00M, Peak:0.00M | Scene, ViewLayer | Updating Background
Fra:1 Mem:24.51M (Peak 24.60M) | Time:00:00.00 | Mem:0.00M, Peak:0.00M | Scene, ViewLayer | Updating Camera
Fra:1 Mem:24.51M (Peak 24.60M) | Time:00:00.00 | Mem:0.00M, Peak:0.00M | Scene, ViewLayer | Updating Meshes Flags
Fra:1 Mem:24.51M (Peak 24.60M) | Time:00:00.00 | Mem:0.00M, Peak:0.00M | Scene, ViewLayer | Updating Objects
Fra:1 Mem:24.51M (Peak 24.60M) | Time:00:00.00 | Mem:0.00M, Peak:0.00M | Scene, ViewLayer | Updating Objects | Copying Transformations to device
Fra:1 Mem:24.51M (Peak 24.60M) | Time:00:00.00 | Mem:0.00M, Peak:0.00M | Scene, ViewLayer | Updating Objects | Applying Static Transformations
Fra:1 Mem:24.51M (Peak 24.60M) | Time:00:00.00 | Mem:0.00M, Peak:0.00M | Scene, ViewLayer | Updating Particle Systems
Fra:1 Mem:24.51M (Peak 24.60M) | Time:00:00.00 | Mem:0.00M, Peak:0.00M | Scene, ViewLayer | Updating Particle Systems | Copying Particles to device
Fra:1 Mem:24.51M (Peak 24.60M) | Time:00:00.00 | Mem:0.00M, Peak:0.00M | Scene, ViewLayer | Updating Meshes
Fra:1 Mem:26.16M (Peak 26.16M) | Time:00:00.00 | Mem:0.00M, Peak:0.00M | Scene, ViewLayer | Updating Mesh | Computing attributes
Fra:1 Mem:26.16M (Peak 26.16M) | Time:00:00.00 | Mem:0.00M, Peak:0.00M | Scene, ViewLayer | Updating Mesh | Copying Attributes to device
Fra:1 Mem:26.16M (Peak 26.16M) | Time:00:00.00 | Mem:0.00M, Peak:0.00M | Scene, ViewLayer | Updating Scene BVH | Building
Fra:1 Mem:26.16M (Peak 26.16M) | Time:00:00.00 | Mem:0.00M, Peak:0.00M | Scene, ViewLayer | Updating Scene BVH | Building BVH
Fra:1 Mem:26.16M (Peak 26.16M) | Time:00:00.00 | Mem:3.29M, Peak:3.29M | Scene, ViewLayer | Updating Scene BVH | Building BVH 0%
Fra:1 Mem:26.16M (Peak 26.16M) | Time:00:00.01 | Mem:6.86M, Peak:10.14M | Scene, ViewLayer | Updating Scene BVH | Copying BVH to device
Fra:1 Mem:26.16M (Peak 26.16M) | Time:00:00.01 | Mem:6.86M, Peak:10.14M | Scene, ViewLayer | Updating Mesh | Computing normals
Fra:1 Mem:29.85M (Peak 29.85M) | Time:00:00.01 | Mem:6.86M, Peak:10.14M | Scene, ViewLayer | Updating Mesh | Copying Mesh to device
Fra:1 Mem:29.85M (Peak 29.85M) | Time:00:00.01 | Mem:10.56M, Peak:10.56M | Scene, ViewLayer | Updating Objects Flags
Fra:1 Mem:29.85M (Peak 29.85M) | Time:00:00.01 | Mem:10.56M, Peak:10.56M | Scene, ViewLayer | Updating Primitive Offsets
Fra:1 Mem:29.85M (Peak 29.85M) | Time:00:00.01 | Mem:10.56M, Peak:10.56M | Scene, ViewLayer | Updating Images
Fra:1 Mem:29.85M (Peak 29.85M) | Time:00:00.01 | Mem:10.56M, Peak:10.56M | Scene, ViewLayer | Updating Camera Volume
Fra:1 Mem:29.85M (Peak 29.85M) | Time:00:00.01 | Mem:10.56M, Peak:10.56M | Scene, ViewLayer | Updating Lookup Tables
Fra:1 Mem:29.85M (Peak 29.85M) | Time:00:00.01 | Mem:10.64M, Peak:10.64M | Scene, ViewLayer | Updating Lights
Fra:1 Mem:29.86M (Peak 29.86M) | Time:00:00.01 | Mem:10.64M, Peak:10.64M | Scene, ViewLayer | Updating Lights | Computing tree
Fra:1 Mem:29.86M (Peak 29.86M) | Time:00:00.01 | Mem:10.64M, Peak:10.64M | Scene, ViewLayer | Updating Integrator
Fra:1 Mem:29.86M (Peak 29.86M) | Time:00:00.01 | Mem:10.64M, Peak:10.64M | Scene, ViewLayer | Updating Film
Fra:1 Mem:29.86M (Peak 29.86M) | Time:00:00.01 | Mem:10.56M, Peak:10.64M | Scene, ViewLayer | Updating Lookup Tables
Fra:1 Mem:29.86M (Peak 29.86M) | Time:00:00.01 | Mem:10.64M, Peak:10.64M | Scene, ViewLayer | Updating Baking
Fra:1 Mem:29.86M (Peak 29.86M) | Time:00:00.01 | Mem:10.64M, Peak:10.64M | Scene, ViewLayer | Updating Device | Writing constant memory
Fra:1 Mem:29.86M (Peak 29.86M) | Time:00:00.01 | Mem:10.64M, Peak:10.64M | Scene, ViewLayer | Sample 0/12
Fra:1 Mem:43.94M (Peak 43.94M) | Time:00:00.08 | Remaining:00:00.80 | Mem:24.71M, Peak:24.71M | Scene, ViewLayer | Sample 1/12
Fra:1 Mem:50.19M (Peak 62.69M) | Time:00:00.79 | Mem:24.71M, Peak:24.71M | Scene, ViewLayer | Sample 12/12
Fra:1 Mem:50.19M (Peak 62.69M) | Time:00:00.79 | Mem:24.71M, Peak:24.71M | Scene, ViewLayer | Finished
Saved: 'artifacts/raw-inspection/x_neg.png'
Time: 00:00.81 (Saving: 00:00.02)

Fra:1 Mem:21.21M (Peak 21.21M) | Time:00:00.00 | Mem:0.00M, Peak:0.00M | Scene, ViewLayer | Synchronizing object | geometry_0
Fra:1 Mem:24.60M (Peak 24.60M) | Time:00:00.00 | Mem:0.00M, Peak:0.00M | Scene, ViewLayer | Initializing
Fra:1 Mem:24.43M (Peak 24.60M) | Time:00:00.00 | Mem:0.00M, Peak:0.00M | Scene, ViewLayer | Waiting for render to start
Fra:1 Mem:24.43M (Peak 24.60M) | Time:00:00.00 | Mem:0.00M, Peak:0.00M | Scene, ViewLayer | Loading render kernels (may take a few minutes the first time)
Fra:1 Mem:24.43M (Peak 24.60M) | Time:00:00.00 | Mem:0.00M, Peak:0.00M | Scene, ViewLayer | Updating Scene
Fra:1 Mem:24.43M (Peak 24.60M) | Time:00:00.00 | Mem:0.00M, Peak:0.00M | Scene, ViewLayer | Updating Shaders
Fra:1 Mem:24.51M (Peak 24.60M) | Time:00:00.00 | Mem:0.00M, Peak:0.00M | Scene, ViewLayer | Updating Procedurals
Fra:1 Mem:24.51M (Peak 24.60M) | Time:00:00.00 | Mem:0.00M, Peak:0.00M | Scene, ViewLayer | Updating Background
Fra:1 Mem:24.51M (Peak 24.60M) | Time:00:00.00 | Mem:0.00M, Peak:0.00M | Scene, ViewLayer | Updating Camera
Fra:1 Mem:24.51M (Peak 24.60M) | Time:00:00.00 | Mem:0.00M, Peak:0.00M | Scene, ViewLayer | Updating Meshes Flags
Fra:1 Mem:24.51M (Peak 24.60M) | Time:00:00.00 | Mem:0.00M, Peak:0.00M | Scene, ViewLayer | Updating Objects
Fra:1 Mem:24.51M (Peak 24.60M) | Time:00:00.00 | Mem:0.00M, Peak:0.00M | Scene, ViewLayer | Updating Objects | Copying Transformations to device
Fra:1 Mem:24.51M (Peak 24.60M) | Time:00:00.00 | Mem:0.00M, Peak:0.00M | Scene, ViewLayer | Updating Objects | Applying Static Transformations
Fra:1 Mem:24.51M (Peak 24.60M) | Time:00:00.00 | Mem:0.00M, Peak:0.00M | Scene, ViewLayer | Updating Particle Systems
Fra:1 Mem:24.51M (Peak 24.60M) | Time:00:00.00 | Mem:0.00M, Peak:0.00M | Scene, ViewLayer | Updating Particle Systems | Copying Particles to device
Fra:1 Mem:24.51M (Peak 24.60M) | Time:00:00.00 | Mem:0.00M, Peak:0.00M | Scene, ViewLayer | Updating Meshes
Fra:1 Mem:26.16M (Peak 26.16M) | Time:00:00.00 | Mem:0.00M, Peak:0.00M | Scene, ViewLayer | Updating Mesh | Computing attributes
Fra:1 Mem:26.16M (Peak 26.16M) | Time:00:00.00 | Mem:0.00M, Peak:0.00M | Scene, ViewLayer | Updating Mesh | Copying Attributes to device
Fra:1 Mem:26.16M (Peak 26.16M) | Time:00:00.00 | Mem:0.00M, Peak:0.00M | Scene, ViewLayer | Updating Scene BVH | Building
Fra:1 Mem:26.16M (Peak 26.16M) | Time:00:00.00 | Mem:0.00M, Peak:0.00M | Scene, ViewLayer | Updating Scene BVH | Building BVH
Fra:1 Mem:26.16M (Peak 26.16M) | Time:00:00.00 | Mem:3.29M, Peak:3.29M | Scene, ViewLayer | Updating Scene BVH | Building BVH 0%
Fra:1 Mem:26.16M (Peak 26.16M) | Time:00:00.01 | Mem:6.86M, Peak:10.14M | Scene, ViewLayer | Updating Scene BVH | Copying BVH to device
Fra:1 Mem:26.16M (Peak 26.16M) | Time:00:00.01 | Mem:6.86M, Peak:10.14M | Scene, ViewLayer | Updating Mesh | Computing normals
Fra:1 Mem:29.85M (Peak 29.85M) | Time:00:00.01 | Mem:6.86M, Peak:10.14M | Scene, ViewLayer | Updating Mesh | Copying Mesh to device
Fra:1 Mem:29.85M (Peak 29.85M) | Time:00:00.01 | Mem:10.56M, Peak:10.56M | Scene, ViewLayer | Updating Objects Flags
Fra:1 Mem:29.85M (Peak 29.85M) | Time:00:00.01 | Mem:10.56M, Peak:10.56M | Scene, ViewLayer | Updating Primitive Offsets
Fra:1 Mem:29.85M (Peak 29.85M) | Time:00:00.01 | Mem:10.56M, Peak:10.56M | Scene, ViewLayer | Updating Images
Fra:1 Mem:29.85M (Peak 29.85M) | Time:00:00.01 | Mem:10.56M, Peak:10.56M | Scene, ViewLayer | Updating Camera Volume
Fra:1 Mem:29.85M (Peak 29.85M) | Time:00:00.01 | Mem:10.56M, Peak:10.56M | Scene, ViewLayer | Updating Lookup Tables
Fra:1 Mem:29.85M (Peak 29.85M) | Time:00:00.01 | Mem:10.64M, Peak:10.64M | Scene, ViewLayer | Updating Lights
Fra:1 Mem:29.86M (Peak 29.86M) | Time:00:00.01 | Mem:10.64M, Peak:10.64M | Scene, ViewLayer | Updating Lights | Computing tree
Fra:1 Mem:29.86M (Peak 29.86M) | Time:00:00.01 | Mem:10.64M, Peak:10.64M | Scene, ViewLayer | Updating Integrator
Fra:1 Mem:29.86M (Peak 29.86M) | Time:00:00.01 | Mem:10.64M, Peak:10.64M | Scene, ViewLayer | Updating Film
Fra:1 Mem:29.86M (Peak 29.86M) | Time:00:00.01 | Mem:10.56M, Peak:10.64M | Scene, ViewLayer | Updating Lookup Tables
Fra:1 Mem:29.86M (Peak 29.86M) | Time:00:00.01 | Mem:10.64M, Peak:10.64M | Scene, ViewLayer | Updating Baking
Fra:1 Mem:29.86M (Peak 29.86M) | Time:00:00.01 | Mem:10.64M, Peak:10.64M | Scene, ViewLayer | Updating Device | Writing constant memory
Fra:1 Mem:29.86M (Peak 29.86M) | Time:00:00.01 | Mem:10.64M, Peak:10.64M | Scene, ViewLayer | Sample 0/12
Fra:1 Mem:43.94M (Peak 43.94M) | Time:00:00.08 | Remaining:00:00.75 | Mem:24.71M, Peak:24.71M | Scene, ViewLayer | Sample 1/12
Fra:1 Mem:50.19M (Peak 62.69M) | Time:00:00.71 | Mem:24.71M, Peak:24.71M | Scene, ViewLayer | Sample 12/12
Fra:1 Mem:50.19M (Peak 62.69M) | Time:00:00.71 | Mem:24.71M, Peak:24.71M | Scene, ViewLayer | Finished
Saved: 'artifacts/raw-inspection/y_pos.png'
Time: 00:00.74 (Saving: 00:00.02)

Fra:1 Mem:21.21M (Peak 21.21M) | Time:00:00.00 | Mem:0.00M, Peak:0.00M | Scene, ViewLayer | Synchronizing object | geometry_0
Fra:1 Mem:24.60M (Peak 24.60M) | Time:00:00.00 | Mem:0.00M, Peak:0.00M | Scene, ViewLayer | Initializing
Fra:1 Mem:24.43M (Peak 24.60M) | Time:00:00.00 | Mem:0.00M, Peak:0.00M | Scene, ViewLayer | Waiting for render to start
Fra:1 Mem:24.43M (Peak 24.60M) | Time:00:00.00 | Mem:0.00M, Peak:0.00M | Scene, ViewLayer | Loading render kernels (may take a few minutes the first time)
Fra:1 Mem:24.43M (Peak 24.60M) | Time:00:00.00 | Mem:0.00M, Peak:0.00M | Scene, ViewLayer | Updating Scene
Fra:1 Mem:24.43M (Peak 24.60M) | Time:00:00.00 | Mem:0.00M, Peak:0.00M | Scene, ViewLayer | Updating Shaders
Fra:1 Mem:24.51M (Peak 24.60M) | Time:00:00.00 | Mem:0.00M, Peak:0.00M | Scene, ViewLayer | Updating Procedurals
Fra:1 Mem:24.51M (Peak 24.60M) | Time:00:00.00 | Mem:0.00M, Peak:0.00M | Scene, ViewLayer | Updating Background
Fra:1 Mem:24.51M (Peak 24.60M) | Time:00:00.00 | Mem:0.00M, Peak:0.00M | Scene, ViewLayer | Updating Camera
Fra:1 Mem:24.51M (Peak 24.60M) | Time:00:00.00 | Mem:0.00M, Peak:0.00M | Scene, ViewLayer | Updating Meshes Flags
Fra:1 Mem:24.51M (Peak 24.60M) | Time:00:00.00 | Mem:0.00M, Peak:0.00M | Scene, ViewLayer | Updating Objects
Fra:1 Mem:24.51M (Peak 24.60M) | Time:00:00.00 | Mem:0.00M, Peak:0.00M | Scene, ViewLayer | Updating Objects | Copying Transformations to device
Fra:1 Mem:24.51M (Peak 24.60M) | Time:00:00.00 | Mem:0.00M, Peak:0.00M | Scene, ViewLayer | Updating Objects | Applying Static Transformations
Fra:1 Mem:24.51M (Peak 24.60M) | Time:00:00.00 | Mem:0.00M, Peak:0.00M | Scene, ViewLayer | Updating Particle Systems
Fra:1 Mem:24.51M (Peak 24.60M) | Time:00:00.00 | Mem:0.00M, Peak:0.00M | Scene, ViewLayer | Updating Particle Systems | Copying Particles to device
Fra:1 Mem:24.51M (Peak 24.60M) | Time:00:00.00 | Mem:0.00M, Peak:0.00M | Scene, ViewLayer | Updating Meshes
Fra:1 Mem:26.16M (Peak 26.16M) | Time:00:00.00 | Mem:0.00M, Peak:0.00M | Scene, ViewLayer | Updating Mesh | Computing attributes
Fra:1 Mem:26.16M (Peak 26.16M) | Time:00:00.00 | Mem:0.00M, Peak:0.00M | Scene, ViewLayer | Updating Mesh | Copying Attributes to device
Fra:1 Mem:26.16M (Peak 26.16M) | Time:00:00.00 | Mem:0.00M, Peak:0.00M | Scene, ViewLayer | Updating Scene BVH | Building
Fra:1 Mem:26.16M (Peak 26.16M) | Time:00:00.00 | Mem:0.00M, Peak:0.00M | Scene, ViewLayer | Updating Scene BVH | Building BVH
Fra:1 Mem:26.16M (Peak 26.16M) | Time:00:00.00 | Mem:3.29M, Peak:3.29M | Scene, ViewLayer | Updating Scene BVH | Building BVH 0%
Fra:1 Mem:26.16M (Peak 26.16M) | Time:00:00.02 | Mem:6.86M, Peak:10.14M | Scene, ViewLayer | Updating Scene BVH | Copying BVH to device
Fra:1 Mem:26.16M (Peak 26.16M) | Time:00:00.02 | Mem:6.86M, Peak:10.14M | Scene, ViewLayer | Updating Mesh | Computing normals
Fra:1 Mem:29.85M (Peak 29.85M) | Time:00:00.02 | Mem:6.86M, Peak:10.14M | Scene, ViewLayer | Updating Mesh | Copying Mesh to device
Fra:1 Mem:29.85M (Peak 29.85M) | Time:00:00.02 | Mem:10.56M, Peak:10.56M | Scene, ViewLayer | Updating Objects Flags
Fra:1 Mem:29.85M (Peak 29.85M) | Time:00:00.02 | Mem:10.56M, Peak:10.56M | Scene, ViewLayer | Updating Primitive Offsets
Fra:1 Mem:29.85M (Peak 29.85M) | Time:00:00.02 | Mem:10.56M, Peak:10.56M | Scene, ViewLayer | Updating Images
Fra:1 Mem:29.85M (Peak 29.85M) | Time:00:00.02 | Mem:10.56M, Peak:10.56M | Scene, ViewLayer | Updating Camera Volume
Fra:1 Mem:29.85M (Peak 29.85M) | Time:00:00.02 | Mem:10.56M, Peak:10.56M | Scene, ViewLayer | Updating Lookup Tables
Fra:1 Mem:29.85M (Peak 29.85M) | Time:00:00.02 | Mem:10.64M, Peak:10.64M | Scene, ViewLayer | Updating Lights
Fra:1 Mem:29.86M (Peak 29.86M) | Time:00:00.02 | Mem:10.64M, Peak:10.64M | Scene, ViewLayer | Updating Lights | Computing tree
Fra:1 Mem:29.86M (Peak 29.86M) | Time:00:00.02 | Mem:10.64M, Peak:10.64M | Scene, ViewLayer | Updating Integrator
Fra:1 Mem:29.86M (Peak 29.86M) | Time:00:00.02 | Mem:10.64M, Peak:10.64M | Scene, ViewLayer | Updating Film
Fra:1 Mem:29.86M (Peak 29.86M) | Time:00:00.02 | Mem:10.56M, Peak:10.64M | Scene, ViewLayer | Updating Lookup Tables
Fra:1 Mem:29.86M (Peak 29.86M) | Time:00:00.02 | Mem:10.64M, Peak:10.64M | Scene, ViewLayer | Updating Baking
Fra:1 Mem:29.86M (Peak 29.86M) | Time:00:00.02 | Mem:10.64M, Peak:10.64M | Scene, ViewLayer | Updating Device | Writing constant memory
Fra:1 Mem:29.86M (Peak 29.86M) | Time:00:00.02 | Mem:10.64M, Peak:10.64M | Scene, ViewLayer | Sample 0/12
Fra:1 Mem:43.94M (Peak 43.94M) | Time:00:00.08 | Remaining:00:00.74 | Mem:24.71M, Peak:24.71M | Scene, ViewLayer | Sample 1/12
Fra:1 Mem:50.19M (Peak 62.69M) | Time:00:00.72 | Mem:24.71M, Peak:24.71M | Scene, ViewLayer | Sample 12/12
Fra:1 Mem:50.19M (Peak 62.69M) | Time:00:00.72 | Mem:24.71M, Peak:24.71M | Scene, ViewLayer | Finished
Saved: 'artifacts/raw-inspection/y_neg.png'
Time: 00:00.75 (Saving: 00:00.02)

Fra:1 Mem:21.21M (Peak 21.21M) | Time:00:00.00 | Mem:0.00M, Peak:0.00M | Scene, ViewLayer | Synchronizing object | geometry_0
Fra:1 Mem:24.60M (Peak 24.60M) | Time:00:00.00 | Mem:0.00M, Peak:0.00M | Scene, ViewLayer | Initializing
Fra:1 Mem:24.43M (Peak 24.60M) | Time:00:00.00 | Mem:0.00M, Peak:0.00M | Scene, ViewLayer | Waiting for render to start
Fra:1 Mem:24.43M (Peak 24.60M) | Time:00:00.00 | Mem:0.00M, Peak:0.00M | Scene, ViewLayer | Loading render kernels (may take a few minutes the first time)
Fra:1 Mem:24.43M (Peak 24.60M) | Time:00:00.00 | Mem:0.00M, Peak:0.00M | Scene, ViewLayer | Updating Scene
Fra:1 Mem:24.43M (Peak 24.60M) | Time:00:00.00 | Mem:0.00M, Peak:0.00M | Scene, ViewLayer | Updating Shaders
Fra:1 Mem:24.51M (Peak 24.60M) | Time:00:00.00 | Mem:0.00M, Peak:0.00M | Scene, ViewLayer | Updating Procedurals
Fra:1 Mem:24.51M (Peak 24.60M) | Time:00:00.00 | Mem:0.00M, Peak:0.00M | Scene, ViewLayer | Updating Background
Fra:1 Mem:24.51M (Peak 24.60M) | Time:00:00.00 | Mem:0.00M, Peak:0.00M | Scene, ViewLayer | Updating Camera
Fra:1 Mem:24.51M (Peak 24.60M) | Time:00:00.00 | Mem:0.00M, Peak:0.00M | Scene, ViewLayer | Updating Meshes Flags
Fra:1 Mem:24.51M (Peak 24.60M) | Time:00:00.00 | Mem:0.00M, Peak:0.00M | Scene, ViewLayer | Updating Objects
Fra:1 Mem:24.51M (Peak 24.60M) | Time:00:00.00 | Mem:0.00M, Peak:0.00M | Scene, ViewLayer | Updating Objects | Copying Transformations to device
Fra:1 Mem:24.51M (Peak 24.60M) | Time:00:00.00 | Mem:0.00M, Peak:0.00M | Scene, ViewLayer | Updating Objects | Applying Static Transformations
Fra:1 Mem:24.51M (Peak 24.60M) | Time:00:00.00 | Mem:0.00M, Peak:0.00M | Scene, ViewLayer | Updating Particle Systems
Fra:1 Mem:24.51M (Peak 24.60M) | Time:00:00.00 | Mem:0.00M, Peak:0.00M | Scene, ViewLayer | Updating Particle Systems | Copying Particles to device
Fra:1 Mem:24.51M (Peak 24.60M) | Time:00:00.00 | Mem:0.00M, Peak:0.00M | Scene, ViewLayer | Updating Meshes
Fra:1 Mem:26.16M (Peak 26.16M) | Time:00:00.00 | Mem:0.00M, Peak:0.00M | Scene, ViewLayer | Updating Mesh | Computing attributes
Fra:1 Mem:26.16M (Peak 26.16M) | Time:00:00.00 | Mem:0.00M, Peak:0.00M | Scene, ViewLayer | Updating Mesh | Copying Attributes to device
Fra:1 Mem:26.16M (Peak 26.16M) | Time:00:00.00 | Mem:0.00M, Peak:0.00M | Scene, ViewLayer | Updating Scene BVH | Building
Fra:1 Mem:26.16M (Peak 26.16M) | Time:00:00.00 | Mem:0.00M, Peak:0.00M | Scene, ViewLayer | Updating Scene BVH | Building BVH
Fra:1 Mem:26.16M (Peak 26.16M) | Time:00:00.00 | Mem:3.29M, Peak:3.29M | Scene, ViewLayer | Updating Scene BVH | Building BVH 0%
Fra:1 Mem:26.16M (Peak 26.16M) | Time:00:00.01 | Mem:6.86M, Peak:10.14M | Scene, ViewLayer | Updating Scene BVH | Copying BVH to device
Fra:1 Mem:26.16M (Peak 26.16M) | Time:00:00.01 | Mem:6.86M, Peak:10.14M | Scene, ViewLayer | Updating Mesh | Computing normals
Fra:1 Mem:29.85M (Peak 29.85M) | Time:00:00.01 | Mem:6.86M, Peak:10.14M | Scene, ViewLayer | Updating Mesh | Copying Mesh to device
Fra:1 Mem:29.85M (Peak 29.85M) | Time:00:00.01 | Mem:10.56M, Peak:10.56M | Scene, ViewLayer | Updating Objects Flags
Fra:1 Mem:29.85M (Peak 29.85M) | Time:00:00.01 | Mem:10.56M, Peak:10.56M | Scene, ViewLayer | Updating Primitive Offsets
Fra:1 Mem:29.85M (Peak 29.85M) | Time:00:00.01 | Mem:10.56M, Peak:10.56M | Scene, ViewLayer | Updating Images
Fra:1 Mem:29.85M (Peak 29.85M) | Time:00:00.01 | Mem:10.56M, Peak:10.56M | Scene, ViewLayer | Updating Camera Volume
Fra:1 Mem:29.85M (Peak 29.85M) | Time:00:00.01 | Mem:10.56M, Peak:10.56M | Scene, ViewLayer | Updating Lookup Tables
Fra:1 Mem:29.85M (Peak 29.85M) | Time:00:00.01 | Mem:10.64M, Peak:10.64M | Scene, ViewLayer | Updating Lights
Fra:1 Mem:29.86M (Peak 29.86M) | Time:00:00.01 | Mem:10.64M, Peak:10.64M | Scene, ViewLayer | Updating Lights | Computing tree
Fra:1 Mem:29.86M (Peak 29.86M) | Time:00:00.01 | Mem:10.64M, Peak:10.64M | Scene, ViewLayer | Updating Integrator
Fra:1 Mem:29.86M (Peak 29.86M) | Time:00:00.01 | Mem:10.64M, Peak:10.64M | Scene, ViewLayer | Updating Film
Fra:1 Mem:29.86M (Peak 29.86M) | Time:00:00.01 | Mem:10.56M, Peak:10.64M | Scene, ViewLayer | Updating Lookup Tables
Fra:1 Mem:29.86M (Peak 29.86M) | Time:00:00.01 | Mem:10.64M, Peak:10.64M | Scene, ViewLayer | Updating Baking
Fra:1 Mem:29.86M (Peak 29.86M) | Time:00:00.01 | Mem:10.64M, Peak:10.64M | Scene, ViewLayer | Updating Device | Writing constant memory
Fra:1 Mem:29.86M (Peak 29.86M) | Time:00:00.01 | Mem:10.64M, Peak:10.64M | Scene, ViewLayer | Sample 0/12
Fra:1 Mem:43.94M (Peak 43.94M) | Time:00:00.11 | Remaining:00:01.11 | Mem:24.71M, Peak:24.71M | Scene, ViewLayer | Sample 1/12
Fra:1 Mem:50.19M (Peak 62.69M) | Time:00:01.00 | Mem:24.71M, Peak:24.71M | Scene, ViewLayer | Sample 12/12
Fra:1 Mem:50.19M (Peak 62.69M) | Time:00:01.00 | Mem:24.71M, Peak:24.71M | Scene, ViewLayer | Finished
Saved: 'artifacts/raw-inspection/z_pos.png'
Time: 00:01.03 (Saving: 00:00.02)

Fra:1 Mem:21.21M (Peak 21.21M) | Time:00:00.00 | Mem:0.00M, Peak:0.00M | Scene, ViewLayer | Synchronizing object | geometry_0
Fra:1 Mem:24.60M (Peak 24.60M) | Time:00:00.00 | Mem:0.00M, Peak:0.00M | Scene, ViewLayer | Initializing
Fra:1 Mem:24.43M (Peak 24.60M) | Time:00:00.00 | Mem:0.00M, Peak:0.00M | Scene, ViewLayer | Waiting for render to start
Fra:1 Mem:24.43M (Peak 24.60M) | Time:00:00.00 | Mem:0.00M, Peak:0.00M | Scene, ViewLayer | Loading render kernels (may take a few minutes the first time)
Fra:1 Mem:24.43M (Peak 24.60M) | Time:00:00.00 | Mem:0.00M, Peak:0.00M | Scene, ViewLayer | Updating Scene
Fra:1 Mem:24.43M (Peak 24.60M) | Time:00:00.00 | Mem:0.00M, Peak:0.00M | Scene, ViewLayer | Updating Shaders
Fra:1 Mem:24.51M (Peak 24.60M) | Time:00:00.00 | Mem:0.00M, Peak:0.00M | Scene, ViewLayer | Updating Procedurals
Fra:1 Mem:24.51M (Peak 24.60M) | Time:00:00.00 | Mem:0.00M, Peak:0.00M | Scene, ViewLayer | Updating Background
Fra:1 Mem:24.51M (Peak 24.60M) | Time:00:00.00 | Mem:0.00M, Peak:0.00M | Scene, ViewLayer | Updating Camera
Fra:1 Mem:24.51M (Peak 24.60M) | Time:00:00.00 | Mem:0.00M, Peak:0.00M | Scene, ViewLayer | Updating Meshes Flags
Fra:1 Mem:24.51M (Peak 24.60M) | Time:00:00.00 | Mem:0.00M, Peak:0.00M | Scene, ViewLayer | Updating Objects
Fra:1 Mem:24.51M (Peak 24.60M) | Time:00:00.00 | Mem:0.00M, Peak:0.00M | Scene, ViewLayer | Updating Objects | Copying Transformations to device
Fra:1 Mem:24.51M (Peak 24.60M) | Time:00:00.00 | Mem:0.00M, Peak:0.00M | Scene, ViewLayer | Updating Objects | Applying Static Transformations
Fra:1 Mem:24.51M (Peak 24.60M) | Time:00:00.00 | Mem:0.00M, Peak:0.00M | Scene, ViewLayer | Updating Particle Systems
Fra:1 Mem:24.51M (Peak 24.60M) | Time:00:00.00 | Mem:0.00M, Peak:0.00M | Scene, ViewLayer | Updating Particle Systems | Copying Particles to device
Fra:1 Mem:24.51M (Peak 24.60M) | Time:00:00.00 | Mem:0.00M, Peak:0.00M | Scene, ViewLayer | Updating Meshes
Fra:1 Mem:26.16M (Peak 26.16M) | Time:00:00.00 | Mem:0.00M, Peak:0.00M | Scene, ViewLayer | Updating Mesh | Computing attributes
Fra:1 Mem:26.16M (Peak 26.16M) | Time:00:00.00 | Mem:0.00M, Peak:0.00M | Scene, ViewLayer | Updating Mesh | Copying Attributes to device
Fra:1 Mem:26.16M (Peak 26.16M) | Time:00:00.00 | Mem:0.00M, Peak:0.00M | Scene, ViewLayer | Updating Scene BVH | Building
Fra:1 Mem:26.16M (Peak 26.16M) | Time:00:00.00 | Mem:0.00M, Peak:0.00M | Scene, ViewLayer | Updating Scene BVH | Building BVH
Fra:1 Mem:26.16M (Peak 26.16M) | Time:00:00.00 | Mem:3.29M, Peak:3.29M | Scene, ViewLayer | Updating Scene BVH | Building BVH 0%
Fra:1 Mem:26.16M (Peak 26.16M) | Time:00:00.02 | Mem:6.86M, Peak:10.14M | Scene, ViewLayer | Updating Scene BVH | Copying BVH to device
Fra:1 Mem:26.16M (Peak 26.16M) | Time:00:00.02 | Mem:6.86M, Peak:10.14M | Scene, ViewLayer | Updating Mesh | Computing normals
Fra:1 Mem:29.85M (Peak 29.85M) | Time:00:00.02 | Mem:6.86M, Peak:10.14M | Scene, ViewLayer | Updating Mesh | Copying Mesh to device
Fra:1 Mem:29.85M (Peak 29.85M) | Time:00:00.02 | Mem:10.56M, Peak:10.56M | Scene, ViewLayer | Updating Objects Flags
Fra:1 Mem:29.85M (Peak 29.85M) | Time:00:00.02 | Mem:10.56M, Peak:10.56M | Scene, ViewLayer | Updating Primitive Offsets
Fra:1 Mem:29.85M (Peak 29.85M) | Time:00:00.02 | Mem:10.56M, Peak:10.56M | Scene, ViewLayer | Updating Images
Fra:1 Mem:29.85M (Peak 29.85M) | Time:00:00.02 | Mem:10.56M, Peak:10.56M | Scene, ViewLayer | Updating Camera Volume
Fra:1 Mem:29.85M (Peak 29.85M) | Time:00:00.02 | Mem:10.56M, Peak:10.56M | Scene, ViewLayer | Updating Lookup Tables
Fra:1 Mem:29.85M (Peak 29.85M) | Time:00:00.02 | Mem:10.64M, Peak:10.64M | Scene, ViewLayer | Updating Lights
Fra:1 Mem:29.86M (Peak 29.86M) | Time:00:00.02 | Mem:10.64M, Peak:10.64M | Scene, ViewLayer | Updating Lights | Computing tree
Fra:1 Mem:29.86M (Peak 29.86M) | Time:00:00.02 | Mem:10.64M, Peak:10.64M | Scene, ViewLayer | Updating Integrator
Fra:1 Mem:29.86M (Peak 29.86M) | Time:00:00.02 | Mem:10.64M, Peak:10.64M | Scene, ViewLayer | Updating Film
Fra:1 Mem:29.86M (Peak 29.86M) | Time:00:00.02 | Mem:10.56M, Peak:10.64M | Scene, ViewLayer | Updating Lookup Tables
Fra:1 Mem:29.86M (Peak 29.86M) | Time:00:00.02 | Mem:10.64M, Peak:10.64M | Scene, ViewLayer | Updating Baking
Fra:1 Mem:29.86M (Peak 29.86M) | Time:00:00.02 | Mem:10.64M, Peak:10.64M | Scene, ViewLayer | Updating Device | Writing constant memory
Fra:1 Mem:29.86M (Peak 29.86M) | Time:00:00.02 | Mem:10.64M, Peak:10.64M | Scene, ViewLayer | Sample 0/12
Fra:1 Mem:43.94M (Peak 43.94M) | Time:00:00.11 | Remaining:00:01.02 | Mem:24.71M, Peak:24.71M | Scene, ViewLayer | Sample 1/12
Fra:1 Mem:50.19M (Peak 62.69M) | Time:00:00.84 | Mem:24.71M, Peak:24.71M | Scene, ViewLayer | Sample 12/12
Fra:1 Mem:50.19M (Peak 62.69M) | Time:00:00.84 | Mem:24.71M, Peak:24.71M | Scene, ViewLayer | Finished
Saved: 'artifacts/raw-inspection/z_neg.png'
Time: 00:00.87 (Saving: 00:00.02)

Info: Saved "inspection.blend"
{
  "input": "/workspace/image_to_usable_car_probe_20261007/raw/car_raw.glb",
  "blender_version": "4.3.2",
  "native_z_up_display_rotation": true,
  "bounds_blender": [
    [
      -0.4942989945411682,
      -0.5020213723182678,
      -0.23362615704536438
    ],
    [
      0.451809287071228,
      0.4153299331665039,
      0.33599933981895447
    ]
  ],
  "objects": [
    {
      "name": "geometry_0",
      "vertices": 53904,
      "polygons": 107608,
      "materials": [],
      "color_attributes": [
        "Color"
      ]
    }
  ]
}

Blender quit
