Collecting gradio_client==2.0.1
  Downloading gradio_client-2.0.1-py3-none-any.whl.metadata (7.1 kB)
Collecting libarchive-c
  Downloading libarchive_c-5.3-py3-none-any.whl.metadata (5.8 kB)
Collecting fsspec (from gradio_client==2.0.1)
  Downloading fsspec-2026.9.0-py3-none-any.whl.metadata (10 kB)
Collecting httpx>=0.24.1 (from gradio_client==2.0.1)
  Downloading httpx-0.28.1-py3-none-any.whl.metadata (7.1 kB)
Collecting huggingface-hub<2.0,>=0.19.3 (from gradio_client==2.0.1)
  Downloading huggingface_hub-1.33.0-py3-none-any.whl.metadata (16 kB)
Collecting packaging (from gradio_client==2.0.1)
  Using cached packaging-26.3-py3-none-any.whl.metadata (3.5 kB)
Collecting typing-extensions~=4.0 (from gradio_client==2.0.1)
  Using cached typing_extensions-4.16.0-py3-none-any.whl.metadata (3.3 kB)
Collecting anyio (from httpx>=0.24.1->gradio_client==2.0.1)
  Downloading anyio-4.15.1-py3-none-any.whl.metadata (4.7 kB)
Collecting certifi (from httpx>=0.24.1->gradio_client==2.0.1)
  Using cached certifi-2026.7.22-py3-none-any.whl.metadata (2.5 kB)
Collecting httpcore==1.* (from httpx>=0.24.1->gradio_client==2.0.1)
  Downloading httpcore-1.0.9-py3-none-any.whl.metadata (21 kB)
Collecting idna (from httpx>=0.24.1->gradio_client==2.0.1)
  Using cached idna-3.20-py3-none-any.whl.metadata (7.2 kB)
Collecting h11>=0.16 (from httpcore==1.*->httpx>=0.24.1->gradio_client==2.0.1)
  Downloading h11-0.16.0-py3-none-any.whl.metadata (8.3 kB)
Collecting click<9.0.0,>=8.4.2 (from huggingface-hub<2.0,>=0.19.3->gradio_client==2.0.1)
  Downloading click-8.5.0-py3-none-any.whl.metadata (2.6 kB)
Collecting filelock>=3.10.0 (from huggingface-hub<2.0,>=0.19.3->gradio_client==2.0.1)
  Downloading filelock-4.0.12-py3-none-any.whl.metadata (2.0 kB)
Collecting hf-xet<2.0.0,>=1.6.0 (from huggingface-hub<2.0,>=0.19.3->gradio_client==2.0.1)
  Downloading hf_xet-1.7.0-cp38-abi3-manylinux2014_x86_64.manylinux_2_17_x86_64.whl.metadata (4.9 kB)
Collecting pyyaml>=5.1 (from huggingface-hub<2.0,>=0.19.3->gradio_client==2.0.1)
  Using cached pyyaml-6.0.3-cp312-cp312-manylinux2014_x86_64.manylinux_2_17_x86_64.manylinux_2_28_x86_64.whl.metadata (2.4 kB)
Collecting tqdm>=4.42.1 (from huggingface-hub<2.0,>=0.19.3->gradio_client==2.0.1)
  Using cached tqdm-4.70.1-py3-none-any.whl.metadata (57 kB)
Downloading gradio_client-2.0.1-py3-none-any.whl (55 kB)
Downloading libarchive_c-5.3-py3-none-any.whl (17 kB)
Downloading httpx-0.28.1-py3-none-any.whl (73 kB)
Downloading httpcore-1.0.9-py3-none-any.whl (78 kB)
Downloading huggingface_hub-1.33.0-py3-none-any.whl (846 kB)
   ━━━━━━━━━━━━━━━━━━━━━━━━━━━━━━━━━━━━━━━━ 846.4/846.4 kB 15.6 MB/s eta 0:00:00
Downloading fsspec-2026.9.0-py3-none-any.whl (221 kB)
Using cached packaging-26.3-py3-none-any.whl (129 kB)
Using cached typing_extensions-4.16.0-py3-none-any.whl (45 kB)
Downloading click-8.5.0-py3-none-any.whl (125 kB)
Downloading filelock-4.0.12-py3-none-any.whl (111 kB)
Downloading hf_xet-1.7.0-cp38-abi3-manylinux2014_x86_64.manylinux_2_17_x86_64.whl (4.2 MB)
   ━━━━━━━━━━━━━━━━━━━━━━━━━━━━━━━━━━━━━━━━ 4.2/4.2 MB 12.1 MB/s eta 0:00:00
Using cached pyyaml-6.0.3-cp312-cp312-manylinux2014_x86_64.manylinux_2_17_x86_64.manylinux_2_28_x86_64.whl (807 kB)
Using cached tqdm-4.70.1-py3-none-any.whl (80 kB)
Downloading anyio-4.15.1-py3-none-any.whl (132 kB)
Using cached idna-3.20-py3-none-any.whl (69 kB)
Using cached certifi-2026.7.22-py3-none-any.whl (136 kB)
Downloading h11-0.16.0-py3-none-any.whl (37 kB)
Installing collected packages: libarchive-c, typing-extensions, tqdm, pyyaml, packaging, idna, hf-xet, h11, fsspec, filelock, click, certifi, httpcore, anyio, httpx, huggingface-hub, gradio_client
Successfully installed anyio-4.15.1 certifi-2026.7.22 click-8.5.0 filelock-4.0.12 fsspec-2026.9.0 gradio_client-2.0.1 h11-0.16.0 hf-xet-1.7.0 httpcore-1.0.9 httpx-0.28.1 huggingface-hub-1.33.0 idna-3.20 libarchive-c-5.3 packaging-26.3 pyyaml-6.0.3 tqdm-4.70.1 typing-extensions-4.16.0
