Extensions: writing cache failed ([Errno 30] Read-only file system: '/home/agent/.config/blender/4.3/extensions').
09:50:25 | INFO: Data are loaded, start creating Blender stuff
09:50:25 | INFO: Blender create Mesh node Body_fixed_generated_surface
09:50:25 | INFO: Blender create Mesh node Door_added_edge_thickness
09:50:25 | INFO: Blender create Mesh node Door_added_inner_lining
09:50:25 | INFO: Blender create Mesh node Door_generated_outer_surface
09:50:25 | INFO: Blender create Mesh node Body_added_recessed_jamb
09:50:25 | INFO: Blender create Mesh node Cube
09:50:25 | INFO: Blender create Mesh node Cube.001
09:50:25 | INFO: Blender create Mesh node Cube.002
09:50:25 | INFO: Blender create Mesh node Cube.003
09:50:25 | INFO: glTF import finished in 0.14s
Blender 4.3.2
Fra:1 Mem:25.04M (Peak 25.04M) | Time:00:00.00 | Mem:0.00M, Peak:0.00M | Scene, ViewLayer | Synchronizing object | Body_fixed_generated_surface
Fra:1 Mem:25.04M (Peak 25.04M) | Time:00:00.00 | Mem:0.00M, Peak:0.00M | Scene, ViewLayer | Synchronizing object | Door_added_inner_lining
Fra:1 Mem:25.20M (Peak 25.20M) | Time:00:00.00 | Mem:0.00M, Peak:0.00M | Scene, ViewLayer | Synchronizing object | Cabin_added_seat_back_proxy
Fra:1 Mem:27.36M (Peak 27.36M) | Time:00:00.00 | Mem:0.00M, Peak:0.00M | Scene, ViewLayer | Synchronizing object | Cabin_added_seat_cushion_proxy
Fra:1 Mem:27.84M (Peak 27.84M) | Time:00:00.00 | Mem:0.00M, Peak:0.00M | Scene, ViewLayer | Synchronizing object | Cabin_added_inner_wall_proxy
Fra:1 Mem:27.83M (Peak 27.84M) | Time:00:00.00 | Mem:0.00M, Peak:0.00M | Scene, ViewLayer | Synchronizing object | Cabin_added_floor_proxy
Fra:1 Mem:28.02M (Peak 28.02M) | Time:00:00.00 | Mem:0.00M, Peak:0.00M | Scene, ViewLayer | Synchronizing object | Body_added_recessed_jamb
Fra:1 Mem:32.88M (Peak 33.19M) | Time:00:00.00 | Mem:0.00M, Peak:0.00M | Scene, ViewLayer | Synchronizing object | Door_generated_outer_surface
Fra:1 Mem:38.22M (Peak 49.82M) | Time:00:00.02 | Mem:0.00M, Peak:0.00M | Scene, ViewLayer | Initializing
Fra:1 Mem:37.59M (Peak 49.82M) | Time:00:00.02 | Mem:0.00M, Peak:0.00M | Scene, ViewLayer | Waiting for render to start
Fra:1 Mem:37.59M (Peak 49.82M) | Time:00:00.02 | Mem:0.00M, Peak:0.00M | Scene, ViewLayer | Loading render kernels (may take a few minutes the first time)
Fra:1 Mem:37.59M (Peak 49.82M) | Time:00:00.02 | Mem:0.00M, Peak:0.00M | Scene, ViewLayer | Updating Scene
Fra:1 Mem:37.59M (Peak 49.82M) | Time:00:00.02 | Mem:0.00M, Peak:0.00M | Scene, ViewLayer | Updating Shaders
Fra:1 Mem:37.68M (Peak 49.82M) | Time:00:00.02 | Mem:0.00M, Peak:0.00M | Scene, ViewLayer | Updating Procedurals
Fra:1 Mem:37.68M (Peak 49.82M) | Time:00:00.02 | Mem:0.00M, Peak:0.00M | Scene, ViewLayer | Updating Background
Fra:1 Mem:37.68M (Peak 49.82M) | Time:00:00.02 | Mem:0.00M, Peak:0.00M | Scene, ViewLayer | Updating Camera
Fra:1 Mem:37.68M (Peak 49.82M) | Time:00:00.02 | Mem:0.00M, Peak:0.00M | Scene, ViewLayer | Updating Meshes Flags
Fra:1 Mem:37.68M (Peak 49.82M) | Time:00:00.02 | Mem:0.00M, Peak:0.00M | Scene, ViewLayer | Updating Objects
Fra:1 Mem:37.68M (Peak 49.82M) | Time:00:00.02 | Mem:0.00M, Peak:0.00M | Scene, ViewLayer | Updating Objects | Copying Transformations to device
Fra:1 Mem:37.68M (Peak 49.82M) | Time:00:00.02 | Mem:0.01M, Peak:0.01M | Scene, ViewLayer | Updating Objects | Applying Static Transformations
Fra:1 Mem:37.68M (Peak 49.82M) | Time:00:00.02 | Mem:0.01M, Peak:0.01M | Scene, ViewLayer | Updating Particle Systems
Fra:1 Mem:37.68M (Peak 49.82M) | Time:00:00.02 | Mem:0.01M, Peak:0.01M | Scene, ViewLayer | Updating Particle Systems | Copying Particles to device
Fra:1 Mem:37.68M (Peak 49.82M) | Time:00:00.02 | Mem:0.01M, Peak:0.01M | Scene, ViewLayer | Updating Meshes
Fra:1 Mem:39.59M (Peak 49.82M) | Time:00:00.02 | Mem:0.01M, Peak:0.01M | Scene, ViewLayer | Updating Mesh | Computing attributes
Fra:1 Mem:41.94M (Peak 49.82M) | Time:00:00.03 | Mem:0.01M, Peak:0.01M | Scene, ViewLayer | Updating Mesh | Copying Attributes to device
Fra:1 Mem:41.94M (Peak 49.82M) | Time:00:00.03 | Mem:2.36M, Peak:2.36M | Scene, ViewLayer | Updating Scene BVH | Building
Fra:1 Mem:41.94M (Peak 49.82M) | Time:00:00.03 | Mem:2.36M, Peak:2.36M | Scene, ViewLayer | Updating Scene BVH | Building BVH
Fra:1 Mem:41.94M (Peak 49.82M) | Time:00:00.03 | Mem:6.18M, Peak:6.18M | Scene, ViewLayer | Updating Scene BVH | Building BVH 0%
Fra:1 Mem:41.94M (Peak 49.82M) | Time:00:00.04 | Mem:10.73M, Peak:14.55M | Scene, ViewLayer | Updating Scene BVH | Copying BVH to device
Fra:1 Mem:41.94M (Peak 49.82M) | Time:00:00.04 | Mem:10.73M, Peak:14.55M | Scene, ViewLayer | Updating Mesh | Computing normals
Fra:1 Mem:47.14M (Peak 49.82M) | Time:00:00.04 | Mem:10.73M, Peak:14.55M | Scene, ViewLayer | Updating Mesh | Copying Mesh to device
Fra:1 Mem:47.14M (Peak 49.82M) | Time:00:00.04 | Mem:15.93M, Peak:15.93M | Scene, ViewLayer | Updating Objects Flags
Fra:1 Mem:47.14M (Peak 49.82M) | Time:00:00.04 | Mem:15.93M, Peak:15.93M | Scene, ViewLayer | Updating Primitive Offsets
Fra:1 Mem:47.14M (Peak 49.82M) | Time:00:00.04 | Mem:15.93M, Peak:15.93M | Scene, ViewLayer | Updating Images
Fra:1 Mem:47.14M (Peak 49.82M) | Time:00:00.04 | Mem:15.93M, Peak:15.93M | Scene, ViewLayer | Updating Camera Volume
Fra:1 Mem:47.14M (Peak 49.82M) | Time:00:00.04 | Mem:15.93M, Peak:15.93M | Scene, ViewLayer | Updating Lookup Tables
Fra:1 Mem:47.14M (Peak 49.82M) | Time:00:00.04 | Mem:16.01M, Peak:16.01M | Scene, ViewLayer | Updating Lights
Fra:1 Mem:47.14M (Peak 49.82M) | Time:00:00.04 | Mem:16.01M, Peak:16.01M | Scene, ViewLayer | Updating Lights | Computing tree
Fra:1 Mem:47.14M (Peak 49.82M) | Time:00:00.04 | Mem:16.02M, Peak:16.02M | Scene, ViewLayer | Updating Integrator
Fra:1 Mem:47.14M (Peak 49.82M) | Time:00:00.04 | Mem:16.02M, Peak:16.02M | Scene, ViewLayer | Updating Film
Fra:1 Mem:47.15M (Peak 49.82M) | Time:00:00.04 | Mem:15.93M, Peak:16.02M | Scene, ViewLayer | Updating Lookup Tables
Fra:1 Mem:47.15M (Peak 49.82M) | Time:00:00.04 | Mem:16.02M, Peak:16.02M | Scene, ViewLayer | Updating Baking
Fra:1 Mem:47.15M (Peak 49.82M) | Time:00:00.04 | Mem:16.02M, Peak:16.02M | Scene, ViewLayer | Updating Device | Writing constant memory
Fra:1 Mem:47.15M (Peak 49.82M) | Time:00:00.04 | Mem:16.02M, Peak:16.02M | Scene, ViewLayer | Sample 0/16
Fra:1 Mem:94.62M (Peak 94.62M) | Time:00:00.37 | Remaining:00:04.93 | Mem:63.48M, Peak:63.48M | Scene, ViewLayer | Sample 1/16
Fra:1 Mem:115.72M (Peak 157.91M) | Time:00:04.38 | Mem:63.48M, Peak:63.48M | Scene, ViewLayer | Sample 16/16
Fra:1 Mem:115.72M (Peak 157.91M) | Time:00:04.38 | Mem:63.48M, Peak:63.48M | Scene, ViewLayer | Finished
Saved: '/workspace/image_to_usable_car_probe_20261007/artifacts/authored-inspection/closed_hero.png'
Time: 00:04.49 (Saving: 00:00.11)

Fra:1 Mem:30.66M (Peak 30.66M) | Time:00:00.00 | Mem:0.00M, Peak:0.00M | Scene, ViewLayer | Synchronizing object | Body_fixed_generated_surface
Fra:1 Mem:30.67M (Peak 30.67M) | Time:00:00.00 | Mem:0.00M, Peak:0.00M | Scene, ViewLayer | Synchronizing object | Door_added_inner_lining
Fra:1 Mem:30.82M (Peak 30.82M) | Time:00:00.00 | Mem:0.00M, Peak:0.00M | Scene, ViewLayer | Synchronizing object | Cabin_added_seat_back_proxy
Fra:1 Mem:30.96M (Peak 30.96M) | Time:00:00.00 | Mem:0.00M, Peak:0.00M | Scene, ViewLayer | Synchronizing object | Cabin_added_seat_cushion_proxy
Fra:1 Mem:31.98M (Peak 31.98M) | Time:00:00.00 | Mem:0.00M, Peak:0.00M | Scene, ViewLayer | Synchronizing object | Cabin_added_inner_wall_proxy
Fra:1 Mem:32.00M (Peak 32.00M) | Time:00:00.00 | Mem:0.00M, Peak:0.00M | Scene, ViewLayer | Synchronizing object | Cabin_added_floor_proxy
Fra:1 Mem:32.01M (Peak 32.01M) | Time:00:00.00 | Mem:0.00M, Peak:0.00M | Scene, ViewLayer | Synchronizing object | Body_added_recessed_jamb
Fra:1 Mem:36.82M (Peak 36.90M) | Time:00:00.00 | Mem:0.00M, Peak:0.00M | Scene, ViewLayer | Synchronizing object | Door_generated_outer_surface
Fra:1 Mem:38.22M (Peak 50.22M) | Time:00:00.02 | Mem:0.00M, Peak:0.00M | Scene, ViewLayer | Initializing
Fra:1 Mem:37.59M (Peak 50.22M) | Time:00:00.02 | Mem:0.00M, Peak:0.00M | Scene, ViewLayer | Waiting for render to start
Fra:1 Mem:37.59M (Peak 50.22M) | Time:00:00.02 | Mem:0.00M, Peak:0.00M | Scene, ViewLayer | Loading render kernels (may take a few minutes the first time)
Fra:1 Mem:37.59M (Peak 50.22M) | Time:00:00.02 | Mem:0.00M, Peak:0.00M | Scene, ViewLayer | Updating Scene
Fra:1 Mem:37.59M (Peak 50.22M) | Time:00:00.02 | Mem:0.00M, Peak:0.00M | Scene, ViewLayer | Updating Shaders
Fra:1 Mem:37.68M (Peak 50.22M) | Time:00:00.02 | Mem:0.00M, Peak:0.00M | Scene, ViewLayer | Updating Procedurals
Fra:1 Mem:37.68M (Peak 50.22M) | Time:00:00.02 | Mem:0.00M, Peak:0.00M | Scene, ViewLayer | Updating Background
Fra:1 Mem:37.68M (Peak 50.22M) | Time:00:00.02 | Mem:0.00M, Peak:0.00M | Scene, ViewLayer | Updating Camera
Fra:1 Mem:37.68M (Peak 50.22M) | Time:00:00.02 | Mem:0.00M, Peak:0.00M | Scene, ViewLayer | Updating Meshes Flags
Fra:1 Mem:37.68M (Peak 50.22M) | Time:00:00.02 | Mem:0.00M, Peak:0.00M | Scene, ViewLayer | Updating Objects
Fra:1 Mem:37.68M (Peak 50.22M) | Time:00:00.02 | Mem:0.00M, Peak:0.00M | Scene, ViewLayer | Updating Objects | Copying Transformations to device
Fra:1 Mem:37.68M (Peak 50.22M) | Time:00:00.02 | Mem:0.01M, Peak:0.01M | Scene, ViewLayer | Updating Objects | Applying Static Transformations
Fra:1 Mem:37.68M (Peak 50.22M) | Time:00:00.02 | Mem:0.01M, Peak:0.01M | Scene, ViewLayer | Updating Particle Systems
Fra:1 Mem:37.68M (Peak 50.22M) | Time:00:00.02 | Mem:0.01M, Peak:0.01M | Scene, ViewLayer | Updating Particle Systems | Copying Particles to device
Fra:1 Mem:37.68M (Peak 50.22M) | Time:00:00.02 | Mem:0.01M, Peak:0.01M | Scene, ViewLayer | Updating Meshes
Fra:1 Mem:39.59M (Peak 50.22M) | Time:00:00.02 | Mem:0.01M, Peak:0.01M | Scene, ViewLayer | Updating Mesh | Computing attributes
Fra:1 Mem:41.94M (Peak 50.22M) | Time:00:00.02 | Mem:0.01M, Peak:0.01M | Scene, ViewLayer | Updating Mesh | Copying Attributes to device
Fra:1 Mem:41.94M (Peak 50.22M) | Time:00:00.02 | Mem:2.36M, Peak:2.36M | Scene, ViewLayer | Updating Scene BVH | Building
Fra:1 Mem:41.94M (Peak 50.22M) | Time:00:00.02 | Mem:2.36M, Peak:2.36M | Scene, ViewLayer | Updating Scene BVH | Building BVH
Fra:1 Mem:41.94M (Peak 50.22M) | Time:00:00.02 | Mem:6.18M, Peak:6.18M | Scene, ViewLayer | Updating Scene BVH | Building BVH 0%
Fra:1 Mem:41.94M (Peak 50.22M) | Time:00:00.04 | Mem:10.73M, Peak:14.55M | Scene, ViewLayer | Updating Scene BVH | Copying BVH to device
Fra:1 Mem:41.94M (Peak 50.22M) | Time:00:00.04 | Mem:10.73M, Peak:14.55M | Scene, ViewLayer | Updating Mesh | Computing normals
Fra:1 Mem:47.14M (Peak 50.22M) | Time:00:00.04 | Mem:10.73M, Peak:14.55M | Scene, ViewLayer | Updating Mesh | Copying Mesh to device
Fra:1 Mem:47.14M (Peak 50.22M) | Time:00:00.04 | Mem:15.93M, Peak:15.93M | Scene, ViewLayer | Updating Objects Flags
Fra:1 Mem:47.14M (Peak 50.22M) | Time:00:00.04 | Mem:15.93M, Peak:15.93M | Scene, ViewLayer | Updating Primitive Offsets
Fra:1 Mem:47.14M (Peak 50.22M) | Time:00:00.04 | Mem:15.93M, Peak:15.93M | Scene, ViewLayer | Updating Images
Fra:1 Mem:47.14M (Peak 50.22M) | Time:00:00.04 | Mem:15.93M, Peak:15.93M | Scene, ViewLayer | Updating Camera Volume
Fra:1 Mem:47.14M (Peak 50.22M) | Time:00:00.04 | Mem:15.93M, Peak:15.93M | Scene, ViewLayer | Updating Lookup Tables
Fra:1 Mem:47.14M (Peak 50.22M) | Time:00:00.04 | Mem:16.01M, Peak:16.01M | Scene, ViewLayer | Updating Lights
Fra:1 Mem:47.14M (Peak 50.22M) | Time:00:00.04 | Mem:16.01M, Peak:16.01M | Scene, ViewLayer | Updating Lights | Computing tree
Fra:1 Mem:47.14M (Peak 50.22M) | Time:00:00.04 | Mem:16.02M, Peak:16.02M | Scene, ViewLayer | Updating Integrator
Fra:1 Mem:47.14M (Peak 50.22M) | Time:00:00.04 | Mem:16.02M, Peak:16.02M | Scene, ViewLayer | Updating Film
Fra:1 Mem:47.15M (Peak 50.22M) | Time:00:00.04 | Mem:15.93M, Peak:16.02M | Scene, ViewLayer | Updating Lookup Tables
Fra:1 Mem:47.15M (Peak 50.22M) | Time:00:00.04 | Mem:16.02M, Peak:16.02M | Scene, ViewLayer | Updating Baking
Fra:1 Mem:47.15M (Peak 50.22M) | Time:00:00.04 | Mem:16.02M, Peak:16.02M | Scene, ViewLayer | Updating Device | Writing constant memory
Fra:1 Mem:47.15M (Peak 50.22M) | Time:00:00.04 | Mem:16.02M, Peak:16.02M | Scene, ViewLayer | Sample 0/16
Fra:1 Mem:94.62M (Peak 94.62M) | Time:00:00.35 | Remaining:00:04.68 | Mem:63.48M, Peak:63.48M | Scene, ViewLayer | Sample 1/16
Fra:1 Mem:115.72M (Peak 157.91M) | Time:00:04.04 | Mem:63.48M, Peak:63.48M | Scene, ViewLayer | Sample 16/16
Fra:1 Mem:115.72M (Peak 157.91M) | Time:00:04.04 | Mem:63.48M, Peak:63.48M | Scene, ViewLayer | Finished
Saved: '/workspace/image_to_usable_car_probe_20261007/artifacts/authored-inspection/closed_side.png'
Time: 00:04.13 (Saving: 00:00.09)

Fra:1 Mem:30.66M (Peak 30.66M) | Time:00:00.00 | Mem:0.00M, Peak:0.00M | Scene, ViewLayer | Synchronizing object | Body_fixed_generated_surface
Fra:1 Mem:30.67M (Peak 30.67M) | Time:00:00.00 | Mem:0.00M, Peak:0.00M | Scene, ViewLayer | Synchronizing object | Door_added_inner_lining
Fra:1 Mem:30.82M (Peak 30.82M) | Time:00:00.00 | Mem:0.00M, Peak:0.00M | Scene, ViewLayer | Synchronizing object | Cabin_added_seat_back_proxy
Fra:1 Mem:31.98M (Peak 31.98M) | Time:00:00.00 | Mem:0.00M, Peak:0.00M | Scene, ViewLayer | Synchronizing object | Cabin_added_seat_cushion_proxy
Fra:1 Mem:32.00M (Peak 32.00M) | Time:00:00.00 | Mem:0.00M, Peak:0.00M | Scene, ViewLayer | Synchronizing object | Cabin_added_inner_wall_proxy
Fra:1 Mem:32.00M (Peak 32.00M) | Time:00:00.00 | Mem:0.00M, Peak:0.00M | Scene, ViewLayer | Synchronizing object | Cabin_added_floor_proxy
Fra:1 Mem:32.10M (Peak 32.10M) | Time:00:00.00 | Mem:0.00M, Peak:0.00M | Scene, ViewLayer | Synchronizing object | Body_added_recessed_jamb
Fra:1 Mem:36.71M (Peak 36.81M) | Time:00:00.00 | Mem:0.00M, Peak:0.00M | Scene, ViewLayer | Synchronizing object | Door_generated_outer_surface
Fra:1 Mem:38.22M (Peak 50.22M) | Time:00:00.02 | Mem:0.00M, Peak:0.00M | Scene, ViewLayer | Initializing
Fra:1 Mem:37.59M (Peak 50.22M) | Time:00:00.02 | Mem:0.00M, Peak:0.00M | Scene, ViewLayer | Waiting for render to start
Fra:1 Mem:37.59M (Peak 50.22M) | Time:00:00.02 | Mem:0.00M, Peak:0.00M | Scene, ViewLayer | Loading render kernels (may take a few minutes the first time)
Fra:1 Mem:37.59M (Peak 50.22M) | Time:00:00.02 | Mem:0.00M, Peak:0.00M | Scene, ViewLayer | Updating Scene
Fra:1 Mem:37.59M (Peak 50.22M) | Time:00:00.02 | Mem:0.00M, Peak:0.00M | Scene, ViewLayer | Updating Shaders
Fra:1 Mem:37.68M (Peak 50.22M) | Time:00:00.02 | Mem:0.00M, Peak:0.00M | Scene, ViewLayer | Updating Procedurals
Fra:1 Mem:37.68M (Peak 50.22M) | Time:00:00.02 | Mem:0.00M, Peak:0.00M | Scene, ViewLayer | Updating Background
Fra:1 Mem:37.68M (Peak 50.22M) | Time:00:00.02 | Mem:0.00M, Peak:0.00M | Scene, ViewLayer | Updating Camera
Fra:1 Mem:37.68M (Peak 50.22M) | Time:00:00.02 | Mem:0.00M, Peak:0.00M | Scene, ViewLayer | Updating Meshes Flags
Fra:1 Mem:37.68M (Peak 50.22M) | Time:00:00.02 | Mem:0.00M, Peak:0.00M | Scene, ViewLayer | Updating Objects
Fra:1 Mem:37.68M (Peak 50.22M) | Time:00:00.02 | Mem:0.00M, Peak:0.00M | Scene, ViewLayer | Updating Objects | Copying Transformations to device
Fra:1 Mem:37.68M (Peak 50.22M) | Time:00:00.02 | Mem:0.01M, Peak:0.01M | Scene, ViewLayer | Updating Objects | Applying Static Transformations
Fra:1 Mem:37.68M (Peak 50.22M) | Time:00:00.02 | Mem:0.01M, Peak:0.01M | Scene, ViewLayer | Updating Particle Systems
Fra:1 Mem:37.68M (Peak 50.22M) | Time:00:00.02 | Mem:0.01M, Peak:0.01M | Scene, ViewLayer | Updating Particle Systems | Copying Particles to device
Fra:1 Mem:37.68M (Peak 50.22M) | Time:00:00.02 | Mem:0.01M, Peak:0.01M | Scene, ViewLayer | Updating Meshes
Fra:1 Mem:39.59M (Peak 50.22M) | Time:00:00.02 | Mem:0.01M, Peak:0.01M | Scene, ViewLayer | Updating Mesh | Computing attributes
Fra:1 Mem:41.94M (Peak 50.22M) | Time:00:00.02 | Mem:0.01M, Peak:0.01M | Scene, ViewLayer | Updating Mesh | Copying Attributes to device
Fra:1 Mem:41.94M (Peak 50.22M) | Time:00:00.02 | Mem:2.36M, Peak:2.36M | Scene, ViewLayer | Updating Scene BVH | Building
Fra:1 Mem:41.94M (Peak 50.22M) | Time:00:00.02 | Mem:2.36M, Peak:2.36M | Scene, ViewLayer | Updating Scene BVH | Building BVH
Fra:1 Mem:41.94M (Peak 50.22M) | Time:00:00.02 | Mem:6.18M, Peak:6.18M | Scene, ViewLayer | Updating Scene BVH | Building BVH 0%
Fra:1 Mem:41.94M (Peak 50.22M) | Time:00:00.04 | Mem:10.73M, Peak:14.55M | Scene, ViewLayer | Updating Scene BVH | Copying BVH to device
Fra:1 Mem:41.94M (Peak 50.22M) | Time:00:00.04 | Mem:10.73M, Peak:14.55M | Scene, ViewLayer | Updating Mesh | Computing normals
Fra:1 Mem:47.14M (Peak 50.22M) | Time:00:00.04 | Mem:10.73M, Peak:14.55M | Scene, ViewLayer | Updating Mesh | Copying Mesh to device
Fra:1 Mem:47.14M (Peak 50.22M) | Time:00:00.04 | Mem:15.93M, Peak:15.93M | Scene, ViewLayer | Updating Objects Flags
Fra:1 Mem:47.14M (Peak 50.22M) | Time:00:00.04 | Mem:15.93M, Peak:15.93M | Scene, ViewLayer | Updating Primitive Offsets
Fra:1 Mem:47.14M (Peak 50.22M) | Time:00:00.04 | Mem:15.93M, Peak:15.93M | Scene, ViewLayer | Updating Images
Fra:1 Mem:47.14M (Peak 50.22M) | Time:00:00.04 | Mem:15.93M, Peak:15.93M | Scene, ViewLayer | Updating Camera Volume
Fra:1 Mem:47.14M (Peak 50.22M) | Time:00:00.04 | Mem:15.93M, Peak:15.93M | Scene, ViewLayer | Updating Lookup Tables
Fra:1 Mem:47.14M (Peak 50.22M) | Time:00:00.04 | Mem:16.01M, Peak:16.01M | Scene, ViewLayer | Updating Lights
Fra:1 Mem:47.14M (Peak 50.22M) | Time:00:00.04 | Mem:16.01M, Peak:16.01M | Scene, ViewLayer | Updating Lights | Computing tree
Fra:1 Mem:47.14M (Peak 50.22M) | Time:00:00.04 | Mem:16.02M, Peak:16.02M | Scene, ViewLayer | Updating Integrator
Fra:1 Mem:47.14M (Peak 50.22M) | Time:00:00.04 | Mem:16.02M, Peak:16.02M | Scene, ViewLayer | Updating Film
Fra:1 Mem:47.15M (Peak 50.22M) | Time:00:00.04 | Mem:15.93M, Peak:16.02M | Scene, ViewLayer | Updating Lookup Tables
Fra:1 Mem:47.15M (Peak 50.22M) | Time:00:00.04 | Mem:16.02M, Peak:16.02M | Scene, ViewLayer | Updating Baking
Fra:1 Mem:47.15M (Peak 50.22M) | Time:00:00.04 | Mem:16.02M, Peak:16.02M | Scene, ViewLayer | Updating Device | Writing constant memory
Fra:1 Mem:47.15M (Peak 50.22M) | Time:00:00.04 | Mem:16.02M, Peak:16.02M | Scene, ViewLayer | Sample 0/16
Fra:1 Mem:94.62M (Peak 94.62M) | Time:00:00.64 | Remaining:00:09.06 | Mem:63.48M, Peak:63.48M | Scene, ViewLayer | Sample 1/16
Fra:1 Mem:115.72M (Peak 157.91M) | Time:00:08.76 | Mem:63.48M, Peak:63.48M | Scene, ViewLayer | Sample 16/16
Fra:1 Mem:115.72M (Peak 157.91M) | Time:00:08.76 | Mem:63.48M, Peak:63.48M | Scene, ViewLayer | Finished
Saved: '/workspace/image_to_usable_car_probe_20261007/artifacts/authored-inspection/closed_exposed.png'
Time: 00:08.89 (Saving: 00:00.12)

Fra:31 Mem:30.66M (Peak 30.66M) | Time:00:00.00 | Mem:0.00M, Peak:0.00M | Scene, ViewLayer | Synchronizing object | Body_fixed_generated_surface
Fra:31 Mem:30.67M (Peak 30.67M) | Time:00:00.00 | Mem:0.00M, Peak:0.00M | Scene, ViewLayer | Synchronizing object | Door_added_inner_lining
Fra:31 Mem:30.82M (Peak 30.82M) | Time:00:00.00 | Mem:0.00M, Peak:0.00M | Scene, ViewLayer | Synchronizing object | Cabin_added_seat_back_proxy
Fra:31 Mem:30.96M (Peak 30.96M) | Time:00:00.00 | Mem:0.00M, Peak:0.00M | Scene, ViewLayer | Synchronizing object | Cabin_added_seat_cushion_proxy
Fra:31 Mem:31.36M (Peak 31.36M) | Time:00:00.00 | Mem:0.00M, Peak:0.00M | Scene, ViewLayer | Synchronizing object | Cabin_added_inner_wall_proxy
Fra:31 Mem:31.38M (Peak 31.38M) | Time:00:00.00 | Mem:0.00M, Peak:0.00M | Scene, ViewLayer | Synchronizing object | Cabin_added_floor_proxy
Fra:31 Mem:31.43M (Peak 31.43M) | Time:00:00.00 | Mem:0.00M, Peak:0.00M | Scene, ViewLayer | Synchronizing object | Body_added_recessed_jamb
Fra:31 Mem:38.27M (Peak 38.51M) | Time:00:00.00 | Mem:0.00M, Peak:0.00M | Scene, ViewLayer | Synchronizing object | Door_generated_outer_surface
Fra:31 Mem:38.22M (Peak 50.22M) | Time:00:00.02 | Mem:0.00M, Peak:0.00M | Scene, ViewLayer | Initializing
Fra:31 Mem:37.59M (Peak 50.22M) | Time:00:00.02 | Mem:0.00M, Peak:0.00M | Scene, ViewLayer | Waiting for render to start
Fra:31 Mem:37.59M (Peak 50.22M) | Time:00:00.02 | Mem:0.00M, Peak:0.00M | Scene, ViewLayer | Loading render kernels (may take a few minutes the first time)
Fra:31 Mem:37.59M (Peak 50.22M) | Time:00:00.02 | Mem:0.00M, Peak:0.00M | Scene, ViewLayer | Updating Scene
Fra:31 Mem:37.59M (Peak 50.22M) | Time:00:00.02 | Mem:0.00M, Peak:0.00M | Scene, ViewLayer | Updating Shaders
Fra:31 Mem:37.68M (Peak 50.22M) | Time:00:00.02 | Mem:0.00M, Peak:0.00M | Scene, ViewLayer | Updating Procedurals
Fra:31 Mem:37.68M (Peak 50.22M) | Time:00:00.02 | Mem:0.00M, Peak:0.00M | Scene, ViewLayer | Updating Background
Fra:31 Mem:37.68M (Peak 50.22M) | Time:00:00.02 | Mem:0.00M, Peak:0.00M | Scene, ViewLayer | Updating Camera
Fra:31 Mem:37.68M (Peak 50.22M) | Time:00:00.02 | Mem:0.00M, Peak:0.00M | Scene, ViewLayer | Updating Meshes Flags
Fra:31 Mem:37.68M (Peak 50.22M) | Time:00:00.02 | Mem:0.00M, Peak:0.00M | Scene, ViewLayer | Updating Objects
Fra:31 Mem:37.68M (Peak 50.22M) | Time:00:00.02 | Mem:0.00M, Peak:0.00M | Scene, ViewLayer | Updating Objects | Copying Transformations to device
Fra:31 Mem:37.68M (Peak 50.22M) | Time:00:00.02 | Mem:0.01M, Peak:0.01M | Scene, ViewLayer | Updating Objects | Applying Static Transformations
Fra:31 Mem:37.68M (Peak 50.22M) | Time:00:00.02 | Mem:0.01M, Peak:0.01M | Scene, ViewLayer | Updating Particle Systems
Fra:31 Mem:37.68M (Peak 50.22M) | Time:00:00.02 | Mem:0.01M, Peak:0.01M | Scene, ViewLayer | Updating Particle Systems | Copying Particles to device
Fra:31 Mem:37.68M (Peak 50.22M) | Time:00:00.02 | Mem:0.01M, Peak:0.01M | Scene, ViewLayer | Updating Meshes
Fra:31 Mem:39.59M (Peak 50.22M) | Time:00:00.02 | Mem:0.01M, Peak:0.01M | Scene, ViewLayer | Updating Mesh | Computing attributes
Fra:31 Mem:41.94M (Peak 50.22M) | Time:00:00.02 | Mem:0.01M, Peak:0.01M | Scene, ViewLayer | Updating Mesh | Copying Attributes to device
Fra:31 Mem:41.94M (Peak 50.22M) | Time:00:00.02 | Mem:2.36M, Peak:2.36M | Scene, ViewLayer | Updating Scene BVH | Building
Fra:31 Mem:41.94M (Peak 50.22M) | Time:00:00.02 | Mem:2.36M, Peak:2.36M | Scene, ViewLayer | Updating Scene BVH | Building BVH
Fra:31 Mem:41.94M (Peak 50.22M) | Time:00:00.02 | Mem:6.18M, Peak:6.18M | Scene, ViewLayer | Updating Scene BVH | Building BVH 0%
Fra:31 Mem:41.94M (Peak 50.22M) | Time:00:00.04 | Mem:10.73M, Peak:14.55M | Scene, ViewLayer | Updating Scene BVH | Copying BVH to device
Fra:31 Mem:41.94M (Peak 50.22M) | Time:00:00.04 | Mem:10.73M, Peak:14.55M | Scene, ViewLayer | Updating Mesh | Computing normals
Fra:31 Mem:47.14M (Peak 50.22M) | Time:00:00.04 | Mem:10.73M, Peak:14.55M | Scene, ViewLayer | Updating Mesh | Copying Mesh to device
Fra:31 Mem:47.14M (Peak 50.22M) | Time:00:00.04 | Mem:15.93M, Peak:15.93M | Scene, ViewLayer | Updating Objects Flags
Fra:31 Mem:47.14M (Peak 50.22M) | Time:00:00.04 | Mem:15.93M, Peak:15.93M | Scene, ViewLayer | Updating Primitive Offsets
Fra:31 Mem:47.14M (Peak 50.22M) | Time:00:00.04 | Mem:15.93M, Peak:15.93M | Scene, ViewLayer | Updating Images
Fra:31 Mem:47.14M (Peak 50.22M) | Time:00:00.04 | Mem:15.93M, Peak:15.93M | Scene, ViewLayer | Updating Camera Volume
Fra:31 Mem:47.14M (Peak 50.22M) | Time:00:00.04 | Mem:15.93M, Peak:15.93M | Scene, ViewLayer | Updating Lookup Tables
Fra:31 Mem:47.14M (Peak 50.22M) | Time:00:00.04 | Mem:16.01M, Peak:16.01M | Scene, ViewLayer | Updating Lights
Fra:31 Mem:47.14M (Peak 50.22M) | Time:00:00.04 | Mem:16.01M, Peak:16.01M | Scene, ViewLayer | Updating Lights | Computing tree
Fra:31 Mem:47.14M (Peak 50.22M) | Time:00:00.04 | Mem:16.02M, Peak:16.02M | Scene, ViewLayer | Updating Integrator
Fra:31 Mem:47.14M (Peak 50.22M) | Time:00:00.04 | Mem:16.02M, Peak:16.02M | Scene, ViewLayer | Updating Film
Fra:31 Mem:47.15M (Peak 50.22M) | Time:00:00.04 | Mem:15.93M, Peak:16.02M | Scene, ViewLayer | Updating Lookup Tables
Fra:31 Mem:47.15M (Peak 50.22M) | Time:00:00.04 | Mem:16.02M, Peak:16.02M | Scene, ViewLayer | Updating Baking
Fra:31 Mem:47.15M (Peak 50.22M) | Time:00:00.04 | Mem:16.02M, Peak:16.02M | Scene, ViewLayer | Updating Device | Writing constant memory
Fra:31 Mem:47.15M (Peak 50.22M) | Time:00:00.04 | Mem:16.02M, Peak:16.02M | Scene, ViewLayer | Sample 0/16
Fra:31 Mem:94.62M (Peak 94.62M) | Time:00:00.38 | Remaining:00:05.16 | Mem:63.48M, Peak:63.48M | Scene, ViewLayer | Sample 1/16
Fra:31 Mem:115.72M (Peak 157.91M) | Time:00:04.62 | Mem:63.48M, Peak:63.48M | Scene, ViewLayer | Sample 16/16
Fra:31 Mem:115.72M (Peak 157.91M) | Time:00:04.62 | Mem:63.48M, Peak:63.48M | Scene, ViewLayer | Finished
Saved: '/workspace/image_to_usable_car_probe_20261007/artifacts/authored-inspection/intermediate_hero.png'
Time: 00:04.72 (Saving: 00:00.10)

Fra:31 Mem:30.66M (Peak 30.66M) | Time:00:00.00 | Mem:0.00M, Peak:0.00M | Scene, ViewLayer | Synchronizing object | Body_fixed_generated_surface
Fra:31 Mem:30.67M (Peak 30.67M) | Time:00:00.00 | Mem:0.00M, Peak:0.00M | Scene, ViewLayer | Synchronizing object | Cabin_added_seat_back_proxy
Fra:31 Mem:30.88M (Peak 30.88M) | Time:00:00.00 | Mem:0.00M, Peak:0.00M | Scene, ViewLayer | Synchronizing object | Cabin_added_seat_cushion_proxy
Fra:31 Mem:31.38M (Peak 31.38M) | Time:00:00.00 | Mem:0.00M, Peak:0.00M | Scene, ViewLayer | Synchronizing object | Cabin_added_inner_wall_proxy
Fra:31 Mem:31.38M (Peak 31.38M) | Time:00:00.00 | Mem:0.00M, Peak:0.00M | Scene, ViewLayer | Synchronizing object | Cabin_added_floor_proxy
Fra:31 Mem:31.48M (Peak 31.48M) | Time:00:00.00 | Mem:0.00M, Peak:0.00M | Scene, ViewLayer | Synchronizing object | Body_added_recessed_jamb
Fra:31 Mem:36.91M (Peak 36.91M) | Time:00:00.00 | Mem:0.00M, Peak:0.00M | Scene, ViewLayer | Synchronizing object | Door_generated_outer_surface
Fra:31 Mem:38.22M (Peak 50.22M) | Time:00:00.02 | Mem:0.00M, Peak:0.00M | Scene, ViewLayer | Initializing
Fra:31 Mem:37.59M (Peak 50.22M) | Time:00:00.02 | Mem:0.00M, Peak:0.00M | Scene, ViewLayer | Waiting for render to start
Fra:31 Mem:37.59M (Peak 50.22M) | Time:00:00.02 | Mem:0.00M, Peak:0.00M | Scene, ViewLayer | Loading render kernels (may take a few minutes the first time)
Fra:31 Mem:37.59M (Peak 50.22M) | Time:00:00.02 | Mem:0.00M, Peak:0.00M | Scene, ViewLayer | Updating Scene
Fra:31 Mem:37.59M (Peak 50.22M) | Time:00:00.02 | Mem:0.00M, Peak:0.00M | Scene, ViewLayer | Updating Shaders
Fra:31 Mem:37.68M (Peak 50.22M) | Time:00:00.02 | Mem:0.00M, Peak:0.00M | Scene, ViewLayer | Updating Procedurals
Fra:31 Mem:37.68M (Peak 50.22M) | Time:00:00.02 | Mem:0.00M, Peak:0.00M | Scene, ViewLayer | Updating Background
Fra:31 Mem:37.68M (Peak 50.22M) | Time:00:00.02 | Mem:0.00M, Peak:0.00M | Scene, ViewLayer | Updating Camera
Fra:31 Mem:37.68M (Peak 50.22M) | Time:00:00.02 | Mem:0.00M, Peak:0.00M | Scene, ViewLayer | Updating Meshes Flags
Fra:31 Mem:37.68M (Peak 50.22M) | Time:00:00.02 | Mem:0.00M, Peak:0.00M | Scene, ViewLayer | Updating Objects
Fra:31 Mem:37.68M (Peak 50.22M) | Time:00:00.02 | Mem:0.00M, Peak:0.00M | Scene, ViewLayer | Updating Objects | Copying Transformations to device
Fra:31 Mem:37.68M (Peak 50.22M) | Time:00:00.02 | Mem:0.01M, Peak:0.01M | Scene, ViewLayer | Updating Objects | Applying Static Transformations
Fra:31 Mem:37.68M (Peak 50.22M) | Time:00:00.02 | Mem:0.01M, Peak:0.01M | Scene, ViewLayer | Updating Particle Systems
Fra:31 Mem:37.68M (Peak 50.22M) | Time:00:00.02 | Mem:0.01M, Peak:0.01M | Scene, ViewLayer | Updating Particle Systems | Copying Particles to device
Fra:31 Mem:37.68M (Peak 50.22M) | Time:00:00.02 | Mem:0.01M, Peak:0.01M | Scene, ViewLayer | Updating Meshes
Fra:31 Mem:39.59M (Peak 50.22M) | Time:00:00.02 | Mem:0.01M, Peak:0.01M | Scene, ViewLayer | Updating Mesh | Computing attributes
Fra:31 Mem:41.94M (Peak 50.22M) | Time:00:00.02 | Mem:0.01M, Peak:0.01M | Scene, ViewLayer | Updating Mesh | Copying Attributes to device
Fra:31 Mem:41.94M (Peak 50.22M) | Time:00:00.02 | Mem:2.36M, Peak:2.36M | Scene, ViewLayer | Updating Scene BVH | Building
Fra:31 Mem:41.94M (Peak 50.22M) | Time:00:00.02 | Mem:2.36M, Peak:2.36M | Scene, ViewLayer | Updating Scene BVH | Building BVH
Fra:31 Mem:41.94M (Peak 50.22M) | Time:00:00.02 | Mem:6.18M, Peak:6.18M | Scene, ViewLayer | Updating Scene BVH | Building BVH 0%
Fra:31 Mem:41.94M (Peak 50.22M) | Time:00:00.04 | Mem:10.73M, Peak:14.55M | Scene, ViewLayer | Updating Scene BVH | Copying BVH to device
Fra:31 Mem:41.94M (Peak 50.22M) | Time:00:00.04 | Mem:10.73M, Peak:14.55M | Scene, ViewLayer | Updating Mesh | Computing normals
Fra:31 Mem:47.14M (Peak 50.22M) | Time:00:00.04 | Mem:10.73M, Peak:14.55M | Scene, ViewLayer | Updating Mesh | Copying Mesh to device
Fra:31 Mem:47.14M (Peak 50.22M) | Time:00:00.04 | Mem:15.93M, Peak:15.93M | Scene, ViewLayer | Updating Objects Flags
Fra:31 Mem:47.14M (Peak 50.22M) | Time:00:00.04 | Mem:15.93M, Peak:15.93M | Scene, ViewLayer | Updating Primitive Offsets
Fra:31 Mem:47.14M (Peak 50.22M) | Time:00:00.04 | Mem:15.93M, Peak:15.93M | Scene, ViewLayer | Updating Images
Fra:31 Mem:47.14M (Peak 50.22M) | Time:00:00.04 | Mem:15.93M, Peak:15.93M | Scene, ViewLayer | Updating Camera Volume
Fra:31 Mem:47.14M (Peak 50.22M) | Time:00:00.04 | Mem:15.93M, Peak:15.93M | Scene, ViewLayer | Updating Lookup Tables
Fra:31 Mem:47.14M (Peak 50.22M) | Time:00:00.04 | Mem:16.01M, Peak:16.01M | Scene, ViewLayer | Updating Lights
Fra:31 Mem:47.14M (Peak 50.22M) | Time:00:00.04 | Mem:16.01M, Peak:16.01M | Scene, ViewLayer | Updating Lights | Computing tree
Fra:31 Mem:47.14M (Peak 50.22M) | Time:00:00.04 | Mem:16.02M, Peak:16.02M | Scene, ViewLayer | Updating Integrator
Fra:31 Mem:47.14M (Peak 50.22M) | Time:00:00.04 | Mem:16.02M, Peak:16.02M | Scene, ViewLayer | Updating Film
Fra:31 Mem:47.15M (Peak 50.22M) | Time:00:00.04 | Mem:15.93M, Peak:16.02M | Scene, ViewLayer | Updating Lookup Tables
Fra:31 Mem:47.15M (Peak 50.22M) | Time:00:00.04 | Mem:16.02M, Peak:16.02M | Scene, ViewLayer | Updating Baking
Fra:31 Mem:47.15M (Peak 50.22M) | Time:00:00.04 | Mem:16.02M, Peak:16.02M | Scene, ViewLayer | Updating Device | Writing constant memory
Fra:31 Mem:47.15M (Peak 50.22M) | Time:00:00.04 | Mem:16.02M, Peak:16.02M | Scene, ViewLayer | Sample 0/16
Fra:31 Mem:94.62M (Peak 94.62M) | Time:00:00.35 | Remaining:00:04.68 | Mem:63.48M, Peak:63.48M | Scene, ViewLayer | Sample 1/16
Fra:31 Mem:115.72M (Peak 157.91M) | Time:00:04.08 | Mem:63.48M, Peak:63.48M | Scene, ViewLayer | Sample 16/16
Fra:31 Mem:115.72M (Peak 157.91M) | Time:00:04.08 | Mem:63.48M, Peak:63.48M | Scene, ViewLayer | Finished
Saved: '/workspace/image_to_usable_car_probe_20261007/artifacts/authored-inspection/intermediate_side.png'
Time: 00:04.19 (Saving: 00:00.10)

Fra:31 Mem:30.66M (Peak 30.66M) | Time:00:00.00 | Mem:0.00M, Peak:0.00M | Scene, ViewLayer | Synchronizing object | Body_fixed_generated_surface
Fra:31 Mem:30.82M (Peak 30.82M) | Time:00:00.00 | Mem:0.00M, Peak:0.00M | Scene, ViewLayer | Synchronizing object | Door_added_inner_lining
Fra:31 Mem:30.83M (Peak 30.83M) | Time:00:00.00 | Mem:0.00M, Peak:0.00M | Scene, ViewLayer | Synchronizing object | Cabin_added_seat_back_proxy
Fra:31 Mem:31.38M (Peak 31.38M) | Time:00:00.00 | Mem:0.00M, Peak:0.00M | Scene, ViewLayer | Synchronizing object | Cabin_added_seat_cushion_proxy
Fra:31 Mem:31.98M (Peak 31.98M) | Time:00:00.00 | Mem:0.00M, Peak:0.00M | Scene, ViewLayer | Synchronizing object | Cabin_added_inner_wall_proxy
Fra:31 Mem:32.01M (Peak 32.01M) | Time:00:00.00 | Mem:0.00M, Peak:0.00M | Scene, ViewLayer | Synchronizing object | Cabin_added_floor_proxy
Fra:31 Mem:32.12M (Peak 32.12M) | Time:00:00.00 | Mem:0.00M, Peak:0.00M | Scene, ViewLayer | Synchronizing object | Body_added_recessed_jamb
Fra:31 Mem:38.63M (Peak 38.70M) | Time:00:00.00 | Mem:0.00M, Peak:0.00M | Scene, ViewLayer | Synchronizing object | Door_generated_outer_surface
Fra:31 Mem:38.22M (Peak 50.22M) | Time:00:00.03 | Mem:0.00M, Peak:0.00M | Scene, ViewLayer | Initializing
Fra:31 Mem:37.59M (Peak 50.22M) | Time:00:00.03 | Mem:0.00M, Peak:0.00M | Scene, ViewLayer | Waiting for render to start
Fra:31 Mem:37.59M (Peak 50.22M) | Time:00:00.03 | Mem:0.00M, Peak:0.00M | Scene, ViewLayer | Loading render kernels (may take a few minutes the first time)
Fra:31 Mem:37.59M (Peak 50.22M) | Time:00:00.03 | Mem:0.00M, Peak:0.00M | Scene, ViewLayer | Updating Scene
Fra:31 Mem:37.59M (Peak 50.22M) | Time:00:00.03 | Mem:0.00M, Peak:0.00M | Scene, ViewLayer | Updating Shaders
Fra:31 Mem:37.68M (Peak 50.22M) | Time:00:00.03 | Mem:0.00M, Peak:0.00M | Scene, ViewLayer | Updating Procedurals
Fra:31 Mem:37.68M (Peak 50.22M) | Time:00:00.03 | Mem:0.00M, Peak:0.00M | Scene, ViewLayer | Updating Background
Fra:31 Mem:37.68M (Peak 50.22M) | Time:00:00.03 | Mem:0.00M, Peak:0.00M | Scene, ViewLayer | Updating Camera
Fra:31 Mem:37.68M (Peak 50.22M) | Time:00:00.03 | Mem:0.00M, Peak:0.00M | Scene, ViewLayer | Updating Meshes Flags
Fra:31 Mem:37.68M (Peak 50.22M) | Time:00:00.03 | Mem:0.00M, Peak:0.00M | Scene, ViewLayer | Updating Objects
Fra:31 Mem:37.68M (Peak 50.22M) | Time:00:00.03 | Mem:0.00M, Peak:0.00M | Scene, ViewLayer | Updating Objects | Copying Transformations to device
Fra:31 Mem:37.68M (Peak 50.22M) | Time:00:00.03 | Mem:0.01M, Peak:0.01M | Scene, ViewLayer | Updating Objects | Applying Static Transformations
Fra:31 Mem:37.68M (Peak 50.22M) | Time:00:00.03 | Mem:0.01M, Peak:0.01M | Scene, ViewLayer | Updating Particle Systems
Fra:31 Mem:37.68M (Peak 50.22M) | Time:00:00.03 | Mem:0.01M, Peak:0.01M | Scene, ViewLayer | Updating Particle Systems | Copying Particles to device
Fra:31 Mem:37.68M (Peak 50.22M) | Time:00:00.03 | Mem:0.01M, Peak:0.01M | Scene, ViewLayer | Updating Meshes
Fra:31 Mem:39.59M (Peak 50.22M) | Time:00:00.03 | Mem:0.01M, Peak:0.01M | Scene, ViewLayer | Updating Mesh | Computing attributes
Fra:31 Mem:41.94M (Peak 50.22M) | Time:00:00.03 | Mem:0.01M, Peak:0.01M | Scene, ViewLayer | Updating Mesh | Copying Attributes to device
Fra:31 Mem:41.94M (Peak 50.22M) | Time:00:00.03 | Mem:2.36M, Peak:2.36M | Scene, ViewLayer | Updating Scene BVH | Building
Fra:31 Mem:41.94M (Peak 50.22M) | Time:00:00.03 | Mem:2.36M, Peak:2.36M | Scene, ViewLayer | Updating Scene BVH | Building BVH
Fra:31 Mem:41.94M (Peak 50.22M) | Time:00:00.03 | Mem:6.18M, Peak:6.18M | Scene, ViewLayer | Updating Scene BVH | Building BVH 0%
Fra:31 Mem:41.94M (Peak 50.22M) | Time:00:00.05 | Mem:10.73M, Peak:14.55M | Scene, ViewLayer | Updating Scene BVH | Copying BVH to device
Fra:31 Mem:41.94M (Peak 50.22M) | Time:00:00.05 | Mem:10.73M, Peak:14.55M | Scene, ViewLayer | Updating Mesh | Computing normals
Fra:31 Mem:47.14M (Peak 50.22M) | Time:00:00.05 | Mem:10.73M, Peak:14.55M | Scene, ViewLayer | Updating Mesh | Copying Mesh to device
Fra:31 Mem:47.14M (Peak 50.22M) | Time:00:00.05 | Mem:15.93M, Peak:15.93M | Scene, ViewLayer | Updating Objects Flags
Fra:31 Mem:47.14M (Peak 50.22M) | Time:00:00.05 | Mem:15.93M, Peak:15.93M | Scene, ViewLayer | Updating Primitive Offsets
Fra:31 Mem:47.14M (Peak 50.22M) | Time:00:00.05 | Mem:15.93M, Peak:15.93M | Scene, ViewLayer | Updating Images
Fra:31 Mem:47.14M (Peak 50.22M) | Time:00:00.05 | Mem:15.93M, Peak:15.93M | Scene, ViewLayer | Updating Camera Volume
Fra:31 Mem:47.14M (Peak 50.22M) | Time:00:00.05 | Mem:15.93M, Peak:15.93M | Scene, ViewLayer | Updating Lookup Tables
Fra:31 Mem:47.14M (Peak 50.22M) | Time:00:00.05 | Mem:16.01M, Peak:16.01M | Scene, ViewLayer | Updating Lights
Fra:31 Mem:47.14M (Peak 50.22M) | Time:00:00.05 | Mem:16.01M, Peak:16.01M | Scene, ViewLayer | Updating Lights | Computing tree
Fra:31 Mem:47.14M (Peak 50.22M) | Time:00:00.05 | Mem:16.02M, Peak:16.02M | Scene, ViewLayer | Updating Integrator
Fra:31 Mem:47.14M (Peak 50.22M) | Time:00:00.05 | Mem:16.02M, Peak:16.02M | Scene, ViewLayer | Updating Film
Fra:31 Mem:47.15M (Peak 50.22M) | Time:00:00.05 | Mem:15.93M, Peak:16.02M | Scene, ViewLayer | Updating Lookup Tables
Fra:31 Mem:47.15M (Peak 50.22M) | Time:00:00.05 | Mem:16.02M, Peak:16.02M | Scene, ViewLayer | Updating Baking
Fra:31 Mem:47.15M (Peak 50.22M) | Time:00:00.05 | Mem:16.02M, Peak:16.02M | Scene, ViewLayer | Updating Device | Writing constant memory
Fra:31 Mem:47.15M (Peak 50.22M) | Time:00:00.05 | Mem:16.02M, Peak:16.02M | Scene, ViewLayer | Sample 0/16
Fra:31 Mem:94.62M (Peak 94.62M) | Time:00:00.81 | Remaining:00:11.33 | Mem:63.48M, Peak:63.48M | Scene, ViewLayer | Sample 1/16
Fra:31 Mem:115.72M (Peak 157.91M) | Time:00:09.69 | Mem:63.48M, Peak:63.48M | Scene, ViewLayer | Sample 16/16
Fra:31 Mem:115.72M (Peak 157.91M) | Time:00:09.69 | Mem:63.48M, Peak:63.48M | Scene, ViewLayer | Finished
Saved: '/workspace/image_to_usable_car_probe_20261007/artifacts/authored-inspection/intermediate_exposed.png'
Time: 00:09.81 (Saving: 00:00.11)

Fra:61 Mem:30.66M (Peak 30.66M) | Time:00:00.00 | Mem:0.00M, Peak:0.00M | Scene, ViewLayer | Synchronizing object | Body_fixed_generated_surface
Fra:61 Mem:30.67M (Peak 30.67M) | Time:00:00.00 | Mem:0.00M, Peak:0.00M | Scene, ViewLayer | Synchronizing object | Cabin_added_seat_back_proxy
Fra:61 Mem:30.86M (Peak 30.86M) | Time:00:00.00 | Mem:0.00M, Peak:0.00M | Scene, ViewLayer | Synchronizing object | Cabin_added_seat_cushion_proxy
Fra:61 Mem:30.99M (Peak 30.99M) | Time:00:00.00 | Mem:0.00M, Peak:0.00M | Scene, ViewLayer | Synchronizing object | Cabin_added_inner_wall_proxy
Fra:61 Mem:31.59M (Peak 31.59M) | Time:00:00.00 | Mem:0.00M, Peak:0.00M | Scene, ViewLayer | Synchronizing object | Cabin_added_floor_proxy
Fra:61 Mem:31.99M (Peak 31.99M) | Time:00:00.00 | Mem:0.00M, Peak:0.00M | Scene, ViewLayer | Synchronizing object | Body_added_recessed_jamb
Fra:61 Mem:38.27M (Peak 38.70M) | Time:00:00.00 | Mem:0.00M, Peak:0.00M | Scene, ViewLayer | Synchronizing object | Door_generated_outer_surface
Fra:61 Mem:38.22M (Peak 50.22M) | Time:00:00.02 | Mem:0.00M, Peak:0.00M | Scene, ViewLayer | Initializing
Fra:61 Mem:37.59M (Peak 50.22M) | Time:00:00.02 | Mem:0.00M, Peak:0.00M | Scene, ViewLayer | Waiting for render to start
Fra:61 Mem:37.59M (Peak 50.22M) | Time:00:00.02 | Mem:0.00M, Peak:0.00M | Scene, ViewLayer | Loading render kernels (may take a few minutes the first time)
Fra:61 Mem:37.59M (Peak 50.22M) | Time:00:00.02 | Mem:0.00M, Peak:0.00M | Scene, ViewLayer | Updating Scene
Fra:61 Mem:37.59M (Peak 50.22M) | Time:00:00.02 | Mem:0.00M, Peak:0.00M | Scene, ViewLayer | Updating Shaders
Fra:61 Mem:37.68M (Peak 50.22M) | Time:00:00.02 | Mem:0.00M, Peak:0.00M | Scene, ViewLayer | Updating Procedurals
Fra:61 Mem:37.68M (Peak 50.22M) | Time:00:00.02 | Mem:0.00M, Peak:0.00M | Scene, ViewLayer | Updating Background
Fra:61 Mem:37.68M (Peak 50.22M) | Time:00:00.02 | Mem:0.00M, Peak:0.00M | Scene, ViewLayer | Updating Camera
Fra:61 Mem:37.68M (Peak 50.22M) | Time:00:00.02 | Mem:0.00M, Peak:0.00M | Scene, ViewLayer | Updating Meshes Flags
Fra:61 Mem:37.68M (Peak 50.22M) | Time:00:00.02 | Mem:0.00M, Peak:0.00M | Scene, ViewLayer | Updating Objects
Fra:61 Mem:37.68M (Peak 50.22M) | Time:00:00.02 | Mem:0.00M, Peak:0.00M | Scene, ViewLayer | Updating Objects | Copying Transformations to device
Fra:61 Mem:37.68M (Peak 50.22M) | Time:00:00.02 | Mem:0.01M, Peak:0.01M | Scene, ViewLayer | Updating Objects | Applying Static Transformations
Fra:61 Mem:37.68M (Peak 50.22M) | Time:00:00.02 | Mem:0.01M, Peak:0.01M | Scene, ViewLayer | Updating Particle Systems
Fra:61 Mem:37.68M (Peak 50.22M) | Time:00:00.02 | Mem:0.01M, Peak:0.01M | Scene, ViewLayer | Updating Particle Systems | Copying Particles to device
Fra:61 Mem:37.68M (Peak 50.22M) | Time:00:00.02 | Mem:0.01M, Peak:0.01M | Scene, ViewLayer | Updating Meshes
Fra:61 Mem:39.59M (Peak 50.22M) | Time:00:00.02 | Mem:0.01M, Peak:0.01M | Scene, ViewLayer | Updating Mesh | Computing attributes
Fra:61 Mem:41.94M (Peak 50.22M) | Time:00:00.02 | Mem:0.01M, Peak:0.01M | Scene, ViewLayer | Updating Mesh | Copying Attributes to device
Fra:61 Mem:41.94M (Peak 50.22M) | Time:00:00.02 | Mem:2.36M, Peak:2.36M | Scene, ViewLayer | Updating Scene BVH | Building
Fra:61 Mem:41.94M (Peak 50.22M) | Time:00:00.02 | Mem:2.36M, Peak:2.36M | Scene, ViewLayer | Updating Scene BVH | Building BVH
Fra:61 Mem:41.94M (Peak 50.22M) | Time:00:00.02 | Mem:6.18M, Peak:6.18M | Scene, ViewLayer | Updating Scene BVH | Building BVH 0%
Fra:61 Mem:41.94M (Peak 50.22M) | Time:00:00.04 | Mem:10.73M, Peak:14.55M | Scene, ViewLayer | Updating Scene BVH | Copying BVH to device
Fra:61 Mem:41.94M (Peak 50.22M) | Time:00:00.04 | Mem:10.73M, Peak:14.55M | Scene, ViewLayer | Updating Mesh | Computing normals
Fra:61 Mem:47.14M (Peak 50.22M) | Time:00:00.04 | Mem:10.73M, Peak:14.55M | Scene, ViewLayer | Updating Mesh | Copying Mesh to device
Fra:61 Mem:47.14M (Peak 50.22M) | Time:00:00.04 | Mem:15.93M, Peak:15.93M | Scene, ViewLayer | Updating Objects Flags
Fra:61 Mem:47.14M (Peak 50.22M) | Time:00:00.04 | Mem:15.93M, Peak:15.93M | Scene, ViewLayer | Updating Primitive Offsets
Fra:61 Mem:47.14M (Peak 50.22M) | Time:00:00.04 | Mem:15.93M, Peak:15.93M | Scene, ViewLayer | Updating Images
Fra:61 Mem:47.14M (Peak 50.22M) | Time:00:00.04 | Mem:15.93M, Peak:15.93M | Scene, ViewLayer | Updating Camera Volume
Fra:61 Mem:47.14M (Peak 50.22M) | Time:00:00.04 | Mem:15.93M, Peak:15.93M | Scene, ViewLayer | Updating Lookup Tables
Fra:61 Mem:47.14M (Peak 50.22M) | Time:00:00.04 | Mem:16.01M, Peak:16.01M | Scene, ViewLayer | Updating Lights
Fra:61 Mem:47.14M (Peak 50.22M) | Time:00:00.04 | Mem:16.01M, Peak:16.01M | Scene, ViewLayer | Updating Lights | Computing tree
Fra:61 Mem:47.14M (Peak 50.22M) | Time:00:00.04 | Mem:16.02M, Peak:16.02M | Scene, ViewLayer | Updating Integrator
Fra:61 Mem:47.14M (Peak 50.22M) | Time:00:00.04 | Mem:16.02M, Peak:16.02M | Scene, ViewLayer | Updating Film
Fra:61 Mem:47.15M (Peak 50.22M) | Time:00:00.04 | Mem:15.93M, Peak:16.02M | Scene, ViewLayer | Updating Lookup Tables
Fra:61 Mem:47.15M (Peak 50.22M) | Time:00:00.04 | Mem:16.02M, Peak:16.02M | Scene, ViewLayer | Updating Baking
Fra:61 Mem:47.15M (Peak 50.22M) | Time:00:00.04 | Mem:16.02M, Peak:16.02M | Scene, ViewLayer | Updating Device | Writing constant memory
Fra:61 Mem:47.15M (Peak 50.22M) | Time:00:00.04 | Mem:16.02M, Peak:16.02M | Scene, ViewLayer | Sample 0/16
Fra:61 Mem:94.62M (Peak 94.62M) | Time:00:00.42 | Remaining:00:05.65 | Mem:63.48M, Peak:63.48M | Scene, ViewLayer | Sample 1/16
Fra:61 Mem:115.72M (Peak 157.91M) | Time:00:04.79 | Mem:63.48M, Peak:63.48M | Scene, ViewLayer | Sample 16/16
Fra:61 Mem:115.72M (Peak 157.91M) | Time:00:04.79 | Mem:63.48M, Peak:63.48M | Scene, ViewLayer | Finished
Saved: '/workspace/image_to_usable_car_probe_20261007/artifacts/authored-inspection/open_hero.png'
Time: 00:04.89 (Saving: 00:00.09)

Fra:61 Mem:30.66M (Peak 30.66M) | Time:00:00.00 | Mem:0.00M, Peak:0.00M | Scene, ViewLayer | Synchronizing object | Body_fixed_generated_surface
Fra:61 Mem:30.67M (Peak 30.67M) | Time:00:00.00 | Mem:0.00M, Peak:0.00M | Scene, ViewLayer | Synchronizing object | Cabin_added_seat_back_proxy
Fra:61 Mem:30.88M (Peak 30.88M) | Time:00:00.00 | Mem:0.00M, Peak:0.00M | Scene, ViewLayer | Synchronizing object | Door_added_inner_lining
Fra:61 Mem:30.91M (Peak 30.91M) | Time:00:00.00 | Mem:0.00M, Peak:0.00M | Scene, ViewLayer | Synchronizing object | Door_generated_outer_surface
Fra:61 Mem:30.99M (Peak 30.99M) | Time:00:00.00 | Mem:0.00M, Peak:0.00M | Scene, ViewLayer | Synchronizing object | Cabin_added_seat_cushion_proxy
Fra:61 Mem:31.87M (Peak 31.87M) | Time:00:00.00 | Mem:0.00M, Peak:0.00M | Scene, ViewLayer | Synchronizing object | Cabin_added_inner_wall_proxy
Fra:61 Mem:31.96M (Peak 31.96M) | Time:00:00.00 | Mem:0.00M, Peak:0.00M | Scene, ViewLayer | Synchronizing object | Cabin_added_floor_proxy
Fra:61 Mem:32.05M (Peak 32.05M) | Time:00:00.00 | Mem:0.00M, Peak:0.00M | Scene, ViewLayer | Synchronizing object | Body_added_recessed_jamb
Fra:61 Mem:38.22M (Peak 50.22M) | Time:00:00.02 | Mem:0.00M, Peak:0.00M | Scene, ViewLayer | Initializing
Fra:61 Mem:37.59M (Peak 50.22M) | Time:00:00.02 | Mem:0.00M, Peak:0.00M | Scene, ViewLayer | Waiting for render to start
Fra:61 Mem:37.59M (Peak 50.22M) | Time:00:00.02 | Mem:0.00M, Peak:0.00M | Scene, ViewLayer | Loading render kernels (may take a few minutes the first time)
Fra:61 Mem:37.59M (Peak 50.22M) | Time:00:00.02 | Mem:0.00M, Peak:0.00M | Scene, ViewLayer | Updating Scene
Fra:61 Mem:37.59M (Peak 50.22M) | Time:00:00.02 | Mem:0.00M, Peak:0.00M | Scene, ViewLayer | Updating Shaders
Fra:61 Mem:37.68M (Peak 50.22M) | Time:00:00.02 | Mem:0.00M, Peak:0.00M | Scene, ViewLayer | Updating Procedurals
Fra:61 Mem:37.68M (Peak 50.22M) | Time:00:00.02 | Mem:0.00M, Peak:0.00M | Scene, ViewLayer | Updating Background
Fra:61 Mem:37.68M (Peak 50.22M) | Time:00:00.02 | Mem:0.00M, Peak:0.00M | Scene, ViewLayer | Updating Camera
Fra:61 Mem:37.68M (Peak 50.22M) | Time:00:00.02 | Mem:0.00M, Peak:0.00M | Scene, ViewLayer | Updating Meshes Flags
Fra:61 Mem:37.68M (Peak 50.22M) | Time:00:00.02 | Mem:0.00M, Peak:0.00M | Scene, ViewLayer | Updating Objects
Fra:61 Mem:37.68M (Peak 50.22M) | Time:00:00.02 | Mem:0.00M, Peak:0.00M | Scene, ViewLayer | Updating Objects | Copying Transformations to device
Fra:61 Mem:37.68M (Peak 50.22M) | Time:00:00.02 | Mem:0.01M, Peak:0.01M | Scene, ViewLayer | Updating Objects | Applying Static Transformations
Fra:61 Mem:37.68M (Peak 50.22M) | Time:00:00.02 | Mem:0.01M, Peak:0.01M | Scene, ViewLayer | Updating Particle Systems
Fra:61 Mem:37.68M (Peak 50.22M) | Time:00:00.02 | Mem:0.01M, Peak:0.01M | Scene, ViewLayer | Updating Particle Systems | Copying Particles to device
Fra:61 Mem:37.68M (Peak 50.22M) | Time:00:00.02 | Mem:0.01M, Peak:0.01M | Scene, ViewLayer | Updating Meshes
Fra:61 Mem:39.59M (Peak 50.22M) | Time:00:00.02 | Mem:0.01M, Peak:0.01M | Scene, ViewLayer | Updating Mesh | Computing attributes
Fra:61 Mem:41.94M (Peak 50.22M) | Time:00:00.02 | Mem:0.01M, Peak:0.01M | Scene, ViewLayer | Updating Mesh | Copying Attributes to device
Fra:61 Mem:41.94M (Peak 50.22M) | Time:00:00.02 | Mem:2.36M, Peak:2.36M | Scene, ViewLayer | Updating Scene BVH | Building
Fra:61 Mem:41.94M (Peak 50.22M) | Time:00:00.02 | Mem:2.36M, Peak:2.36M | Scene, ViewLayer | Updating Scene BVH | Building BVH
Fra:61 Mem:41.94M (Peak 50.22M) | Time:00:00.02 | Mem:6.18M, Peak:6.18M | Scene, ViewLayer | Updating Scene BVH | Building BVH 0%
Fra:61 Mem:41.94M (Peak 50.22M) | Time:00:00.04 | Mem:10.73M, Peak:14.55M | Scene, ViewLayer | Updating Scene BVH | Copying BVH to device
Fra:61 Mem:41.94M (Peak 50.22M) | Time:00:00.04 | Mem:10.73M, Peak:14.55M | Scene, ViewLayer | Updating Mesh | Computing normals
Fra:61 Mem:47.14M (Peak 50.22M) | Time:00:00.04 | Mem:10.73M, Peak:14.55M | Scene, ViewLayer | Updating Mesh | Copying Mesh to device
Fra:61 Mem:47.14M (Peak 50.22M) | Time:00:00.04 | Mem:15.93M, Peak:15.93M | Scene, ViewLayer | Updating Objects Flags
Fra:61 Mem:47.14M (Peak 50.22M) | Time:00:00.04 | Mem:15.93M, Peak:15.93M | Scene, ViewLayer | Updating Primitive Offsets
Fra:61 Mem:47.14M (Peak 50.22M) | Time:00:00.04 | Mem:15.93M, Peak:15.93M | Scene, ViewLayer | Updating Images
Fra:61 Mem:47.14M (Peak 50.22M) | Time:00:00.04 | Mem:15.93M, Peak:15.93M | Scene, ViewLayer | Updating Camera Volume
Fra:61 Mem:47.14M (Peak 50.22M) | Time:00:00.04 | Mem:15.93M, Peak:15.93M | Scene, ViewLayer | Updating Lookup Tables
Fra:61 Mem:47.14M (Peak 50.22M) | Time:00:00.04 | Mem:16.01M, Peak:16.01M | Scene, ViewLayer | Updating Lights
Fra:61 Mem:47.14M (Peak 50.22M) | Time:00:00.04 | Mem:16.01M, Peak:16.01M | Scene, ViewLayer | Updating Lights | Computing tree
Fra:61 Mem:47.14M (Peak 50.22M) | Time:00:00.04 | Mem:16.02M, Peak:16.02M | Scene, ViewLayer | Updating Integrator
Fra:61 Mem:47.14M (Peak 50.22M) | Time:00:00.04 | Mem:16.02M, Peak:16.02M | Scene, ViewLayer | Updating Film
Fra:61 Mem:47.15M (Peak 50.22M) | Time:00:00.04 | Mem:15.93M, Peak:16.02M | Scene, ViewLayer | Updating Lookup Tables
Fra:61 Mem:47.15M (Peak 50.22M) | Time:00:00.04 | Mem:16.02M, Peak:16.02M | Scene, ViewLayer | Updating Baking
Fra:61 Mem:47.15M (Peak 50.22M) | Time:00:00.04 | Mem:16.02M, Peak:16.02M | Scene, ViewLayer | Updating Device | Writing constant memory
Fra:61 Mem:47.15M (Peak 50.22M) | Time:00:00.04 | Mem:16.02M, Peak:16.02M | Scene, ViewLayer | Sample 0/16
Fra:61 Mem:94.62M (Peak 94.62M) | Time:00:00.36 | Remaining:00:04.80 | Mem:63.48M, Peak:63.48M | Scene, ViewLayer | Sample 1/16
Fra:61 Mem:115.72M (Peak 157.91M) | Time:00:04.59 | Mem:63.48M, Peak:63.48M | Scene, ViewLayer | Sample 16/16
Fra:61 Mem:115.72M (Peak 157.91M) | Time:00:04.59 | Mem:63.48M, Peak:63.48M | Scene, ViewLayer | Finished
Saved: '/workspace/image_to_usable_car_probe_20261007/artifacts/authored-inspection/open_side.png'
Time: 00:04.71 (Saving: 00:00.11)

Fra:61 Mem:30.66M (Peak 30.66M) | Time:00:00.00 | Mem:0.00M, Peak:0.00M | Scene, ViewLayer | Synchronizing object | Body_fixed_generated_surface
Fra:61 Mem:30.67M (Peak 30.67M) | Time:00:00.00 | Mem:0.00M, Peak:0.00M | Scene, ViewLayer | Synchronizing object | Cabin_added_seat_back_proxy
Fra:61 Mem:30.91M (Peak 30.91M) | Time:00:00.00 | Mem:0.00M, Peak:0.00M | Scene, ViewLayer | Synchronizing object | Cabin_added_seat_cushion_proxy
Fra:61 Mem:30.91M (Peak 30.91M) | Time:00:00.00 | Mem:0.00M, Peak:0.00M | Scene, ViewLayer | Synchronizing object | Cabin_added_inner_wall_proxy
Fra:61 Mem:31.36M (Peak 31.36M) | Time:00:00.00 | Mem:0.00M, Peak:0.00M | Scene, ViewLayer | Synchronizing object | Cabin_added_floor_proxy
Fra:61 Mem:31.36M (Peak 31.36M) | Time:00:00.00 | Mem:0.00M, Peak:0.00M | Scene, ViewLayer | Synchronizing object | Body_added_recessed_jamb
Fra:61 Mem:36.82M (Peak 36.82M) | Time:00:00.00 | Mem:0.00M, Peak:0.00M | Scene, ViewLayer | Synchronizing object | Door_generated_outer_surface
Fra:61 Mem:38.22M (Peak 50.22M) | Time:00:00.02 | Mem:0.00M, Peak:0.00M | Scene, ViewLayer | Initializing
Fra:61 Mem:37.59M (Peak 50.22M) | Time:00:00.02 | Mem:0.00M, Peak:0.00M | Scene, ViewLayer | Waiting for render to start
Fra:61 Mem:37.59M (Peak 50.22M) | Time:00:00.02 | Mem:0.00M, Peak:0.00M | Scene, ViewLayer | Loading render kernels (may take a few minutes the first time)
Fra:61 Mem:37.59M (Peak 50.22M) | Time:00:00.02 | Mem:0.00M, Peak:0.00M | Scene, ViewLayer | Updating Scene
Fra:61 Mem:37.59M (Peak 50.22M) | Time:00:00.02 | Mem:0.00M, Peak:0.00M | Scene, ViewLayer | Updating Shaders
Fra:61 Mem:37.68M (Peak 50.22M) | Time:00:00.02 | Mem:0.00M, Peak:0.00M | Scene, ViewLayer | Updating Procedurals
Fra:61 Mem:37.68M (Peak 50.22M) | Time:00:00.02 | Mem:0.00M, Peak:0.00M | Scene, ViewLayer | Updating Background
Fra:61 Mem:37.68M (Peak 50.22M) | Time:00:00.02 | Mem:0.00M, Peak:0.00M | Scene, ViewLayer | Updating Camera
Fra:61 Mem:37.68M (Peak 50.22M) | Time:00:00.02 | Mem:0.00M, Peak:0.00M | Scene, ViewLayer | Updating Meshes Flags
Fra:61 Mem:37.68M (Peak 50.22M) | Time:00:00.02 | Mem:0.00M, Peak:0.00M | Scene, ViewLayer | Updating Objects
Fra:61 Mem:37.68M (Peak 50.22M) | Time:00:00.02 | Mem:0.00M, Peak:0.00M | Scene, ViewLayer | Updating Objects | Copying Transformations to device
Fra:61 Mem:37.68M (Peak 50.22M) | Time:00:00.02 | Mem:0.01M, Peak:0.01M | Scene, ViewLayer | Updating Objects | Applying Static Transformations
Fra:61 Mem:37.68M (Peak 50.22M) | Time:00:00.02 | Mem:0.01M, Peak:0.01M | Scene, ViewLayer | Updating Particle Systems
Fra:61 Mem:37.68M (Peak 50.22M) | Time:00:00.02 | Mem:0.01M, Peak:0.01M | Scene, ViewLayer | Updating Particle Systems | Copying Particles to device
Fra:61 Mem:37.68M (Peak 50.22M) | Time:00:00.02 | Mem:0.01M, Peak:0.01M | Scene, ViewLayer | Updating Meshes
Fra:61 Mem:39.59M (Peak 50.22M) | Time:00:00.03 | Mem:0.01M, Peak:0.01M | Scene, ViewLayer | Updating Mesh | Computing attributes
Fra:61 Mem:41.94M (Peak 50.22M) | Time:00:00.03 | Mem:0.01M, Peak:0.01M | Scene, ViewLayer | Updating Mesh | Copying Attributes to device
Fra:61 Mem:41.94M (Peak 50.22M) | Time:00:00.03 | Mem:2.36M, Peak:2.36M | Scene, ViewLayer | Updating Scene BVH | Building
Fra:61 Mem:41.94M (Peak 50.22M) | Time:00:00.03 | Mem:2.36M, Peak:2.36M | Scene, ViewLayer | Updating Scene BVH | Building BVH
Fra:61 Mem:41.94M (Peak 50.22M) | Time:00:00.03 | Mem:6.18M, Peak:6.18M | Scene, ViewLayer | Updating Scene BVH | Building BVH 0%
Fra:61 Mem:41.94M (Peak 50.22M) | Time:00:00.04 | Mem:10.73M, Peak:14.55M | Scene, ViewLayer | Updating Scene BVH | Copying BVH to device
Fra:61 Mem:41.94M (Peak 50.22M) | Time:00:00.04 | Mem:10.73M, Peak:14.55M | Scene, ViewLayer | Updating Mesh | Computing normals
Fra:61 Mem:47.14M (Peak 50.22M) | Time:00:00.04 | Mem:10.73M, Peak:14.55M | Scene, ViewLayer | Updating Mesh | Copying Mesh to device
Fra:61 Mem:47.14M (Peak 50.22M) | Time:00:00.04 | Mem:15.93M, Peak:15.93M | Scene, ViewLayer | Updating Objects Flags
Fra:61 Mem:47.14M (Peak 50.22M) | Time:00:00.04 | Mem:15.93M, Peak:15.93M | Scene, ViewLayer | Updating Primitive Offsets
Fra:61 Mem:47.14M (Peak 50.22M) | Time:00:00.04 | Mem:15.93M, Peak:15.93M | Scene, ViewLayer | Updating Images
Fra:61 Mem:47.14M (Peak 50.22M) | Time:00:00.04 | Mem:15.93M, Peak:15.93M | Scene, ViewLayer | Updating Camera Volume
Fra:61 Mem:47.14M (Peak 50.22M) | Time:00:00.04 | Mem:15.93M, Peak:15.93M | Scene, ViewLayer | Updating Lookup Tables
Fra:61 Mem:47.14M (Peak 50.22M) | Time:00:00.04 | Mem:16.01M, Peak:16.01M | Scene, ViewLayer | Updating Lights
Fra:61 Mem:47.14M (Peak 50.22M) | Time:00:00.04 | Mem:16.01M, Peak:16.01M | Scene, ViewLayer | Updating Lights | Computing tree
Fra:61 Mem:47.14M (Peak 50.22M) | Time:00:00.04 | Mem:16.02M, Peak:16.02M | Scene, ViewLayer | Updating Integrator
Fra:61 Mem:47.14M (Peak 50.22M) | Time:00:00.04 | Mem:16.02M, Peak:16.02M | Scene, ViewLayer | Updating Film
Fra:61 Mem:47.15M (Peak 50.22M) | Time:00:00.04 | Mem:15.93M, Peak:16.02M | Scene, ViewLayer | Updating Lookup Tables
Fra:61 Mem:47.15M (Peak 50.22M) | Time:00:00.04 | Mem:16.02M, Peak:16.02M | Scene, ViewLayer | Updating Baking
Fra:61 Mem:47.15M (Peak 50.22M) | Time:00:00.04 | Mem:16.02M, Peak:16.02M | Scene, ViewLayer | Updating Device | Writing constant memory
Fra:61 Mem:47.15M (Peak 50.22M) | Time:00:00.04 | Mem:16.02M, Peak:16.02M | Scene, ViewLayer | Sample 0/16
Fra:61 Mem:94.62M (Peak 94.62M) | Time:00:00.92 | Remaining:00:13.11 | Mem:63.48M, Peak:63.48M | Scene, ViewLayer | Sample 1/16
Fra:61 Mem:115.72M (Peak 157.91M) | Time:00:11.04 | Mem:63.48M, Peak:63.48M | Scene, ViewLayer | Sample 16/16
Fra:61 Mem:115.72M (Peak 157.91M) | Time:00:11.04 | Mem:63.48M, Peak:63.48M | Scene, ViewLayer | Finished
Saved: '/workspace/image_to_usable_car_probe_20261007/artifacts/authored-inspection/open_exposed.png'
Time: 00:11.15 (Saving: 00:00.11)

Info: Saved "reopened.blend"
{
  "input_sha256": "a94dd03d1c425832c2879c242ac7dd1f571c05c308ea27fceccbfe30285853a6",
  "blender": "4.3.2",
  "fps": 30,
  "moving_meshes": [
    "Door_added_edge_thickness",
    "Door_added_inner_lining",
    "Door_generated_outer_surface"
  ],
  "fixed_meshes": [
    "Body_fixed_generated_surface",
    "Body_added_recessed_jamb",
    "Cabin_added_floor_proxy",
    "Cabin_added_inner_wall_proxy",
    "Cabin_added_seat_cushion_proxy",
    "Cabin_added_seat_back_proxy"
  ],
  "poses": [
    {
      "name": "closed",
      "frame": 1,
      "expected_angle": 0,
      "actual_angle": 0.0,
      "fixed_transform_max_delta": 0.0
    },
    {
      "name": "intermediate",
      "frame": 31,
      "expected_angle": 30,
      "actual_angle": 30.000007665015225,
      "fixed_transform_max_delta": 0.0
    },
    {
      "name": "open",
      "frame": 61,
      "expected_angle": 60,
      "actual_angle": 60.000001669652114,
      "fixed_transform_max_delta": 0.0
    }
  ],
  "return_to_closed_max_matrix_delta": 0.0,
  "status": "passed",
  "scope": "Saved-animation angle, static body, reversible pose and render checks; not collision certification or appearance acceptance."
}

Blender quit
