Traceback (most recent call last):
  File "/workspace/research_decision_20261008/root_analysis/browser/verify_exports.py", line 21, in <module>
    page.goto('http://127.0.0.1:8788/root_analysis/browser/',wait_until='networkidle');page.wait_for_function('window.testAPI?.ready')
                                                                                       ^^^^^^^^^^^^^^^^^^^^^^^^^^^^^^^^^^^^^^^^^^^^^^^
  File "/workspace/generated3d_authoring_clean_20261006/environment/venv/lib/python3.12/site-packages/playwright/sync_api/_generated.py", line 11559, in wait_for_function
    self._sync(
  File "/workspace/generated3d_authoring_clean_20261006/environment/venv/lib/python3.12/site-packages/playwright/_impl/_sync_base.py", line 115, in _sync
    return task.result()
           ^^^^^^^^^^^^^
  File "/workspace/generated3d_authoring_clean_20261006/environment/venv/lib/python3.12/site-packages/playwright/_impl/_page.py", line 1112, in wait_for_function
    return await self._main_frame.wait_for_function(**locals_to_params(locals()))
           ^^^^^^^^^^^^^^^^^^^^^^^^^^^^^^^^^^^^^^^^^^^^^^^^^^^^^^^^^^^^^^^^^^^^^^
  File "/workspace/generated3d_authoring_clean_20261006/environment/venv/lib/python3.12/site-packages/playwright/_impl/_frame.py", line 860, in wait_for_function
    await self._channel.send("waitForFunction", self._timeout, params)
  File "/workspace/generated3d_authoring_clean_20261006/environment/venv/lib/python3.12/site-packages/playwright/_impl/_connection.py", line 69, in send
    return await self._connection.wrap_api_call(
           ^^^^^^^^^^^^^^^^^^^^^^^^^^^^^^^^^^^^^
  File "/workspace/generated3d_authoring_clean_20261006/environment/venv/lib/python3.12/site-packages/playwright/_impl/_connection.py", line 559, in wrap_api_call
    raise rewrite_error(error, f"{parsed_st['apiName']}: {error}") from None
playwright._impl._errors.TimeoutError: Page.wait_for_function: Timeout 30000ms exceeded.
